Archive member included because of file (symbol)

/home/berkeley/nacl_sdk/pepper_42/lib/newlib_x86_64/Release/libppapi_cpp.a(instance_x86_64.o)
                              newlib/Release/popcnt_x86_64.o (_ZN2pp8InstanceC2Ei)
/home/berkeley/nacl_sdk/pepper_42/lib/newlib_x86_64/Release/libppapi_cpp.a(module_x86_64.o)
                              newlib/Release/popcnt_x86_64.o (_ZN2pp6ModuleC2Ev)
/home/berkeley/nacl_sdk/pepper_42/lib/newlib_x86_64/Release/libppapi_cpp.a(ppp_entrypoints_x86_64.o)
                              /home/berkeley/nacl_sdk/pepper_42/lib/newlib_x86_64/Release/libppapi_cpp.a(instance_x86_64.o) (_ZN2pp6Module3GetEv)
/home/berkeley/nacl_sdk/pepper_42/lib/newlib_x86_64/Release/libppapi_cpp.a(resource_x86_64.o)
                              /home/berkeley/nacl_sdk/pepper_42/lib/newlib_x86_64/Release/libppapi_cpp.a(module_x86_64.o) (_ZN2pp8ResourceD2Ev)
/home/berkeley/nacl_sdk/pepper_42/lib/newlib_x86_64/Release/libppapi_cpp.a(url_loader_x86_64.o)
                              /home/berkeley/nacl_sdk/pepper_42/lib/newlib_x86_64/Release/libppapi_cpp.a(module_x86_64.o) (_ZN2pp9URLLoaderC1Ei)
/home/berkeley/nacl_sdk/pepper_42/lib/newlib_x86_64/Release/libppapi_cpp.a(url_response_info_x86_64.o)
                              /home/berkeley/nacl_sdk/pepper_42/lib/newlib_x86_64/Release/libppapi_cpp.a(url_loader_x86_64.o) (_ZN2pp15URLResponseInfoC1ENS_7PassRefEi)
/home/berkeley/nacl_sdk/pepper_42/lib/newlib_x86_64/Release/libppapi_cpp.a(var_x86_64.o)
                              /home/berkeley/nacl_sdk/pepper_42/lib/newlib_x86_64/Release/libppapi_cpp.a(module_x86_64.o) (_ZTVN2pp3VarE)
/home/berkeley/nacl_sdk/pepper_42/lib/newlib_x86_64/Release/libppapi_cpp.a(view_x86_64.o)
                              /home/berkeley/nacl_sdk/pepper_42/lib/newlib_x86_64/Release/libppapi_cpp.a(module_x86_64.o) (_ZN2pp4ViewC1Ei)
/home/berkeley/nacl_sdk/pepper_42/lib/newlib_x86_64/Release/libppapi_cpp.a(core_x86_64.o)
                              /home/berkeley/nacl_sdk/pepper_42/lib/newlib_x86_64/Release/libppapi_cpp.a(url_loader_x86_64.o) (_ZN2pp4Core16CallOnMainThreadEiRKNS_18CompletionCallbackEi)
/home/berkeley/nacl_sdk/pepper_42/lib/newlib_x86_64/Release/libppapi_cpp.a(file_ref_x86_64.o)
                              /home/berkeley/nacl_sdk/pepper_42/lib/newlib_x86_64/Release/libppapi_cpp.a(url_response_info_x86_64.o) (_ZN2pp7FileRefC1ENS_7PassRefEi)
/home/berkeley/nacl_sdk/pepper_42/lib/newlib_x86_64/Release/libppapi_cpp.a(input_event_x86_64.o)
                              /home/berkeley/nacl_sdk/pepper_42/lib/newlib_x86_64/Release/libppapi_cpp.a(module_x86_64.o) (_ZN2pp10InputEventD1Ev)
/home/berkeley/nacl_sdk/pepper_42/toolchain/linux_x86_newlib/bin/../lib/gcc/x86_64-nacl/4.4.3/../../../../x86_64-nacl/lib/../lib64/libppapi_stub.a(plugin_main_irt_21ce9d26.o)
                              (main)
/home/berkeley/nacl_sdk/pepper_42/toolchain/linux_x86_newlib/bin/../lib/gcc/x86_64-nacl/4.4.3/../../../../x86_64-nacl/lib/../lib64/libppapi_stub.a(ppapi_plugin_main_399d0cf7.o)
                              /home/berkeley/nacl_sdk/pepper_42/toolchain/linux_x86_newlib/bin/../lib/gcc/x86_64-nacl/4.4.3/../../../../x86_64-nacl/lib/../lib64/libppapi_stub.a(plugin_main_irt_21ce9d26.o) (PpapiPluginMain)
/home/berkeley/nacl_sdk/pepper_42/toolchain/linux_x86_newlib/bin/../lib/gcc/x86_64-nacl/4.4.3/../../../../x86_64-nacl/lib/../lib64/libppapi_stub.a(ppapi_plugin_start_8da67623.o)
                              /home/berkeley/nacl_sdk/pepper_42/toolchain/linux_x86_newlib/bin/../lib/gcc/x86_64-nacl/4.4.3/../../../../x86_64-nacl/lib/../lib64/libppapi_stub.a(ppapi_plugin_main_399d0cf7.o) (PpapiPluginStart)
/home/berkeley/nacl_sdk/pepper_42/toolchain/linux_x86_newlib/bin/../lib/gcc/x86_64-nacl/4.4.3/../../../../x86_64-nacl/lib/../lib64/libppapi_stub.a(thread_creator_ccf263e1.o)
                              /home/berkeley/nacl_sdk/pepper_42/toolchain/linux_x86_newlib/bin/../lib/gcc/x86_64-nacl/4.4.3/../../../../x86_64-nacl/lib/../lib64/libppapi_stub.a(ppapi_plugin_start_8da67623.o) (__nacl_register_thread_creator)
/home/berkeley/nacl_sdk/pepper_42/toolchain/linux_x86_newlib/bin/../lib/gcc/x86_64-nacl/4.4.3/../../../../x86_64-nacl/lib/../lib64/libpthread.a(nc_thread_7e478b15.o)
                              /home/berkeley/nacl_sdk/pepper_42/toolchain/linux_x86_newlib/bin/../lib/gcc/x86_64-nacl/4.4.3/../../../../x86_64-nacl/lib/../lib64/libppapi_stub.a(thread_creator_ccf263e1.o) (pthread_join)
/home/berkeley/nacl_sdk/pepper_42/toolchain/linux_x86_newlib/bin/../lib/gcc/x86_64-nacl/4.4.3/../../../../x86_64-nacl/lib/../lib64/libpthread.a(nc_condvar_305aa45a.o)
                              /home/berkeley/nacl_sdk/pepper_42/toolchain/linux_x86_newlib/bin/../lib/gcc/x86_64-nacl/4.4.3/../../../../x86_64-nacl/lib/../lib64/libpthread.a(nc_thread_7e478b15.o) (pthread_cond_init)
[...]
Memory Configuration

Name             Origin             Length             Attributes
*default*        0x0000000000000000 0xffffffffffffffff

Linker script and memory map

LOAD /home/berkeley/nacl_sdk/pepper_42/toolchain/linux_x86_newlib/bin/../lib/gcc/x86_64-nacl/4.4.3/../../../../x86_64-nacl/lib/../lib64/crt1.o
LOAD /home/berkeley/nacl_sdk/pepper_42/toolchain/linux_x86_newlib/bin/../lib/gcc/x86_64-nacl/4.4.3/../../../../x86_64-nacl/lib/../lib64/crti.o
LOAD /home/berkeley/nacl_sdk/pepper_42/toolchain/linux_x86_newlib/bin/../lib/gcc/x86_64-nacl/4.4.3/crtbegin.o
LOAD newlib/Release/popcnt_x86_64.o
LOAD /home/berkeley/nacl_sdk/pepper_42/lib/newlib_x86_64/Release/libppapi_cpp.a
LOAD /home/berkeley/nacl_sdk/pepper_42/toolchain/linux_x86_newlib/bin/../lib/gcc/x86_64-nacl/4.4.3/../../../../x86_64-nacl/lib/../lib64/libppapi.a
LOAD /home/berkeley/nacl_sdk/pepper_42/toolchain/linux_x86_newlib/bin/../lib/gcc/x86_64-nacl/4.4.3/../../../../x86_64-nacl/lib/../lib64/libppapi_stub.a
LOAD /home/berkeley/nacl_sdk/pepper_42/toolchain/linux_x86_newlib/bin/../lib/gcc/x86_64-nacl/4.4.3/../../../../x86_64-nacl/lib/../lib64/libpthread.a
LOAD /home/berkeley/nacl_sdk/pepper_42/toolchain/linux_x86_newlib/bin/../lib/gcc/x86_64-nacl/4.4.3/../../../../x86_64-nacl/lib/../lib64/libstdc++.a
LOAD /home/berkeley/nacl_sdk/pepper_42/toolchain/linux_x86_newlib/bin/../lib/gcc/x86_64-nacl/4.4.3/../../../../x86_64-nacl/lib/../lib64/libm.a
LOAD /home/berkeley/nacl_sdk/pepper_42/toolchain/linux_x86_newlib/bin/../lib/gcc/x86_64-nacl/4.4.3/libgcc.a
LOAD /home/berkeley/nacl_sdk/pepper_42/toolchain/linux_x86_newlib/bin/../lib/gcc/x86_64-nacl/4.4.3/../../../../x86_64-nacl/lib/../lib64/libpthread.a
LOAD /home/berkeley/nacl_sdk/pepper_42/toolchain/linux_x86_newlib/bin/../lib/gcc/x86_64-nacl/4.4.3/../../../../x86_64-nacl/lib/../lib64/libc.a
START GROUP
LOAD /home/berkeley/nacl_sdk/pepper_42/toolchain/linux_x86_newlib/bin/../lib/gcc/x86_64-nacl/4.4.3/../../../../x86_64-nacl/lib/../lib64/libnacl.a
LOAD /home/berkeley/nacl_sdk/pepper_42/toolchain/linux_x86_newlib/bin/../lib/gcc/x86_64-nacl/4.4.3/../../../../x86_64-nacl/lib/../lib64/libcrt_common.a
END GROUP
LOAD /home/berkeley/nacl_sdk/pepper_42/toolchain/linux_x86_newlib/bin/../lib/gcc/x86_64-nacl/4.4.3/libgcc.a
LOAD /home/berkeley/nacl_sdk/pepper_42/toolchain/linux_x86_newlib/bin/../lib/gcc/x86_64-nacl/4.4.3/crtend.o
LOAD /home/berkeley/nacl_sdk/pepper_42/toolchain/linux_x86_newlib/bin/../lib/gcc/x86_64-nacl/4.4.3/../../../../x86_64-nacl/lib/../lib64/crtn.o
                0x0000000000020000                PROVIDE (__executable_start, 0x20000)
                0x0000000000020000                . = 0x20000

.init           0x0000000000020000       0x80
 *(SORT(.init))
 .init          0x0000000000020000       0x20 /home/berkeley/nacl_sdk/pepper_42/toolchain/linux_x86_newlib/bin/../lib/gcc/x86_64-nacl/4.4.3/../../../../x86_64-nacl/lib/../lib64/crti.o
                0x0000000000020000                _init
 .init          0x0000000000020020       0x20 /home/berkeley/nacl_sdk/pepper_42/toolchain/linux_x86_newlib/bin/../lib/gcc/x86_64-nacl/4.4.3/crtbegin.o
 .init          0x0000000000020040       0x20 /home/berkeley/nacl_sdk/pepper_42/toolchain/linux_x86_newlib/bin/../lib/gcc/x86_64-nacl/4.4.3/crtend.o
 .init          0x0000000000020060       0x20 /home/berkeley/nacl_sdk/pepper_42/toolchain/linux_x86_newlib/bin/../lib/gcc/x86_64-nacl/4.4.3/../../../../x86_64-nacl/lib/../lib64/crtn.o

.plt            0x0000000000020080        0x0
 *(.plt)
 *(.iplt)
 .iplt          0x0000000000000000        0x0 /home/berkeley/nacl_sdk/pepper_42/toolchain/linux_x86_newlib/bin/../lib/gcc/x86_64-nacl/4.4.3/crtbegin.o

.text           0x0000000000020080    0x68580
 *(.text.unlikely .text.*_unlikely .text.unlikely.*)
 *(.text.exit .text.exit.*)
 *(.text.startup .text.startup.*)
 *(.text.hot .text.hot.*)
 *(.text .stub .text.* .gnu.linkonce.t.*)
 .text          0x0000000000020080        0x0 /home/berkeley/nacl_sdk/pepper_42/toolchain/linux_x86_newlib/bin/../lib/gcc/x86_64-nacl/4.4.3/../../../../x86_64-nacl/lib/../lib64/crti.o
 .text          0x0000000000020080      0x160 /home/berkeley/nacl_sdk/pepper_42/toolchain/linux_x86_newlib/bin/../lib/gcc/x86_64-nacl/4.4.3/crtbegin.o
 .text          0x00000000000201e0      0x100 newlib/Release/popcnt_x86_64.o
                0x00000000000201e0                _Z7computej
                0x0000000000020240                _ZN2pp12CreateModuleEv
 .text._ZN19HelloTutorialModule14CreateInstanceEi
                0x00000000000202e0       0xc0 newlib/Release/popcnt_x86_64.o
                0x00000000000202e0                _ZN19HelloTutorialModule14CreateInstanceEi
 .text._ZN21HelloTutorialInstance13HandleMessageERKN2pp3VarE
                0x00000000000203a0      0x1e0 newlib/Release/popcnt_x86_64.o
                0x00000000000203a0                _ZN21HelloTutorialInstance13HandleMessageERKN2pp3VarE
 .text._ZN21HelloTutorialInstanceD0Ev
                0x0000000000020580       0x40 newlib/Release/popcnt_x86_64.o
                0x0000000000020580                _ZN21HelloTutorialInstanceD0Ev
 .text._ZN21HelloTutorialInstanceD1Ev
                0x00000000000205c0       0x20 newlib/Release/popcnt_x86_64.o
                0x00000000000205c0                _ZN21HelloTutorialInstanceD1Ev
 .text._ZN19HelloTutorialModuleD0Ev
                0x00000000000205e0       0x40 newlib/Release/popcnt_x86_64.o
                0x00000000000205e0                _ZN19HelloTutorialModuleD0Ev
 .text._ZN19HelloTutorialModuleD1Ev
                0x0000000000020620       0x20 newlib/Release/popcnt_x86_64.o
                0x0000000000020620                _ZN19HelloTutorialModuleD1Ev
 .text          0x0000000000020640     0x3140 /home/berkeley/nacl_sdk/pepper_42/lib/newlib_x86_64/Release/libppapi_cpp.a(instance_x86_64.o)
                0x0000000000020660                _ZN2pp8InstanceC2Ei
                0x00000000000206e0                _ZN2pp8InstanceC1Ei
                0x0000000000020760                _ZN2pp8Instance4InitEjPPKcS3_
                0x0000000000020780                _ZN2pp8Instance13DidChangeViewERKNS_4RectES3_
                0x00000000000207a0                _ZN2pp8Instance14DidChangeFocusEb
                0x00000000000207c0                _ZN2pp8Instance18HandleDocumentLoadERKNS_9URLLoaderE
                0x00000000000207e0                _ZN2pp8Instance16HandleInputEventERKNS_10InputEventE
                0x0000000000020800                _ZN2pp8Instance13HandleMessageERKNS_3VarE
                0x0000000000020b40                _ZN2pp8Instance13DidChangeViewERKNS_4ViewE
                0x0000000000020c60                _ZN2pp8InstanceD0Ev
                0x0000000000020cc0                _ZN2pp8InstanceD1Ev
                0x0000000000020d40                _ZN2pp8InstanceD2Ev
                0x0000000000020dc0                _ZN2pp8Instance20GetPerInstanceObjectEiRKSs
                0x0000000000020fe0                _ZN2pp8Instance23RemovePerInstanceObjectERKSsPv
                0x0000000000021220                _ZN2pp8Instance23RemovePerInstanceObjectERKNS_14InstanceHandleERKSsPv
                0x00000000000212e0                _ZN2pp8Instance12LogToConsoleE11PP_LogLevelRKNS_3VarE
                0x00000000000215c0                _ZN2pp8Instance22LogToConsoleWithSourceE11PP_LogLevelRKNS_3VarES4_
                0x00000000000218c0                _ZN2pp8Instance20AddPerInstanceObjectERKSsPv
                0x0000000000021b80                _ZN2pp8Instance18RequestInputEventsEj
                0x0000000000021e00                _ZN2pp8Instance22RegisterMessageHandlerEPNS_14MessageHandlerERKNS_11MessageLoopE
                0x00000000000220c0                _ZN2pp8Instance22ClearInputEventRequestEj
                0x0000000000022340                _ZN2pp8Instance27RequestFilteringInputEventsEj
                0x00000000000225c0                _ZN2pp8Instance24UnregisterMessageHandlerEv
                0x0000000000022820                _ZN2pp8Instance12BindGraphicsERKNS_10Graphics2DE
                0x0000000000022ac0                _ZN2pp8Instance11IsFullFrameEv
                0x0000000000022d60                _ZN2pp8Instance12BindGraphicsERKNS_10CompositorE
                0x0000000000023000                _ZN2pp8Instance12BindGraphicsERKNS_10Graphics3DE
                0x00000000000232a0                _ZN2pp8Instance11PostMessageERKNS_3VarE
 .text._ZNSt8_Rb_treeISsSt4pairIKSsPvESt10_Select1stIS3_ESt4lessISsESaIS3_EE8_M_eraseEPSt13_Rb_tree_nodeIS3_E
                0x0000000000023780      0x120 /home/berkeley/nacl_sdk/pepper_42/lib/newlib_x86_64/Release/libppapi_cpp.a(instance_x86_64.o)
                0x0000000000023780                _ZNSt8_Rb_treeISsSt4pairIKSsPvESt10_Select1stIS3_ESt4lessISsESaIS3_EE8_M_eraseEPSt13_Rb_tree_nodeIS3_E
 .text._ZNSt8_Rb_treeISsSt4pairIKSsPvESt10_Select1stIS3_ESt4lessISsESaIS3_EE10_M_insert_EPKSt18_Rb_tree_node_baseSC_RKS3_
                0x00000000000238a0      0x240 /home/berkeley/nacl_sdk/pepper_42/lib/newlib_x86_64/Release/libppapi_cpp.a(instance_x86_64.o)
                0x00000000000238a0                _ZNSt8_Rb_treeISsSt4pairIKSsPvESt10_Select1stIS3_ESt4lessISsESaIS3_EE10_M_insert_EPKSt18_Rb_tree_node_baseSC_RKS3_
 .text._ZNSt8_Rb_treeISsSt4pairIKSsPvESt10_Select1stIS3_ESt4lessISsESaIS3_EE16_M_insert_uniqueERKS3_
                0x0000000000023ae0      0x240 /home/berkeley/nacl_sdk/pepper_42/lib/newlib_x86_64/Release/libppapi_cpp.a(instance_x86_64.o)
                0x0000000000023ae0                _ZNSt8_Rb_treeISsSt4pairIKSsPvESt10_Select1stIS3_ESt4lessISsESaIS3_EE16_M_insert_uniqueERKS3_
 .text._ZNSt8_Rb_treeISsSt4pairIKSsPvESt10_Select1stIS3_ESt4lessISsESaIS3_EE17_M_insert_unique_ESt23_Rb_tree_const_iteratorIS3_ERKS3_
                0x0000000000023d20      0x400 /home/berkeley/nacl_sdk/pepper_42/lib/newlib_x86_64/Release/libppapi_cpp.a(instance_x86_64.o)
                0x0000000000023d20                _ZNSt8_Rb_treeISsSt4pairIKSsPvESt10_Select1stIS3_ESt4lessISsESaIS3_EE17_M_insert_unique_ESt23_Rb_tree_const_iteratorIS3_ERKS3_
 .text          0x0000000000024120     0x18a0 /home/berkeley/nacl_sdk/pepper_42/lib/newlib_x86_64/Release/libppapi_cpp.a(module_x86_64.o)
                0x0000000000024120                _ZN2pp6ModuleC2Ev
                0x0000000000024200                _ZN2pp6ModuleC1Ev
                0x00000000000242e0                _ZN2pp6Module4InitEv
                0x0000000000024300                _ZN2pp6Module19GetBrowserInterfaceEPKc
                0x0000000000024320                _ZN2pp6Module21InstanceForPPInstanceEi
                0x0000000000024400                _ZN2pp6Module12InternalInitEiPFPKvPKcE
                0x00000000000244c0                _ZN2pp23Instance_DidChangeFocusEi7PP_Bool
                0x0000000000024600                _ZN2pp18Instance_DidCreateEijPPKcS2_
                0x0000000000024800                _ZN2pp23Messaging_HandleMessageEi6PP_Var
                0x00000000000249a0                _ZN2pp19Instance_DidDestroyEi
                0x0000000000024b00                _ZN2pp22InputEvent_HandleEventEii
                0x0000000000024cc0                _ZN2pp27Instance_HandleDocumentLoadEii
                0x0000000000024e80                _ZN2pp22Instance_DidChangeViewEii
                0x0000000000025020                _ZN2pp6ModuleD2Ev
                0x0000000000025140                _ZN2pp6Module18GetPluginInterfaceEPKc
                0x00000000000254a0                _ZN2pp6Module18AddPluginInterfaceERKSsPKv
                0x0000000000025780                _ZN2pp6ModuleD1Ev
                0x00000000000258a0                _ZN2pp6ModuleD0Ev
 .text._ZNSt8_Rb_treeIiSt4pairIKiPN2pp8InstanceEESt10_Select1stIS5_ESt4lessIiESaIS5_EE8_M_eraseEPSt13_Rb_tree_nodeIS5_E
                0x00000000000259c0       0xa0 /home/berkeley/nacl_sdk/pepper_42/lib/newlib_x86_64/Release/libppapi_cpp.a(module_x86_64.o)
                0x00000000000259c0                _ZNSt8_Rb_treeIiSt4pairIKiPN2pp8InstanceEESt10_Select1stIS5_ESt4lessIiESaIS5_EE8_M_eraseEPSt13_Rb_tree_nodeIS5_E
 .text._ZNSt8_Rb_treeIiSt4pairIKiPN2pp8InstanceEESt10_Select1stIS5_ESt4lessIiESaIS5_EE10_M_insert_EPKSt18_Rb_tree_node_baseSE_RKS5_
                0x0000000000025a60      0x140 /home/berkeley/nacl_sdk/pepper_42/lib/newlib_x86_64/Release/libppapi_cpp.a(module_x86_64.o)
                0x0000000000025a60                _ZNSt8_Rb_treeIiSt4pairIKiPN2pp8InstanceEESt10_Select1stIS5_ESt4lessIiESaIS5_EE10_M_insert_EPKSt18_Rb_tree_node_baseSE_RKS5_
 .text._ZNSt8_Rb_treeIiSt4pairIKiPN2pp8InstanceEESt10_Select1stIS5_ESt4lessIiESaIS5_EE16_M_insert_uniqueERKS5_
                0x0000000000025ba0      0x180 /home/berkeley/nacl_sdk/pepper_42/lib/newlib_x86_64/Release/libppapi_cpp.a(module_x86_64.o)
                0x0000000000025ba0                _ZNSt8_Rb_treeIiSt4pairIKiPN2pp8InstanceEESt10_Select1stIS5_ESt4lessIiESaIS5_EE16_M_insert_uniqueERKS5_
 .text._ZNSt8_Rb_treeIiSt4pairIKiPN2pp8InstanceEESt10_Select1stIS5_ESt4lessIiESaIS5_EE17_M_insert_unique_ESt23_Rb_tree_const_iteratorIS5_ERKS5_
                0x0000000000025d20      0x2a0 /home/berkeley/nacl_sdk/pepper_42/lib/newlib_x86_64/Release/libppapi_cpp.a(module_x86_64.o)
                0x0000000000025d20                _ZNSt8_Rb_treeIiSt4pairIKiPN2pp8InstanceEESt10_Select1stIS5_ESt4lessIiESaIS5_EE17_M_insert_unique_ESt23_Rb_tree_const_iteratorIS5_ERKS5_
 .text._ZN2pp9URLLoaderD1Ev
                0x0000000000025fc0       0x20 /home/berkeley/nacl_sdk/pepper_42/lib/newlib_x86_64/Release/libppapi_cpp.a(module_x86_64.o)
                0x0000000000025fc0                _ZN2pp9URLLoaderD1Ev
 .text._ZN2pp9URLLoaderD0Ev
                0x0000000000025fe0       0x40 /home/berkeley/nacl_sdk/pepper_42/lib/newlib_x86_64/Release/libppapi_cpp.a(module_x86_64.o)
                0x0000000000025fe0                _ZN2pp9URLLoaderD0Ev
 .text._ZN2pp4ViewD1Ev
                0x0000000000026020       0x20 /home/berkeley/nacl_sdk/pepper_42/lib/newlib_x86_64/Release/libppapi_cpp.a(module_x86_64.o)
                0x0000000000026020                _ZN2pp4ViewD1Ev
 .text._ZN2pp4ViewD0Ev
                0x0000000000026040       0x40 /home/berkeley/nacl_sdk/pepper_42/lib/newlib_x86_64/Release/libppapi_cpp.a(module_x86_64.o)
                0x0000000000026040                _ZN2pp4ViewD0Ev
 .text._ZNSt8_Rb_treeISsSt4pairIKSsPKvESt10_Select1stIS4_ESt4lessISsESaIS4_EE8_M_eraseEPSt13_Rb_tree_nodeIS4_E
                0x0000000000026080      0x120 /home/berkeley/nacl_sdk/pepper_42/lib/newlib_x86_64/Release/libppapi_cpp.a(module_x86_64.o)
                0x0000000000026080                _ZNSt8_Rb_treeISsSt4pairIKSsPKvESt10_Select1stIS4_ESt4lessISsESaIS4_EE8_M_eraseEPSt13_Rb_tree_nodeIS4_E
 .text._ZNSt8_Rb_treeISsSt4pairIKSsPKvESt10_Select1stIS4_ESt4lessISsESaIS4_EE10_M_insert_EPKSt18_Rb_tree_node_baseSD_RKS4_
                0x00000000000261a0      0x240 /home/berkeley/nacl_sdk/pepper_42/lib/newlib_x86_64/Release/libppapi_cpp.a(module_x86_64.o)
                0x00000000000261a0                _ZNSt8_Rb_treeISsSt4pairIKSsPKvESt10_Select1stIS4_ESt4lessISsESaIS4_EE10_M_insert_EPKSt18_Rb_tree_node_baseSD_RKS4_
 .text._ZNSt8_Rb_treeISsSt4pairIKSsPKvESt10_Select1stIS4_ESt4lessISsESaIS4_EE16_M_insert_uniqueERKS4_
                0x00000000000263e0      0x240 /home/berkeley/nacl_sdk/pepper_42/lib/newlib_x86_64/Release/libppapi_cpp.a(module_x86_64.o)
                0x00000000000263e0                _ZNSt8_Rb_treeISsSt4pairIKSsPKvESt10_Select1stIS4_ESt4lessISsESaIS4_EE16_M_insert_uniqueERKS4_
 .text._ZNSt8_Rb_treeISsSt4pairIKSsPKvESt10_Select1stIS4_ESt4lessISsESaIS4_EE17_M_insert_unique_ESt23_Rb_tree_const_iteratorIS4_ERKS4_
                0x0000000000026620      0x400 /home/berkeley/nacl_sdk/pepper_42/lib/newlib_x86_64/Release/libppapi_cpp.a(module_x86_64.o)
                0x0000000000026620                _ZNSt8_Rb_treeISsSt4pairIKSsPKvESt10_Select1stIS4_ESt4lessISsESaIS4_EE17_M_insert_unique_ESt23_Rb_tree_const_iteratorIS4_ERKS4_
 .text          0x0000000000026a20      0x1c0 /home/berkeley/nacl_sdk/pepper_42/lib/newlib_x86_64/Release/libppapi_cpp.a(ppp_entrypoints_x86_64.o)
                0x0000000000026a20                _ZN2pp6Module3GetEv
                0x0000000000026a40                _ZN2pp25SetBrokerGetInterfaceFuncEPFPKvPKcE
                0x0000000000026a60                PPP_ShutdownModule
                0x0000000000026ac0                PPP_GetInterface
                0x0000000000026b20                PPP_InitializeModule
 .text          0x0000000000026be0      0x6e0 /home/berkeley/nacl_sdk/pepper_42/lib/newlib_x86_64/Release/libppapi_cpp.a(resource_x86_64.o)
                0x0000000000026be0                _ZN2pp8ResourceC2Ev
                0x0000000000026c20                _ZN2pp8ResourceC1Ev
                0x0000000000026c60                _ZN2pp8Resource6detachEv
                0x0000000000026c80                _ZN2pp8ResourceC2ENS_7PassRefEi
                0x0000000000026ca0                _ZN2pp8ResourceC1ENS_7PassRefEi
                0x0000000000026cc0                _ZN2pp8Resource22PassRefFromConstructorEi
                0x0000000000026ce0                _ZN2pp8Resource5ClearEv
                0x0000000000026da0                _ZN2pp8ResourceC1Ei
                0x0000000000026e20                _ZN2pp8ResourceC2Ei
                0x0000000000026ea0                _ZN2pp8ResourceaSERKS0_
                0x0000000000026fe0                _ZN2pp8ResourceC1ERKS0_
                0x0000000000027060                _ZN2pp8ResourceC2ERKS0_
                0x00000000000270e0                _ZN2pp8ResourceD1Ev
                0x0000000000027180                _ZN2pp8ResourceD2Ev
                0x0000000000027220                _ZN2pp8ResourceD0Ev
 .text          0x00000000000272c0     0x1f00 /home/berkeley/nacl_sdk/pepper_42/lib/newlib_x86_64/Release/libppapi_cpp.a(url_loader_x86_64.o)
                0x00000000000272c0                _ZN2pp9URLLoaderC1ERKS0_
                0x0000000000027300                _ZN2pp9URLLoaderC2ERKS0_
                0x0000000000027340                _ZN2pp9URLLoaderC1Ei
                0x0000000000027380                _ZN2pp9URLLoaderC2Ei
                0x00000000000273c0                _ZN2pp9URLLoader16ReadResponseBodyEPviRKNS_18CompletionCallbackE
                0x0000000000027740                _ZN2pp9URLLoader14FollowRedirectERKNS_18CompletionCallbackE
                0x0000000000027a40                _ZN2pp9URLLoaderC1ERKNS_14InstanceHandleE
                0x0000000000027d60                _ZNK2pp9URLLoader19GetDownloadProgressEPxS1_
                0x0000000000028020                _ZN2pp9URLLoader5CloseEv
                0x0000000000028280                _ZN2pp9URLLoaderC2ERKNS_14InstanceHandleE
                0x00000000000285a0                _ZN2pp9URLLoader21FinishStreamingToFileERKNS_18CompletionCallbackE
                0x00000000000288a0                _ZNK2pp9URLLoader15GetResponseInfoEv
                0x0000000000028b80                _ZNK2pp9URLLoader17GetUploadProgressEPxS1_
                0x0000000000028e40                _ZN2pp9URLLoader4OpenERKNS_14URLRequestInfoERKNS_18CompletionCallbackE
 .text._ZN2pp15URLResponseInfoD1Ev
                0x00000000000291c0       0x20 /home/berkeley/nacl_sdk/pepper_42/lib/newlib_x86_64/Release/libppapi_cpp.a(url_loader_x86_64.o)
                0x00000000000291c0                _ZN2pp15URLResponseInfoD1Ev
 .text._ZN2pp15URLResponseInfoD0Ev
                0x00000000000291e0       0x40 /home/berkeley/nacl_sdk/pepper_42/lib/newlib_x86_64/Release/libppapi_cpp.a(url_loader_x86_64.o)
                0x00000000000291e0                _ZN2pp15URLResponseInfoD0Ev
 .text          0x0000000000029220      0x720 /home/berkeley/nacl_sdk/pepper_42/lib/newlib_x86_64/Release/libppapi_cpp.a(url_response_info_x86_64.o)
                0x0000000000029220                _ZN2pp15URLResponseInfoC1ENS_7PassRefEi
                0x0000000000029260                _ZN2pp15URLResponseInfoC2ENS_7PassRefEi
                0x00000000000292a0                _ZN2pp15URLResponseInfoC1ERKS0_
                0x00000000000292e0                _ZN2pp15URLResponseInfoC2ERKS0_
                0x0000000000029320                _ZNK2pp15URLResponseInfo16GetBodyAsFileRefEv
                0x0000000000029620                _ZNK2pp15URLResponseInfo11GetPropertyE22PP_URLResponseProperty
 .text._ZN2pp7FileRefD1Ev
                0x0000000000029940       0x20 /home/berkeley/nacl_sdk/pepper_42/lib/newlib_x86_64/Release/libppapi_cpp.a(url_response_info_x86_64.o)
                0x0000000000029940                _ZN2pp7FileRefD1Ev
 .text._ZN2pp7FileRefD0Ev
                0x0000000000029960       0x40 /home/berkeley/nacl_sdk/pepper_42/lib/newlib_x86_64/Release/libppapi_cpp.a(url_response_info_x86_64.o)
                0x0000000000029960                _ZN2pp7FileRefD0Ev
 .text          0x00000000000299a0     0x3d40 /home/berkeley/nacl_sdk/pepper_42/lib/newlib_x86_64/Release/libppapi_cpp.a(var_x86_64.o)
                0x00000000000299a0                _ZN2pp3VarC2Eb
                0x0000000000029a00                _ZN2pp3VarC1Eb
                0x0000000000029a60                _ZN2pp3VarC2Ei
                0x0000000000029ac0                _ZN2pp3VarC1Ei
                0x0000000000029b20                _ZN2pp3VarC2Ed
                0x0000000000029b80                _ZN2pp3VarC1Ed
                0x0000000000029be0                _ZNK2pp3Var6AsBoolEv
                0x0000000000029c20                _ZNK2pp3Var5AsIntEv
                0x0000000000029ca0                _ZNK2pp3Var8AsDoubleEv
                0x0000000000029e40                _ZN2pp3VarC1ENS0_4NullE
                0x0000000000029ea0                _ZN2pp3VarC2ENS0_4NullE
                0x0000000000029f00                _ZN2pp3VarC1Ev
                0x0000000000029f60                _ZN2pp3VarC2Ev
                0x0000000000029fc0                _ZNK2pp3Var8AsStringEv
                0x000000000002a720                _ZNK2pp3Var11DebugStringEv
                0x000000000002ac40                _ZNK2pp3VareqERKS0_
                0x000000000002b080                _ZN2pp3VarC1ERKNS_8ResourceE
                0x000000000002b340                _ZN2pp3VarC2ERKNS_8ResourceE
                0x000000000002bc80                _ZN2pp3VarC1ERKSs
                0x000000000002bd00                _ZN2pp3VarC2ERKSs
                0x000000000002bd80                _ZN2pp3VarC1EPKc
                0x000000000002be40                _ZN2pp3VarC2EPKc
                0x000000000002c6c0                _ZN2pp3VarC1ERKS0_
                0x000000000002c780                _ZN2pp3VarC2ERKS0_
                0x000000000002c840                _ZN2pp3VarC1ERK6PP_Var
                0x000000000002c900                _ZN2pp3VarC2ERK6PP_Var
                0x000000000002d180                _ZN2pp3VaraSERKS0_
                0x000000000002d2a0                _ZN2pp3VarD0Ev
                0x000000000002d300                _ZN2pp3VarD1Ev
                0x000000000002d360                _ZN2pp3VarD2Ev
                0x000000000002d3c0                _ZNK2pp3Var10AsResourceEv
 .text          0x000000000002d6e0     0x3040 /home/berkeley/nacl_sdk/pepper_42/lib/newlib_x86_64/Release/libppapi_cpp.a(view_x86_64.o)
                0x000000000002d800                _ZN2pp4ViewC1Ei
                0x000000000002d840                _ZN2pp4ViewC2Ei
                0x000000000002d880                _ZN2pp4ViewC1Ev
                0x000000000002d8c0                _ZN2pp4ViewC2Ev
                0x000000000002d900                _ZNK2pp4View15GetScrollOffsetEv
                0x000000000002dbe0                _ZNK2pp4View11GetClipRectEv
                0x000000000002e260                _ZNK2pp4View14GetDeviceScaleEv
                0x000000000002e6c0                _ZNK2pp4View11GetCSSScaleEv
                0x000000000002eb20                _ZNK2pp4View7GetRectEv
                0x000000000002f1a0                _ZNK2pp4View13IsPageVisibleEv
                0x000000000002f8e0                _ZNK2pp4View9IsVisibleEv
                0x0000000000030000                _ZNK2pp4View12IsFullscreenEv
 .text          0x0000000000030720       0x80 /home/berkeley/nacl_sdk/pepper_42/lib/newlib_x86_64/Release/libppapi_cpp.a(core_x86_64.o)
                0x0000000000030720                _ZN2pp4Core16CallOnMainThreadEiRKNS_18CompletionCallbackEi
                0x0000000000030760                _ZN2pp4Core12IsMainThreadEv
 .text          0x00000000000307a0     0x5500 /home/berkeley/nacl_sdk/pepper_42/lib/newlib_x86_64/Release/libppapi_cpp.a(file_ref_x86_64.o)
                0x00000000000308c0                _ZN2pp7FileRefC1ERKS0_
                0x0000000000030900                _ZN2pp7FileRefC2ERKS0_
                0x0000000000030940                _ZN2pp7FileRefC1ENS_7PassRefEi
                0x0000000000030980                _ZN2pp7FileRefC2ENS_7PassRefEi
                0x00000000000309c0                _ZN2pp7FileRefC1Ei
                0x0000000000030a00                _ZN2pp7FileRefC2Ei
                0x0000000000030a40                _ZN2pp7FileRef13MakeDirectoryEiRKNS_18CompletionCallbackE
                0x0000000000031200                _ZN2pp7FileRef20ReadDirectoryEntriesERKNS_28CompletionCallbackWithOutputISt6vectorINS_14DirectoryEntryESaIS3_EEEE
                0x00000000000317a0                _ZN2pp7FileRef5QueryERKNS_28CompletionCallbackWithOutputI11PP_FileInfoEE
                0x0000000000031d20                _ZN2pp7FileRefC1ERKNS_10FileSystemEPKc
                0x0000000000032380                _ZNK2pp7FileRef17GetFileSystemTypeEv
                0x00000000000329e0                _ZN2pp7FileRef6RenameERKS0_RKNS_18CompletionCallbackE
                0x0000000000033220                _ZN2pp7FileRef6DeleteERKNS_18CompletionCallbackE
                0x00000000000339e0                _ZN2pp7FileRef5TouchEddRKNS_18CompletionCallbackE
                0x00000000000341e0                _ZNK2pp7FileRef7GetPathEv
                0x00000000000348a0                _ZNK2pp7FileRef7GetNameEv
                0x0000000000034f60                _ZNK2pp7FileRef9GetParentEv
                0x0000000000035640                _ZN2pp7FileRefC2ERKNS_10FileSystemEPKc
 .text._ZNK2pp18CompletionCallback8MayForceEi
                0x0000000000035ca0       0xc0 /home/berkeley/nacl_sdk/pepper_42/lib/newlib_x86_64/Release/libppapi_cpp.a(file_ref_x86_64.o)
                0x0000000000035ca0                _ZNK2pp18CompletionCallback8MayForceEi
 .text          0x0000000000035d60     0x9ae0 /home/berkeley/nacl_sdk/pepper_42/lib/newlib_x86_64/Release/libppapi_cpp.a(input_event_x86_64.o)
                0x00000000000360c0                _ZN2pp10InputEventD0Ev
                0x0000000000036100                _ZN2pp10InputEventD1Ev
                0x0000000000036120                _ZN2pp10InputEventD2Ev
                0x0000000000036140                _ZN2pp10InputEventC1Ev
                0x0000000000036180                _ZN2pp10InputEventC2Ev
                0x00000000000361c0                _ZN2pp13IMEInputEventC1Ev
                0x0000000000036200                _ZN2pp13IMEInputEventC2Ev
                0x0000000000036240                _ZN2pp15TouchInputEventC1Ev
                0x0000000000036280                _ZN2pp15TouchInputEventC2Ev
                0x00000000000362c0                _ZN2pp18KeyboardInputEventC1Ev
                0x0000000000036300                _ZN2pp18KeyboardInputEventC2Ev
                0x0000000000036340                _ZN2pp15WheelInputEventC1Ev
                0x0000000000036380                _ZN2pp15WheelInputEventC2Ev
                0x00000000000363c0                _ZN2pp15MouseInputEventC1Ev
                0x0000000000036400                _ZN2pp15MouseInputEventC2Ev
                0x0000000000036440                _ZN2pp10InputEventC2Ei
                0x00000000000367a0                _ZNK2pp10InputEvent12GetModifiersEv
                0x0000000000036a00                _ZNK2pp10InputEvent12GetTimeStampEv
                0x0000000000036c60                _ZNK2pp10InputEvent7GetTypeEv
                0x0000000000036ec0                _ZN2pp10InputEventC1Ei
                0x0000000000037220                _ZNK2pp15WheelInputEvent15GetScrollByPageEv
                0x00000000000374c0                _ZN2pp15WheelInputEventC1ERKNS_14InstanceHandleEdjRKNS_10FloatPointES6_b
                0x0000000000037840                _ZN2pp15WheelInputEventC2ERKNS_14InstanceHandleEdjRKNS_10FloatPointES6_b
                0x0000000000037bc0                _ZN2pp15WheelInputEventC2ERKNS_10InputEventE
                0x0000000000037f40                _ZNK2pp15WheelInputEvent8GetTicksEv
                0x0000000000038220                _ZNK2pp15WheelInputEvent8GetDeltaEv
                0x0000000000038500                _ZN2pp18KeyboardInputEventC2ERKNS_10InputEventE
                0x00000000000388a0                _ZN2pp18KeyboardInputEventC1ERKNS_10InputEventE
                0x0000000000038c40                _ZN2pp18KeyboardInputEventC1ERKNS_14InstanceHandleE18PP_InputEvent_TypedjjRKNS_3VarES7_
                0x0000000000038fa0                _ZN2pp18KeyboardInputEventC1ERKNS_14InstanceHandleE18PP_InputEvent_TypedjjRKNS_3VarE
                0x00000000000394a0                _ZN2pp15WheelInputEventC1ERKNS_10InputEventE
                0x0000000000039820                _ZN2pp15TouchInputEventC2ERKNS_10InputEventE
                0x0000000000039ba0                _ZNK2pp15MouseInputEvent11GetMovementEv
                0x0000000000039e80                _ZN2pp15TouchInputEvent13AddTouchPointE16PP_TouchListType13PP_TouchPoint
                0x000000000003a140                _ZN2pp15TouchInputEventC1ERKNS_14InstanceHandleE18PP_InputEvent_Typedj
                0x000000000003a4c0                _ZN2pp15TouchInputEventC1ERKNS_10InputEventE
                0x000000000003a840                _ZNK2pp15TouchInputEvent15GetTouchByIndexE16PP_TouchListTypej
                0x000000000003ab80                _ZN2pp15MouseInputEventC2ERKNS_10InputEventE
                0x000000000003af00                _ZNK2pp15TouchInputEvent13GetTouchCountE16PP_TouchListType
                0x000000000003b1c0                _ZNK2pp15MouseInputEvent13GetClickCountEv
                0x000000000003b420                _ZNK2pp15MouseInputEvent11GetPositionEv
                0x000000000003b700                _ZN2pp15MouseInputEventC1ERKNS_14InstanceHandleE18PP_InputEvent_Typedj25PP_InputEvent_MouseButtonRKNS_5PointEiS8_
                0x000000000003baa0                _ZN2pp15MouseInputEventC2ERKNS_14InstanceHandleE18PP_InputEvent_Typedj25PP_InputEvent_MouseButtonRKNS_5PointEiS8_
                0x000000000003be40                _ZN2pp15MouseInputEventC1ERKNS_10InputEventE
                0x000000000003c1c0                _ZNK2pp18KeyboardInputEvent10GetKeyCodeEv
                0x000000000003c540                _ZNK2pp18KeyboardInputEvent7GetCodeEv
                0x000000000003c700                _ZNK2pp18KeyboardInputEvent16GetCharacterTextEv
                0x000000000003cae0                _ZNK2pp15TouchInputEvent12GetTouchByIdE16PP_TouchListTypej
                0x000000000003ce20                _ZNK2pp13IMEInputEvent7GetTextEv
                0x000000000003d0e0                _ZNK2pp13IMEInputEvent16GetSegmentNumberEv
                0x000000000003d340                _ZNK2pp13IMEInputEvent16GetSegmentOffsetEj
                0x000000000003d4c0                _ZN2pp13IMEInputEventC1ERKNS_14InstanceHandleE18PP_InputEvent_TypedRKNS_3VarERKSt6vectorIjSaIjEEiRKSt4pairIjjE
                0x000000000003d800                _ZN2pp13IMEInputEventC2ERKNS_14InstanceHandleE18PP_InputEvent_TypedRKNS_3VarERKSt6vectorIjSaIjEEiRKSt4pairIjjE
                0x000000000003dc20                _ZN2pp13IMEInputEventC1ERKNS_10InputEventE
                0x000000000003dfa0                _ZN2pp13IMEInputEventC2ERKNS_10InputEventE
                0x000000000003e220                _ZNK2pp13IMEInputEvent12GetSelectionEPjS1_
                0x000000000003e4e0                _ZN2pp15TouchInputEventC2ERKNS_14InstanceHandleE18PP_InputEvent_Typedj
                0x000000000003e860                _ZNK2pp13IMEInputEvent16GetTargetSegmentEv
                0x000000000003eac0                _ZNK2pp15MouseInputEvent9GetButtonEv
                0x000000000003ed20                _ZN2pp18KeyboardInputEventC2ERKNS_14InstanceHandleE18PP_InputEvent_TypedjjRKNS_3VarE
                0x000000000003f300                _ZN2pp18KeyboardInputEventC2ERKNS_14InstanceHandleE18PP_InputEvent_TypedjjRKNS_3VarES7_
 .text._ZN2pp13IMEInputEventD0Ev
                0x000000000003f840       0x40 /home/berkeley/nacl_sdk/pepper_42/lib/newlib_x86_64/Release/libppapi_cpp.a(input_event_x86_64.o)
                0x000000000003f840                _ZN2pp13IMEInputEventD0Ev
 .text._ZN2pp13IMEInputEventD1Ev
                0x000000000003f880       0x20 /home/berkeley/nacl_sdk/pepper_42/lib/newlib_x86_64/Release/libppapi_cpp.a(input_event_x86_64.o)
                0x000000000003f880                _ZN2pp13IMEInputEventD1Ev
 .text._ZN2pp15TouchInputEventD0Ev
                0x000000000003f8a0       0x40 /home/berkeley/nacl_sdk/pepper_42/lib/newlib_x86_64/Release/libppapi_cpp.a(input_event_x86_64.o)
                0x000000000003f8a0                _ZN2pp15TouchInputEventD0Ev
 .text._ZN2pp15TouchInputEventD1Ev
                0x000000000003f8e0       0x20 /home/berkeley/nacl_sdk/pepper_42/lib/newlib_x86_64/Release/libppapi_cpp.a(input_event_x86_64.o)
                0x000000000003f8e0                _ZN2pp15TouchInputEventD1Ev
 .text._ZN2pp18KeyboardInputEventD0Ev
                0x000000000003f900       0x40 /home/berkeley/nacl_sdk/pepper_42/lib/newlib_x86_64/Release/libppapi_cpp.a(input_event_x86_64.o)
                0x000000000003f900                _ZN2pp18KeyboardInputEventD0Ev
 .text._ZN2pp18KeyboardInputEventD1Ev
                0x000000000003f940       0x20 /home/berkeley/nacl_sdk/pepper_42/lib/newlib_x86_64/Release/libppapi_cpp.a(input_event_x86_64.o)
                0x000000000003f940                _ZN2pp18KeyboardInputEventD1Ev
 .text._ZN2pp15WheelInputEventD0Ev
                0x000000000003f960       0x40 /home/berkeley/nacl_sdk/pepper_42/lib/newlib_x86_64/Release/libppapi_cpp.a(input_event_x86_64.o)
                0x000000000003f960                _ZN2pp15WheelInputEventD0Ev
 .text._ZN2pp15WheelInputEventD1Ev
                0x000000000003f9a0       0x20 /home/berkeley/nacl_sdk/pepper_42/lib/newlib_x86_64/Release/libppapi_cpp.a(input_event_x86_64.o)
                0x000000000003f9a0                _ZN2pp15WheelInputEventD1Ev
 .text._ZN2pp15MouseInputEventD0Ev
                0x000000000003f9c0       0x40 /home/berkeley/nacl_sdk/pepper_42/lib/newlib_x86_64/Release/libppapi_cpp.a(input_event_x86_64.o)
                0x000000000003f9c0                _ZN2pp15MouseInputEventD0Ev
 .text._ZN2pp15MouseInputEventD1Ev
                0x000000000003fa00       0x20 /home/berkeley/nacl_sdk/pepper_42/lib/newlib_x86_64/Release/libppapi_cpp.a(input_event_x86_64.o)
                0x000000000003fa00                _ZN2pp15MouseInputEventD1Ev
 .text          0x000000000003fa20       0x20 /home/berkeley/nacl_sdk/pepper_42/toolchain/linux_x86_newlib/bin/../lib/gcc/x86_64-nacl/4.4.3/../../../../x86_64-nacl/lib/../lib64/libppapi_stub.a(plugin_main_irt_21ce9d26.o)
                0x000000000003fa20                main
 .text          0x000000000003fa40       0x20 /home/berkeley/nacl_sdk/pepper_42/toolchain/linux_x86_newlib/bin/../lib/gcc/x86_64-nacl/4.4.3/../../../../x86_64-nacl/lib/../lib64/libppapi_stub.a(ppapi_plugin_main_399d0cf7.o)
                0x000000000003fa40                PpapiPluginMain
 .text          0x000000000003fa60      0x1e0 /home/berkeley/nacl_sdk/pepper_42/toolchain/linux_x86_newlib/bin/../lib/gcc/x86_64-nacl/4.4.3/../../../../x86_64-nacl/lib/../lib64/libppapi_stub.a(ppapi_plugin_start_8da67623.o)
                0x000000000003fac0                PpapiPluginStart
 .text          0x000000000003fc40       0x60 /home/berkeley/nacl_sdk/pepper_42/toolchain/linux_x86_newlib/bin/../lib/gcc/x86_64-nacl/4.4.3/../../../../x86_64-nacl/lib/../lib64/libppapi_stub.a(thread_creator_ccf263e1.o)
                0x000000000003fc40                __nacl_register_thread_creator
 .text          0x000000000003fca0     0x1fc0 /home/berkeley/nacl_sdk/pepper_42/toolchain/linux_x86_newlib/bin/../lib/gcc/x86_64-nacl/4.4.3/../../../../x86_64-nacl/lib/../lib64/libpthread.a(nc_thread_7e478b15.o)
                0x000000000003fca0                pthread_kill
                0x000000000003fcc0                pthread_equal
                0x000000000003fce0                pthread_attr_init
                0x000000000003fd40                pthread_attr_destroy
                0x000000000003fd60                pthread_attr_setdetachstate
                0x000000000003fda0                pthread_attr_getdetachstate
                0x000000000003fde0                pthread_attr_setscope
                0x000000000003fe20                pthread_attr_getscope
                0x000000000003fe40                pthread_attr_setstacksize
                0x000000000003fec0                pthread_attr_getstacksize
                0x000000000003ff00                pthread_getspecific
                0x000000000003ffe0                __nc_tsd_exit
                0x0000000000040280                pthread_cleanup_pop
                0x0000000000040360                pthread_setspecific
                0x00000000000404c0                pthread_key_delete
                0x0000000000040560                pthread_key_create
                0x0000000000040600                __local_lock_release
                0x0000000000040640                __local_lock_release_recursive
                0x0000000000040660                __local_lock_try_acquire
                0x00000000000406a0                __local_lock_try_acquire_recursive
                0x00000000000406c0                __local_lock_acquire
                0x0000000000040700                __local_lock_acquire_recursive
                0x0000000000040720                __local_lock_close
                0x0000000000040760                __local_lock_close_recursive
                0x0000000000040780                __local_lock_init_recursive
                0x0000000000040800                __local_lock_init
                0x0000000000040880                pthread_self
                0x00000000000408c0                pthread_setschedprio
                0x00000000000409a0                pthread_detach
                0x0000000000040a80                pthread_join
                0x0000000000040c60                pthread_exit
                0x00000000000410e0                pthread_cleanup_push
                0x0000000000041560                pthread_create
                0x0000000000041ae0                __nc_initialize_globals
                0x0000000000041be0                __pthread_initialize
 .text          0x0000000000041c60      0x200 /home/berkeley/nacl_sdk/pepper_42/toolchain/linux_x86_newlib/bin/../lib/gcc/x86_64-nacl/4.4.3/../../../../x86_64-nacl/lib/../lib64/libpthread.a(nc_condvar_305aa45a.o)
                0x0000000000041c60                pthread_cond_init
                0x0000000000041c80                pthread_cond_destroy
                0x0000000000041ca0                pthread_cond_timedwait_abs
                0x0000000000041da0                pthread_cond_wait
                0x0000000000041e20                pthread_cond_broadcast
                0x0000000000041e40                pthread_cond_signal
 .text          0x0000000000041e60      0x560 /home/berkeley/nacl_sdk/pepper_42/toolchain/linux_x86_newlib/bin/../lib/gcc/x86_64-nacl/4.4.3/../../../../x86_64-nacl/lib/../lib64/libpthread.a(dynamic_annotations_33ba59cc.o)
                0x0000000000041e60                NACL_AnnotateRWLockCreate
                0x0000000000041e80                NACL_AnnotateRWLockDestroy
                0x0000000000041ea0                NACL_AnnotateRWLockAcquired
                0x0000000000041ec0                NACL_AnnotateRWLockReleased
                0x0000000000041ee0                NACL_AnnotateBarrierInit
                0x0000000000041f00                NACL_AnnotateBarrierWaitBefore
                0x0000000000041f20                NACL_AnnotateBarrierWaitAfter
                0x0000000000041f40                NACL_AnnotateBarrierDestroy
                0x0000000000041f60                NACL_AnnotateCondVarWait
                0x0000000000041f80                NACL_AnnotateCondVarSignal
                0x0000000000041fa0                NACL_AnnotateCondVarSignalAll
                0x0000000000041fc0                NACL_AnnotateHappensBefore
                0x0000000000041fe0                NACL_AnnotateHappensAfter
                0x0000000000042000                NACL_AnnotatePublishMemoryRange
                0x0000000000042020                NACL_AnnotateUnpublishMemoryRange
                0x0000000000042040                NACL_AnnotatePCQCreate
                0x0000000000042060                NACL_AnnotatePCQDestroy
                0x0000000000042080                NACL_AnnotatePCQPut
                0x00000000000420a0                NACL_AnnotatePCQGet
                0x00000000000420c0                NACL_AnnotateNewMemory
                0x00000000000420e0                NACL_AnnotateExpectRace
                0x0000000000042100                NACL_AnnotateFlushExpectedRaces
                0x0000000000042120                NACL_AnnotateBenignRace
                0x0000000000042140                NACL_AnnotateBenignRaceSized
                0x0000000000042160                NACL_AnnotateMutexIsUsedAsCondVar
                0x0000000000042180                NACL_AnnotateMutexIsNotPHB
                0x00000000000421a0                NACL_AnnotateTraceMemory
                0x00000000000421c0                NACL_AnnotateThreadName
                0x00000000000421e0                NACL_AnnotateIgnoreReadsBegin
                0x0000000000042200                NACL_AnnotateIgnoreReadsEnd
                0x0000000000042220                NACL_AnnotateIgnoreWritesBegin
                0x0000000000042240                NACL_AnnotateIgnoreWritesEnd
                0x0000000000042260                NACL_AnnotateIgnoreSyncBegin
                0x0000000000042280                NACL_AnnotateIgnoreSyncEnd
                0x00000000000422a0                NACL_AnnotateEnableRaceDetection
                0x00000000000422c0                NACL_AnnotateNoOp
                0x00000000000422e0                NACL_AnnotateFlushState
                0x0000000000042300                RunningOnValgrind
 .text          0x00000000000423c0      0x740 /home/berkeley/nacl_sdk/pepper_42/toolchain/linux_x86_newlib/bin/../lib/gcc/x86_64-nacl/4.4.3/../../../../x86_64-nacl/lib/../lib64/libpthread.a(nc_mutex_86341ae1.o)
                0x00000000000423c0                pthread_mutex_init
                0x0000000000042440                pthread_mutex_destroy
                0x00000000000424c0                pthread_mutexattr_init
                0x00000000000424e0                pthread_mutexattr_destroy
                0x0000000000042500                pthread_mutexattr_settype
                0x0000000000042540                pthread_mutexattr_gettype
                0x0000000000042560                pthread_mutex_unlock
                0x0000000000042960                pthread_mutex_timedlock
                0x0000000000042980                pthread_mutex_lock
                0x00000000000429a0                pthread_once
                0x0000000000042ae0                pthread_mutex_trylock
 .text          0x0000000000042b00       0x40 /home/berkeley/nacl_sdk/pepper_42/toolchain/linux_x86_newlib/bin/../lib/gcc/x86_64-nacl/4.4.3/../../../../x86_64-nacl/lib/../lib64/libpthread.a(nc_init_irt_d3daafc0.o)
                0x0000000000042b00                __nc_initialize_interfaces
 .text          0x0000000000042b40        0x0 /home/berkeley/nacl_sdk/pepper_42/toolchain/linux_x86_newlib/bin/../lib/gcc/x86_64-nacl/4.4.3/../../../../x86_64-nacl/lib/../lib64/libstdc++.a(tree.o)
 .text._ZSt18_Rb_tree_incrementPSt18_Rb_tree_node_base
                0x0000000000042b40       0xa0 /home/berkeley/nacl_sdk/pepper_42/toolchain/linux_x86_newlib/bin/../lib/gcc/x86_64-nacl/4.4.3/../../../../x86_64-nacl/lib/../lib64/libstdc++.a(tree.o)
                0x0000000000042b40                _ZSt18_Rb_tree_incrementPSt18_Rb_tree_node_base
 .text._ZSt18_Rb_tree_incrementPKSt18_Rb_tree_node_base
                0x0000000000042be0       0xc0 /home/berkeley/nacl_sdk/pepper_42/toolchain/linux_x86_newlib/bin/../lib/gcc/x86_64-nacl/4.4.3/../../../../x86_64-nacl/lib/../lib64/libstdc++.a(tree.o)
                0x0000000000042be0                _ZSt18_Rb_tree_incrementPKSt18_Rb_tree_node_base
 .text._ZSt18_Rb_tree_decrementPSt18_Rb_tree_node_base
                0x0000000000042ca0      0x140 /home/berkeley/nacl_sdk/pepper_42/toolchain/linux_x86_newlib/bin/../lib/gcc/x86_64-nacl/4.4.3/../../../../x86_64-nacl/lib/../lib64/libstdc++.a(tree.o)
                0x0000000000042ca0                _ZSt18_Rb_tree_decrementPSt18_Rb_tree_node_base
 .text._ZSt18_Rb_tree_decrementPKSt18_Rb_tree_node_base
                0x0000000000042de0      0x120 /home/berkeley/nacl_sdk/pepper_42/toolchain/linux_x86_newlib/bin/../lib/gcc/x86_64-nacl/4.4.3/../../../../x86_64-nacl/lib/../lib64/libstdc++.a(tree.o)
                0x0000000000042de0                _ZSt18_Rb_tree_decrementPKSt18_Rb_tree_node_base
 .text._ZSt20_Rb_tree_rotate_leftPSt18_Rb_tree_node_baseRS0_
                0x0000000000042f00       0xe0 /home/berkeley/nacl_sdk/pepper_42/toolchain/linux_x86_newlib/bin/../lib/gcc/x86_64-nacl/4.4.3/../../../../x86_64-nacl/lib/../lib64/libstdc++.a(tree.o)
                0x0000000000042f00                _ZSt20_Rb_tree_rotate_leftPSt18_Rb_tree_node_baseRS0_
 .text._ZSt21_Rb_tree_rotate_rightPSt18_Rb_tree_node_baseRS0_
                0x0000000000042fe0       0xe0 /home/berkeley/nacl_sdk/pepper_42/toolchain/linux_x86_newlib/bin/../lib/gcc/x86_64-nacl/4.4.3/../../../../x86_64-nacl/lib/../lib64/libstdc++.a(tree.o)
                0x0000000000042fe0                _ZSt21_Rb_tree_rotate_rightPSt18_Rb_tree_node_baseRS0_
 .text._ZSt29_Rb_tree_insert_and_rebalancebPSt18_Rb_tree_node_baseS0_RS_
                0x00000000000430c0      0x580 /home/berkeley/nacl_sdk/pepper_42/toolchain/linux_x86_newlib/bin/../lib/gcc/x86_64-nacl/4.4.3/../../../../x86_64-nacl/lib/../lib64/libstdc++.a(tree.o)
                0x00000000000430c0                _ZSt29_Rb_tree_insert_and_rebalancebPSt18_Rb_tree_node_baseS0_RS_
 .text._ZSt28_Rb_tree_rebalance_for_erasePSt18_Rb_tree_node_baseRS_
                0x0000000000043640      0xbc0 /home/berkeley/nacl_sdk/pepper_42/toolchain/linux_x86_newlib/bin/../lib/gcc/x86_64-nacl/4.4.3/../../../../x86_64-nacl/lib/../lib64/libstdc++.a(tree.o)
                0x0000000000043640                _ZSt28_Rb_tree_rebalance_for_erasePSt18_Rb_tree_node_baseRS_
 .text._ZSt20_Rb_tree_black_countPKSt18_Rb_tree_node_baseS1_
                0x0000000000044200       0x80 /home/berkeley/nacl_sdk/pepper_42/toolchain/linux_x86_newlib/bin/../lib/gcc/x86_64-nacl/4.4.3/../../../../x86_64-nacl/lib/../lib64/libstdc++.a(tree.o)
                0x0000000000044200                _ZSt20_Rb_tree_black_countPKSt18_Rb_tree_node_baseS1_
 .text          0x0000000000044280        0x0 /home/berkeley/nacl_sdk/pepper_42/toolchain/linux_x86_newlib/bin/../lib/gcc/x86_64-nacl/4.4.3/../../../../x86_64-nacl/lib/../lib64/libstdc++.a(string-inst.o)
 .text._ZNKSs7_M_dataEv
                0x0000000000044280       0x20 /home/berkeley/nacl_sdk/pepper_42/toolchain/linux_x86_newlib/bin/../lib/gcc/x86_64-nacl/4.4.3/../../../../x86_64-nacl/lib/../lib64/libstdc++.a(string-inst.o)
                0x0000000000044280                _ZNKSs7_M_dataEv
 .text._ZNSs7_M_dataEPc
                0x00000000000442a0       0x20 /home/berkeley/nacl_sdk/pepper_42/toolchain/linux_x86_newlib/bin/../lib/gcc/x86_64-nacl/4.4.3/../../../../x86_64-nacl/lib/../lib64/libstdc++.a(string-inst.o)
                0x00000000000442a0                _ZNSs7_M_dataEPc
 .text._ZNKSs6_M_repEv
                0x00000000000442c0       0x20 /home/berkeley/nacl_sdk/pepper_42/toolchain/linux_x86_newlib/bin/../lib/gcc/x86_64-nacl/4.4.3/../../../../x86_64-nacl/lib/../lib64/libstdc++.a(string-inst.o)
                0x00000000000442c0                _ZNKSs6_M_repEv
 .text._ZNKSs9_M_ibeginEv
                0x00000000000442e0       0x20 /home/berkeley/nacl_sdk/pepper_42/toolchain/linux_x86_newlib/bin/../lib/gcc/x86_64-nacl/4.4.3/../../../../x86_64-nacl/lib/../lib64/libstdc++.a(string-inst.o)
                0x00000000000442e0                _ZNKSs9_M_ibeginEv
 .text._ZNKSs7_M_iendEv
                0x0000000000044300       0x20 /home/berkeley/nacl_sdk/pepper_42/toolchain/linux_x86_newlib/bin/../lib/gcc/x86_64-nacl/4.4.3/../../../../x86_64-nacl/lib/../lib64/libstdc++.a(string-inst.o)
                0x0000000000044300                _ZNKSs7_M_iendEv
 .text._ZNKSs8_M_limitEjj
                0x0000000000044320       0x40 /home/berkeley/nacl_sdk/pepper_42/toolchain/linux_x86_newlib/bin/../lib/gcc/x86_64-nacl/4.4.3/../../../../x86_64-nacl/lib/../lib64/libstdc++.a(string-inst.o)
                0x0000000000044320                _ZNKSs8_M_limitEjj
 .text._ZNKSs11_M_disjunctEPKc
                0x0000000000044360       0x60 /home/berkeley/nacl_sdk/pepper_42/toolchain/linux_x86_newlib/bin/../lib/gcc/x86_64-nacl/4.4.3/../../../../x86_64-nacl/lib/../lib64/libstdc++.a(string-inst.o)
                0x0000000000044360                _ZNKSs11_M_disjunctEPKc
 .text._ZNSs10_S_compareEjj
                0x00000000000443c0       0x20 /home/berkeley/nacl_sdk/pepper_42/toolchain/linux_x86_newlib/bin/../lib/gcc/x86_64-nacl/4.4.3/../../../../x86_64-nacl/lib/../lib64/libstdc++.a(string-inst.o)
                0x00000000000443c0                _ZNSs10_S_compareEjj
 .text._ZNSs12_S_empty_repEv
                0x00000000000443e0       0x20 /home/berkeley/nacl_sdk/pepper_42/toolchain/linux_x86_newlib/bin/../lib/gcc/x86_64-nacl/4.4.3/../../../../x86_64-nacl/lib/../lib64/libstdc++.a(string-inst.o)
                0x00000000000443e0                _ZNSs12_S_empty_repEv
 .text._ZNSsC2Ev
                0x0000000000044400       0x20 /home/berkeley/nacl_sdk/pepper_42/toolchain/linux_x86_newlib/bin/../lib/gcc/x86_64-nacl/4.4.3/../../../../x86_64-nacl/lib/../lib64/libstdc++.a(string-inst.o)
                0x0000000000044400                _ZNSsC2Ev
 .text._ZNSsC1Ev
                0x0000000000044420       0x20 /home/berkeley/nacl_sdk/pepper_42/toolchain/linux_x86_newlib/bin/../lib/gcc/x86_64-nacl/4.4.3/../../../../x86_64-nacl/lib/../lib64/libstdc++.a(string-inst.o)
                0x0000000000044420                _ZNSsC1Ev
 .text._ZNKSs5beginEv
                0x0000000000044440       0x20 /home/berkeley/nacl_sdk/pepper_42/toolchain/linux_x86_newlib/bin/../lib/gcc/x86_64-nacl/4.4.3/../../../../x86_64-nacl/lib/../lib64/libstdc++.a(string-inst.o)
                0x0000000000044440                _ZNKSs5beginEv
 .text._ZNKSs3endEv
                0x0000000000044460       0x20 /home/berkeley/nacl_sdk/pepper_42/toolchain/linux_x86_newlib/bin/../lib/gcc/x86_64-nacl/4.4.3/../../../../x86_64-nacl/lib/../lib64/libstdc++.a(string-inst.o)
                0x0000000000044460                _ZNKSs3endEv
 .text._ZNKSs6rbeginEv
                0x0000000000044480       0x40 /home/berkeley/nacl_sdk/pepper_42/toolchain/linux_x86_newlib/bin/../lib/gcc/x86_64-nacl/4.4.3/../../../../x86_64-nacl/lib/../lib64/libstdc++.a(string-inst.o)
                0x0000000000044480                _ZNKSs6rbeginEv
 .text._ZNKSs4rendEv
                0x00000000000444c0       0x20 /home/berkeley/nacl_sdk/pepper_42/toolchain/linux_x86_newlib/bin/../lib/gcc/x86_64-nacl/4.4.3/../../../../x86_64-nacl/lib/../lib64/libstdc++.a(string-inst.o)
                0x00000000000444c0                _ZNKSs4rendEv
 .text._ZNKSs4sizeEv
                0x00000000000444e0       0x20 /home/berkeley/nacl_sdk/pepper_42/toolchain/linux_x86_newlib/bin/../lib/gcc/x86_64-nacl/4.4.3/../../../../x86_64-nacl/lib/../lib64/libstdc++.a(string-inst.o)
                0x00000000000444e0                _ZNKSs4sizeEv
 .text._ZNKSs6lengthEv
                0x0000000000044500       0x20 /home/berkeley/nacl_sdk/pepper_42/toolchain/linux_x86_newlib/bin/../lib/gcc/x86_64-nacl/4.4.3/../../../../x86_64-nacl/lib/../lib64/libstdc++.a(string-inst.o)
                0x0000000000044500                _ZNKSs6lengthEv
 .text._ZNKSs8max_sizeEv
                0x0000000000044520       0x20 /home/berkeley/nacl_sdk/pepper_42/toolchain/linux_x86_newlib/bin/../lib/gcc/x86_64-nacl/4.4.3/../../../../x86_64-nacl/lib/../lib64/libstdc++.a(string-inst.o)
                0x0000000000044520                _ZNKSs8max_sizeEv
 .text._ZNKSs8capacityEv
                0x0000000000044540       0x20 /home/berkeley/nacl_sdk/pepper_42/toolchain/linux_x86_newlib/bin/../lib/gcc/x86_64-nacl/4.4.3/../../../../x86_64-nacl/lib/../lib64/libstdc++.a(string-inst.o)
                0x0000000000044540                _ZNKSs8capacityEv
 .text._ZNKSs5emptyEv
                0x0000000000044560       0x40 /home/berkeley/nacl_sdk/pepper_42/toolchain/linux_x86_newlib/bin/../lib/gcc/x86_64-nacl/4.4.3/../../../../x86_64-nacl/lib/../lib64/libstdc++.a(string-inst.o)
                0x0000000000044560                _ZNKSs5emptyEv
 .text._ZNKSsixEj
                0x00000000000445a0       0x20 /home/berkeley/nacl_sdk/pepper_42/toolchain/linux_x86_newlib/bin/../lib/gcc/x86_64-nacl/4.4.3/../../../../x86_64-nacl/lib/../lib64/libstdc++.a(string-inst.o)
                0x00000000000445a0                _ZNKSsixEj
 .text._ZNSs4swapERSs
                0x00000000000445c0       0x80 /home/berkeley/nacl_sdk/pepper_42/toolchain/linux_x86_newlib/bin/../lib/gcc/x86_64-nacl/4.4.3/../../../../x86_64-nacl/lib/../lib64/libstdc++.a(string-inst.o)
                0x00000000000445c0                _ZNSs4swapERSs
 .text._ZNKSs5c_strEv
                0x0000000000044640       0x20 /home/berkeley/nacl_sdk/pepper_42/toolchain/linux_x86_newlib/bin/../lib/gcc/x86_64-nacl/4.4.3/../../../../x86_64-nacl/lib/../lib64/libstdc++.a(string-inst.o)
                0x0000000000044640                _ZNKSs5c_strEv
 .text._ZNKSs4dataEv
                0x0000000000044660       0x20 /home/berkeley/nacl_sdk/pepper_42/toolchain/linux_x86_newlib/bin/../lib/gcc/x86_64-nacl/4.4.3/../../../../x86_64-nacl/lib/../lib64/libstdc++.a(string-inst.o)
                0x0000000000044660                _ZNKSs4dataEv
 .text._ZNKSs13get_allocatorEv
                0x0000000000044680       0x20 /home/berkeley/nacl_sdk/pepper_42/toolchain/linux_x86_newlib/bin/../lib/gcc/x86_64-nacl/4.4.3/../../../../x86_64-nacl/lib/../lib64/libstdc++.a(string-inst.o)
                0x0000000000044680                _ZNKSs13get_allocatorEv
 .text._ZNKSs5rfindEcj
                0x00000000000446a0       0x80 /home/berkeley/nacl_sdk/pepper_42/toolchain/linux_x86_newlib/bin/../lib/gcc/x86_64-nacl/4.4.3/../../../../x86_64-nacl/lib/../lib64/libstdc++.a(string-inst.o)
                0x00000000000446a0                _ZNKSs5rfindEcj
 .text._ZNKSs12find_last_ofEcj
                0x0000000000044720       0x20 /home/berkeley/nacl_sdk/pepper_42/toolchain/linux_x86_newlib/bin/../lib/gcc/x86_64-nacl/4.4.3/../../../../x86_64-nacl/lib/../lib64/libstdc++.a(string-inst.o)
                0x0000000000044720                _ZNKSs12find_last_ofEcj
 .text._ZNKSs17find_first_not_ofEcj
                0x0000000000044740       0xe0 /home/berkeley/nacl_sdk/pepper_42/toolchain/linux_x86_newlib/bin/../lib/gcc/x86_64-nacl/4.4.3/../../../../x86_64-nacl/lib/../lib64/libstdc++.a(string-inst.o)
                0x0000000000044740                _ZNKSs17find_first_not_ofEcj
 .text._ZNKSs16find_last_not_ofEcj
                0x0000000000044820       0xc0 /home/berkeley/nacl_sdk/pepper_42/toolchain/linux_x86_newlib/bin/../lib/gcc/x86_64-nacl/4.4.3/../../../../x86_64-nacl/lib/../lib64/libstdc++.a(string-inst.o)
                0x0000000000044820                _ZNKSs16find_last_not_ofEcj
 .text._ZNSs12_Alloc_hiderC2EPcRKSaIcE
                0x00000000000448e0       0x20 /home/berkeley/nacl_sdk/pepper_42/toolchain/linux_x86_newlib/bin/../lib/gcc/x86_64-nacl/4.4.3/../../../../x86_64-nacl/lib/../lib64/libstdc++.a(string-inst.o)
                0x00000000000448e0                _ZNSs12_Alloc_hiderC2EPcRKSaIcE
 .text._ZNSs12_Alloc_hiderC1EPcRKSaIcE
                0x0000000000044900       0x20 /home/berkeley/nacl_sdk/pepper_42/toolchain/linux_x86_newlib/bin/../lib/gcc/x86_64-nacl/4.4.3/../../../../x86_64-nacl/lib/../lib64/libstdc++.a(string-inst.o)
                0x0000000000044900                _ZNSs12_Alloc_hiderC1EPcRKSaIcE
 .text._ZNSs4_Rep12_S_empty_repEv
                0x0000000000044920       0x20 /home/berkeley/nacl_sdk/pepper_42/toolchain/linux_x86_newlib/bin/../lib/gcc/x86_64-nacl/4.4.3/../../../../x86_64-nacl/lib/../lib64/libstdc++.a(string-inst.o)
                0x0000000000044920                _ZNSs4_Rep12_S_empty_repEv
 .text._ZNKSs4_Rep12_M_is_leakedEv
                0x0000000000044940       0x20 /home/berkeley/nacl_sdk/pepper_42/toolchain/linux_x86_newlib/bin/../lib/gcc/x86_64-nacl/4.4.3/../../../../x86_64-nacl/lib/../lib64/libstdc++.a(string-inst.o)
                0x0000000000044940                _ZNKSs4_Rep12_M_is_leakedEv
 .text._ZNKSs4_Rep12_M_is_sharedEv
                0x0000000000044960       0x20 /home/berkeley/nacl_sdk/pepper_42/toolchain/linux_x86_newlib/bin/../lib/gcc/x86_64-nacl/4.4.3/../../../../x86_64-nacl/lib/../lib64/libstdc++.a(string-inst.o)
                0x0000000000044960                _ZNKSs4_Rep12_M_is_sharedEv
 .text._ZNSs4_Rep13_M_set_leakedEv
                0x0000000000044980       0x20 /home/berkeley/nacl_sdk/pepper_42/toolchain/linux_x86_newlib/bin/../lib/gcc/x86_64-nacl/4.4.3/../../../../x86_64-nacl/lib/../lib64/libstdc++.a(string-inst.o)
                0x0000000000044980                _ZNSs4_Rep13_M_set_leakedEv
 .text._ZNSs4_Rep15_M_set_sharableEv
                0x00000000000449a0       0x20 /home/berkeley/nacl_sdk/pepper_42/toolchain/linux_x86_newlib/bin/../lib/gcc/x86_64-nacl/4.4.3/../../../../x86_64-nacl/lib/../lib64/libstdc++.a(string-inst.o)
                0x00000000000449a0                _ZNSs4_Rep15_M_set_sharableEv
 .text._ZNSs4_Rep26_M_set_length_and_sharableEj
                0x00000000000449c0       0x40 /home/berkeley/nacl_sdk/pepper_42/toolchain/linux_x86_newlib/bin/../lib/gcc/x86_64-nacl/4.4.3/../../../../x86_64-nacl/lib/../lib64/libstdc++.a(string-inst.o)
                0x00000000000449c0                _ZNSs4_Rep26_M_set_length_and_sharableEj
 .text._ZNSs4_Rep10_M_refdataEv
                0x0000000000044a00       0x20 /home/berkeley/nacl_sdk/pepper_42/toolchain/linux_x86_newlib/bin/../lib/gcc/x86_64-nacl/4.4.3/../../../../x86_64-nacl/lib/../lib64/libstdc++.a(string-inst.o)
                0x0000000000044a00                _ZNSs4_Rep10_M_refdataEv
 .text._ZN9__gnu_cxxeqIPcSsEEbRKNS_17__normal_iteratorIT_T0_EES7_
                0x0000000000044a20       0x20 /home/berkeley/nacl_sdk/pepper_42/toolchain/linux_x86_newlib/bin/../lib/gcc/x86_64-nacl/4.4.3/../../../../x86_64-nacl/lib/../lib64/libstdc++.a(string-inst.o)
                0x0000000000044a20                _ZN9__gnu_cxxeqIPcSsEEbRKNS_17__normal_iteratorIT_T0_EES7_
 .text._ZN9__gnu_cxxeqIPKcSsEEbRKNS_17__normal_iteratorIT_T0_EES8_
                0x0000000000044a40       0x20 /home/berkeley/nacl_sdk/pepper_42/toolchain/linux_x86_newlib/bin/../lib/gcc/x86_64-nacl/4.4.3/../../../../x86_64-nacl/lib/../lib64/libstdc++.a(string-inst.o)
                0x0000000000044a40                _ZN9__gnu_cxxeqIPKcSsEEbRKNS_17__normal_iteratorIT_T0_EES8_
 .text._ZNSs4_Rep10_M_refcopyEv
                0x0000000000044a60       0x60 /home/berkeley/nacl_sdk/pepper_42/toolchain/linux_x86_newlib/bin/../lib/gcc/x86_64-nacl/4.4.3/../../../../x86_64-nacl/lib/../lib64/libstdc++.a(string-inst.o)
                0x0000000000044a60                _ZNSs4_Rep10_M_refcopyEv
 .text._ZNSs4_Rep10_M_destroyERKSaIcE
                0x0000000000044ac0       0x20 /home/berkeley/nacl_sdk/pepper_42/toolchain/linux_x86_newlib/bin/../lib/gcc/x86_64-nacl/4.4.3/../../../../x86_64-nacl/lib/../lib64/libstdc++.a(string-inst.o)
                0x0000000000044ac0                _ZNSs4_Rep10_M_destroyERKSaIcE
 .text._ZNSs4_Rep10_M_disposeERKSaIcE
                0x0000000000044ae0       0x60 /home/berkeley/nacl_sdk/pepper_42/toolchain/linux_x86_newlib/bin/../lib/gcc/x86_64-nacl/4.4.3/../../../../x86_64-nacl/lib/../lib64/libstdc++.a(string-inst.o)
                0x0000000000044ae0                _ZNSs4_Rep10_M_disposeERKSaIcE
 .text._ZNKSs15_M_check_lengthEjjPKc
                0x0000000000044b40       0x60 /home/berkeley/nacl_sdk/pepper_42/toolchain/linux_x86_newlib/bin/../lib/gcc/x86_64-nacl/4.4.3/../../../../x86_64-nacl/lib/../lib64/libstdc++.a(string-inst.o)
                0x0000000000044b40                _ZNKSs15_M_check_lengthEjjPKc
 .text._ZNSs4_Rep9_S_createEjjRKSaIcE
                0x0000000000044ba0      0x120 /home/berkeley/nacl_sdk/pepper_42/toolchain/linux_x86_newlib/bin/../lib/gcc/x86_64-nacl/4.4.3/../../../../x86_64-nacl/lib/../lib64/libstdc++.a(string-inst.o)
                0x0000000000044ba0                _ZNSs4_Rep9_S_createEjjRKSaIcE
 .text._ZNKSs4findEPKcjj
                0x0000000000044cc0      0x140 /home/berkeley/nacl_sdk/pepper_42/toolchain/linux_x86_newlib/bin/../lib/gcc/x86_64-nacl/4.4.3/../../../../x86_64-nacl/lib/../lib64/libstdc++.a(string-inst.o)
                0x0000000000044cc0                _ZNKSs4findEPKcjj
 .text._ZNKSs4findERKSsj
                0x0000000000044e00       0x20 /home/berkeley/nacl_sdk/pepper_42/toolchain/linux_x86_newlib/bin/../lib/gcc/x86_64-nacl/4.4.3/../../../../x86_64-nacl/lib/../lib64/libstdc++.a(string-inst.o)
                0x0000000000044e00                _ZNKSs4findERKSsj
 .text._ZNKSs4findEcj
                0x0000000000044e20       0x80 /home/berkeley/nacl_sdk/pepper_42/toolchain/linux_x86_newlib/bin/../lib/gcc/x86_64-nacl/4.4.3/../../../../x86_64-nacl/lib/../lib64/libstdc++.a(string-inst.o)
                0x0000000000044e20                _ZNKSs4findEcj
 .text._ZNKSs13find_first_ofEcj
                0x0000000000044ea0       0x20 /home/berkeley/nacl_sdk/pepper_42/toolchain/linux_x86_newlib/bin/../lib/gcc/x86_64-nacl/4.4.3/../../../../x86_64-nacl/lib/../lib64/libstdc++.a(string-inst.o)
                0x0000000000044ea0                _ZNKSs13find_first_ofEcj
 .text._ZNKSs2atEj
                0x0000000000044ec0       0x60 /home/berkeley/nacl_sdk/pepper_42/toolchain/linux_x86_newlib/bin/../lib/gcc/x86_64-nacl/4.4.3/../../../../x86_64-nacl/lib/../lib64/libstdc++.a(string-inst.o)
                0x0000000000044ec0                _ZNKSs2atEj
 .text._ZNKSs8_M_checkEjPKc
                0x0000000000044f20       0x60 /home/berkeley/nacl_sdk/pepper_42/toolchain/linux_x86_newlib/bin/../lib/gcc/x86_64-nacl/4.4.3/../../../../x86_64-nacl/lib/../lib64/libstdc++.a(string-inst.o)
                0x0000000000044f20                _ZNKSs8_M_checkEjPKc
 .text._ZNSs9_M_assignEPcjc
                0x0000000000044f80       0x40 /home/berkeley/nacl_sdk/pepper_42/toolchain/linux_x86_newlib/bin/../lib/gcc/x86_64-nacl/4.4.3/../../../../x86_64-nacl/lib/../lib64/libstdc++.a(string-inst.o)
                0x0000000000044f80                _ZNSs9_M_assignEPcjc
 .text._ZNSs7_M_moveEPcPKcj
                0x0000000000044fc0       0x40 /home/berkeley/nacl_sdk/pepper_42/toolchain/linux_x86_newlib/bin/../lib/gcc/x86_64-nacl/4.4.3/../../../../x86_64-nacl/lib/../lib64/libstdc++.a(string-inst.o)
                0x0000000000044fc0                _ZNSs7_M_moveEPcPKcj
 .text._ZNSs7_M_copyEPcPKcj
                0x0000000000045000       0x40 /home/berkeley/nacl_sdk/pepper_42/toolchain/linux_x86_newlib/bin/../lib/gcc/x86_64-nacl/4.4.3/../../../../x86_64-nacl/lib/../lib64/libstdc++.a(string-inst.o)
                0x0000000000045000                _ZNSs7_M_copyEPcPKcj
 .text._ZNKSs16find_last_not_ofEPKcjj
                0x0000000000045040       0xe0 /home/berkeley/nacl_sdk/pepper_42/toolchain/linux_x86_newlib/bin/../lib/gcc/x86_64-nacl/4.4.3/../../../../x86_64-nacl/lib/../lib64/libstdc++.a(string-inst.o)
                0x0000000000045040                _ZNKSs16find_last_not_ofEPKcjj
 .text._ZNKSs16find_last_not_ofERKSsj
                0x0000000000045120       0x20 /home/berkeley/nacl_sdk/pepper_42/toolchain/linux_x86_newlib/bin/../lib/gcc/x86_64-nacl/4.4.3/../../../../x86_64-nacl/lib/../lib64/libstdc++.a(string-inst.o)
                0x0000000000045120                _ZNKSs16find_last_not_ofERKSsj
 .text._ZNKSs17find_first_not_ofEPKcjj
                0x0000000000045140       0xe0 /home/berkeley/nacl_sdk/pepper_42/toolchain/linux_x86_newlib/bin/../lib/gcc/x86_64-nacl/4.4.3/../../../../x86_64-nacl/lib/../lib64/libstdc++.a(string-inst.o)
                0x0000000000045140                _ZNKSs17find_first_not_ofEPKcjj
 .text._ZNKSs17find_first_not_ofERKSsj
                0x0000000000045220       0x20 /home/berkeley/nacl_sdk/pepper_42/toolchain/linux_x86_newlib/bin/../lib/gcc/x86_64-nacl/4.4.3/../../../../x86_64-nacl/lib/../lib64/libstdc++.a(string-inst.o)
                0x0000000000045220                _ZNKSs17find_first_not_ofERKSsj
 .text._ZNKSs12find_last_ofEPKcjj
                0x0000000000045240      0x100 /home/berkeley/nacl_sdk/pepper_42/toolchain/linux_x86_newlib/bin/../lib/gcc/x86_64-nacl/4.4.3/../../../../x86_64-nacl/lib/../lib64/libstdc++.a(string-inst.o)
                0x0000000000045240                _ZNKSs12find_last_ofEPKcjj
 .text._ZNKSs12find_last_ofERKSsj
                0x0000000000045340       0x20 /home/berkeley/nacl_sdk/pepper_42/toolchain/linux_x86_newlib/bin/../lib/gcc/x86_64-nacl/4.4.3/../../../../x86_64-nacl/lib/../lib64/libstdc++.a(string-inst.o)
                0x0000000000045340                _ZNKSs12find_last_ofERKSsj
 .text._ZNKSs13find_first_ofEPKcjj
                0x0000000000045360       0xc0 /home/berkeley/nacl_sdk/pepper_42/toolchain/linux_x86_newlib/bin/../lib/gcc/x86_64-nacl/4.4.3/../../../../x86_64-nacl/lib/../lib64/libstdc++.a(string-inst.o)
                0x0000000000045360                _ZNKSs13find_first_ofEPKcjj
 .text._ZNKSs13find_first_ofERKSsj
                0x0000000000045420       0x20 /home/berkeley/nacl_sdk/pepper_42/toolchain/linux_x86_newlib/bin/../lib/gcc/x86_64-nacl/4.4.3/../../../../x86_64-nacl/lib/../lib64/libstdc++.a(string-inst.o)
                0x0000000000045420                _ZNKSs13find_first_ofERKSsj
 .text._ZNKSs5rfindEPKcjj
                0x0000000000045440       0xe0 /home/berkeley/nacl_sdk/pepper_42/toolchain/linux_x86_newlib/bin/../lib/gcc/x86_64-nacl/4.4.3/../../../../x86_64-nacl/lib/../lib64/libstdc++.a(string-inst.o)
                0x0000000000045440                _ZNKSs5rfindEPKcjj
 .text._ZNKSs5rfindERKSsj
                0x0000000000045520       0x20 /home/berkeley/nacl_sdk/pepper_42/toolchain/linux_x86_newlib/bin/../lib/gcc/x86_64-nacl/4.4.3/../../../../x86_64-nacl/lib/../lib64/libstdc++.a(string-inst.o)
                0x0000000000045520                _ZNKSs5rfindERKSsj
 .text._ZNKSs7compareEjjPKcj
                0x0000000000045540       0xa0 /home/berkeley/nacl_sdk/pepper_42/toolchain/linux_x86_newlib/bin/../lib/gcc/x86_64-nacl/4.4.3/../../../../x86_64-nacl/lib/../lib64/libstdc++.a(string-inst.o)
                0x0000000000045540                _ZNKSs7compareEjjPKcj
 .text._ZNKSs7compareEjjRKSsjj
                0x00000000000455e0       0xc0 /home/berkeley/nacl_sdk/pepper_42/toolchain/linux_x86_newlib/bin/../lib/gcc/x86_64-nacl/4.4.3/../../../../x86_64-nacl/lib/../lib64/libstdc++.a(string-inst.o)
                0x00000000000455e0                _ZNKSs7compareEjjRKSsjj
 .text._ZNKSs7compareEjjRKSs
                0x00000000000456a0       0xc0 /home/berkeley/nacl_sdk/pepper_42/toolchain/linux_x86_newlib/bin/../lib/gcc/x86_64-nacl/4.4.3/../../../../x86_64-nacl/lib/../lib64/libstdc++.a(string-inst.o)
                0x00000000000456a0                _ZNKSs7compareEjjRKSs
 .text._ZNKSs7compareERKSs
                0x0000000000045760       0x80 /home/berkeley/nacl_sdk/pepper_42/toolchain/linux_x86_newlib/bin/../lib/gcc/x86_64-nacl/4.4.3/../../../../x86_64-nacl/lib/../lib64/libstdc++.a(string-inst.o)
                0x0000000000045760                _ZNKSs7compareERKSs
 .text._ZNKSs7compareEPKc
                0x00000000000457e0       0xa0 /home/berkeley/nacl_sdk/pepper_42/toolchain/linux_x86_newlib/bin/../lib/gcc/x86_64-nacl/4.4.3/../../../../x86_64-nacl/lib/../lib64/libstdc++.a(string-inst.o)
                0x00000000000457e0                _ZNKSs7compareEPKc
 .text._ZNKSs5rfindEPKcj
                0x0000000000045880       0x80 /home/berkeley/nacl_sdk/pepper_42/toolchain/linux_x86_newlib/bin/../lib/gcc/x86_64-nacl/4.4.3/../../../../x86_64-nacl/lib/../lib64/libstdc++.a(string-inst.o)
                0x0000000000045880                _ZNKSs5rfindEPKcj
 .text._ZNKSs4findEPKcj
                0x0000000000045900       0x80 /home/berkeley/nacl_sdk/pepper_42/toolchain/linux_x86_newlib/bin/../lib/gcc/x86_64-nacl/4.4.3/../../../../x86_64-nacl/lib/../lib64/libstdc++.a(string-inst.o)
                0x0000000000045900                _ZNKSs4findEPKcj
 .text._ZNKSs16find_last_not_ofEPKcj
                0x0000000000045980       0x80 /home/berkeley/nacl_sdk/pepper_42/toolchain/linux_x86_newlib/bin/../lib/gcc/x86_64-nacl/4.4.3/../../../../x86_64-nacl/lib/../lib64/libstdc++.a(string-inst.o)
                0x0000000000045980                _ZNKSs16find_last_not_ofEPKcj
 .text._ZNKSs17find_first_not_ofEPKcj
                0x0000000000045a00       0x80 /home/berkeley/nacl_sdk/pepper_42/toolchain/linux_x86_newlib/bin/../lib/gcc/x86_64-nacl/4.4.3/../../../../x86_64-nacl/lib/../lib64/libstdc++.a(string-inst.o)
                0x0000000000045a00                _ZNKSs17find_first_not_ofEPKcj
 .text._ZNKSs12find_last_ofEPKcj
                0x0000000000045a80       0x80 /home/berkeley/nacl_sdk/pepper_42/toolchain/linux_x86_newlib/bin/../lib/gcc/x86_64-nacl/4.4.3/../../../../x86_64-nacl/lib/../lib64/libstdc++.a(string-inst.o)
                0x0000000000045a80                _ZNKSs12find_last_ofEPKcj
 .text._ZNKSs13find_first_ofEPKcj
                0x0000000000045b00       0x80 /home/berkeley/nacl_sdk/pepper_42/toolchain/linux_x86_newlib/bin/../lib/gcc/x86_64-nacl/4.4.3/../../../../x86_64-nacl/lib/../lib64/libstdc++.a(string-inst.o)
                0x0000000000045b00                _ZNKSs13find_first_ofEPKcj
 .text._ZNKSs7compareEjjPKc
                0x0000000000045b80      0x100 /home/berkeley/nacl_sdk/pepper_42/toolchain/linux_x86_newlib/bin/../lib/gcc/x86_64-nacl/4.4.3/../../../../x86_64-nacl/lib/../lib64/libstdc++.a(string-inst.o)
                0x0000000000045b80                _ZNKSs7compareEjjPKc
 .text._ZNSsD1Ev
                0x0000000000045c80       0x80 /home/berkeley/nacl_sdk/pepper_42/toolchain/linux_x86_newlib/bin/../lib/gcc/x86_64-nacl/4.4.3/../../../../x86_64-nacl/lib/../lib64/libstdc++.a(string-inst.o)
                0x0000000000045c80                _ZNSsD1Ev
 .text._ZNSsD2Ev
                0x0000000000045d00       0x80 /home/berkeley/nacl_sdk/pepper_42/toolchain/linux_x86_newlib/bin/../lib/gcc/x86_64-nacl/4.4.3/../../../../x86_64-nacl/lib/../lib64/libstdc++.a(string-inst.o)
                0x0000000000045d00                _ZNSsD2Ev
 .text._ZNSs13_S_copy_charsEPcS_S_
                0x0000000000045d80       0x40 /home/berkeley/nacl_sdk/pepper_42/toolchain/linux_x86_newlib/bin/../lib/gcc/x86_64-nacl/4.4.3/../../../../x86_64-nacl/lib/../lib64/libstdc++.a(string-inst.o)
                0x0000000000045d80                _ZNSs13_S_copy_charsEPcS_S_
 .text._ZNSs13_S_copy_charsEPcPKcS1_
                0x0000000000045dc0       0x40 /home/berkeley/nacl_sdk/pepper_42/toolchain/linux_x86_newlib/bin/../lib/gcc/x86_64-nacl/4.4.3/../../../../x86_64-nacl/lib/../lib64/libstdc++.a(string-inst.o)
                0x0000000000045dc0                _ZNSs13_S_copy_charsEPcPKcS1_
 .text._ZNSs13_S_copy_charsEPcN9__gnu_cxx17__normal_iteratorIPKcSsEES4_
                0x0000000000045e00       0x40 /home/berkeley/nacl_sdk/pepper_42/toolchain/linux_x86_newlib/bin/../lib/gcc/x86_64-nacl/4.4.3/../../../../x86_64-nacl/lib/../lib64/libstdc++.a(string-inst.o)
                0x0000000000045e00                _ZNSs13_S_copy_charsEPcN9__gnu_cxx17__normal_iteratorIPKcSsEES4_
 .text._ZNSs13_S_copy_charsEPcN9__gnu_cxx17__normal_iteratorIS_SsEES2_
                0x0000000000045e40       0x40 /home/berkeley/nacl_sdk/pepper_42/toolchain/linux_x86_newlib/bin/../lib/gcc/x86_64-nacl/4.4.3/../../../../x86_64-nacl/lib/../lib64/libstdc++.a(string-inst.o)
                0x0000000000045e40                _ZNSs13_S_copy_charsEPcN9__gnu_cxx17__normal_iteratorIS_SsEES2_
 .text._ZNKSs4copyEPcjj
                0x0000000000045e80       0xc0 /home/berkeley/nacl_sdk/pepper_42/toolchain/linux_x86_newlib/bin/../lib/gcc/x86_64-nacl/4.4.3/../../../../x86_64-nacl/lib/../lib64/libstdc++.a(string-inst.o)
                0x0000000000045e80                _ZNKSs4copyEPcjj
 .text._ZNSs4_Rep8_M_cloneERKSaIcEj
                0x0000000000045f40      0x100 /home/berkeley/nacl_sdk/pepper_42/toolchain/linux_x86_newlib/bin/../lib/gcc/x86_64-nacl/4.4.3/../../../../x86_64-nacl/lib/../lib64/libstdc++.a(string-inst.o)
                0x0000000000045f40                _ZNSs4_Rep8_M_cloneERKSaIcEj
 .text._ZNSs4_Rep7_M_grabERKSaIcES2_
                0x0000000000046040       0x80 /home/berkeley/nacl_sdk/pepper_42/toolchain/linux_x86_newlib/bin/../lib/gcc/x86_64-nacl/4.4.3/../../../../x86_64-nacl/lib/../lib64/libstdc++.a(string-inst.o)
                0x0000000000046040                _ZNSs4_Rep7_M_grabERKSaIcES2_
 .text._ZNSs7reserveEj
                0x00000000000460c0      0x160 /home/berkeley/nacl_sdk/pepper_42/toolchain/linux_x86_newlib/bin/../lib/gcc/x86_64-nacl/4.4.3/../../../../x86_64-nacl/lib/../lib64/libstdc++.a(string-inst.o)
                0x00000000000460c0                _ZNSs7reserveEj
 .text._ZNSs9push_backEc
                0x0000000000046220      0x100 /home/berkeley/nacl_sdk/pepper_42/toolchain/linux_x86_newlib/bin/../lib/gcc/x86_64-nacl/4.4.3/../../../../x86_64-nacl/lib/../lib64/libstdc++.a(string-inst.o)
                0x0000000000046220                _ZNSs9push_backEc
 .text._ZNSs6appendEjc
                0x0000000000046320      0x1c0 /home/berkeley/nacl_sdk/pepper_42/toolchain/linux_x86_newlib/bin/../lib/gcc/x86_64-nacl/4.4.3/../../../../x86_64-nacl/lib/../lib64/libstdc++.a(string-inst.o)
                0x0000000000046320                _ZNSs6appendEjc
 .text._ZNSs6appendEPKcj
                0x00000000000464e0      0x220 /home/berkeley/nacl_sdk/pepper_42/toolchain/linux_x86_newlib/bin/../lib/gcc/x86_64-nacl/4.4.3/../../../../x86_64-nacl/lib/../lib64/libstdc++.a(string-inst.o)
                0x00000000000464e0                _ZNSs6appendEPKcj
 .text._ZNSs6appendEPKc
                0x0000000000046700       0x40 /home/berkeley/nacl_sdk/pepper_42/toolchain/linux_x86_newlib/bin/../lib/gcc/x86_64-nacl/4.4.3/../../../../x86_64-nacl/lib/../lib64/libstdc++.a(string-inst.o)
                0x0000000000046700                _ZNSs6appendEPKc
 .text._ZNSspLEPKc
                0x0000000000046740       0x40 /home/berkeley/nacl_sdk/pepper_42/toolchain/linux_x86_newlib/bin/../lib/gcc/x86_64-nacl/4.4.3/../../../../x86_64-nacl/lib/../lib64/libstdc++.a(string-inst.o)
                0x0000000000046740                _ZNSspLEPKc
 .text._ZNSs6appendERKSsjj
                0x0000000000046780      0x1a0 /home/berkeley/nacl_sdk/pepper_42/toolchain/linux_x86_newlib/bin/../lib/gcc/x86_64-nacl/4.4.3/../../../../x86_64-nacl/lib/../lib64/libstdc++.a(string-inst.o)
                0x0000000000046780                _ZNSs6appendERKSsjj
 .text._ZNSs6appendERKSs
                0x0000000000046920      0x180 /home/berkeley/nacl_sdk/pepper_42/toolchain/linux_x86_newlib/bin/../lib/gcc/x86_64-nacl/4.4.3/../../../../x86_64-nacl/lib/../lib64/libstdc++.a(string-inst.o)
                0x0000000000046920                _ZNSs6appendERKSs
 .text._ZNSspLERKSs
                0x0000000000046aa0       0x20 /home/berkeley/nacl_sdk/pepper_42/toolchain/linux_x86_newlib/bin/../lib/gcc/x86_64-nacl/4.4.3/../../../../x86_64-nacl/lib/../lib64/libstdc++.a(string-inst.o)
                0x0000000000046aa0                _ZNSspLERKSs
 .text._ZStplIcSt11char_traitsIcESaIcEESbIT_T0_T1_ES3_RKS6_
                0x0000000000046ac0      0x120 /home/berkeley/nacl_sdk/pepper_42/toolchain/linux_x86_newlib/bin/../lib/gcc/x86_64-nacl/4.4.3/../../../../x86_64-nacl/lib/../lib64/libstdc++.a(string-inst.o)
                0x0000000000046ac0                _ZStplIcSt11char_traitsIcESaIcEESbIT_T0_T1_ES3_RKS6_
 .text._ZStplIcSt11char_traitsIcESaIcEESbIT_T0_T1_EPKS3_RKS6_
                0x0000000000046be0      0x140 /home/berkeley/nacl_sdk/pepper_42/toolchain/linux_x86_newlib/bin/../lib/gcc/x86_64-nacl/4.4.3/../../../../x86_64-nacl/lib/../lib64/libstdc++.a(string-inst.o)
                0x0000000000046be0                _ZStplIcSt11char_traitsIcESaIcEESbIT_T0_T1_EPKS3_RKS6_
 .text._ZNSspLEc
                0x0000000000046d20      0x100 /home/berkeley/nacl_sdk/pepper_42/toolchain/linux_x86_newlib/bin/../lib/gcc/x86_64-nacl/4.4.3/../../../../x86_64-nacl/lib/../lib64/libstdc++.a(string-inst.o)
                0x0000000000046d20                _ZNSspLEc
 .text._ZNSsC1ERKSs
                0x0000000000046e20       0xe0 /home/berkeley/nacl_sdk/pepper_42/toolchain/linux_x86_newlib/bin/../lib/gcc/x86_64-nacl/4.4.3/../../../../x86_64-nacl/lib/../lib64/libstdc++.a(string-inst.o)
                0x0000000000046e20                _ZNSsC1ERKSs
 .text._ZStplIcSt11char_traitsIcESaIcEESbIT_T0_T1_ERKS6_S8_
                0x0000000000046f00       0xa0 /home/berkeley/nacl_sdk/pepper_42/toolchain/linux_x86_newlib/bin/../lib/gcc/x86_64-nacl/4.4.3/../../../../x86_64-nacl/lib/../lib64/libstdc++.a(string-inst.o)
                0x0000000000046f00                _ZStplIcSt11char_traitsIcESaIcEESbIT_T0_T1_ERKS6_S8_
 .text._ZNSsC2ERKSs
                0x0000000000046fa0       0xe0 /home/berkeley/nacl_sdk/pepper_42/toolchain/linux_x86_newlib/bin/../lib/gcc/x86_64-nacl/4.4.3/../../../../x86_64-nacl/lib/../lib64/libstdc++.a(string-inst.o)
                0x0000000000046fa0                _ZNSsC2ERKSs
 .text._ZNSs6assignERKSs
                0x0000000000047080      0x1a0 /home/berkeley/nacl_sdk/pepper_42/toolchain/linux_x86_newlib/bin/../lib/gcc/x86_64-nacl/4.4.3/../../../../x86_64-nacl/lib/../lib64/libstdc++.a(string-inst.o)
                0x0000000000047080                _ZNSs6assignERKSs
 .text._ZNSsaSERKSs
                0x0000000000047220       0x20 /home/berkeley/nacl_sdk/pepper_42/toolchain/linux_x86_newlib/bin/../lib/gcc/x86_64-nacl/4.4.3/../../../../x86_64-nacl/lib/../lib64/libstdc++.a(string-inst.o)
                0x0000000000047220                _ZNSsaSERKSs
 .text._ZNSs12_S_constructIPKcEEPcT_S3_RKSaIcESt20forward_iterator_tag
                0x0000000000047240      0x180 /home/berkeley/nacl_sdk/pepper_42/toolchain/linux_x86_newlib/bin/../lib/gcc/x86_64-nacl/4.4.3/../../../../x86_64-nacl/lib/../lib64/libstdc++.a(string-inst.o)
                0x0000000000047240                _ZNSs12_S_constructIPKcEEPcT_S3_RKSaIcESt20forward_iterator_tag
 .text._ZNSsC1IPKcEET_S2_RKSaIcE
                0x00000000000473c0       0x40 /home/berkeley/nacl_sdk/pepper_42/toolchain/linux_x86_newlib/bin/../lib/gcc/x86_64-nacl/4.4.3/../../../../x86_64-nacl/lib/../lib64/libstdc++.a(string-inst.o)
                0x00000000000473c0                _ZNSsC1IPKcEET_S2_RKSaIcE
 .text._ZNSsC2IPKcEET_S2_RKSaIcE
                0x0000000000047400       0x40 /home/berkeley/nacl_sdk/pepper_42/toolchain/linux_x86_newlib/bin/../lib/gcc/x86_64-nacl/4.4.3/../../../../x86_64-nacl/lib/../lib64/libstdc++.a(string-inst.o)
                0x0000000000047400                _ZNSsC2IPKcEET_S2_RKSaIcE
 .text._ZNSsC1ESt16initializer_listIcERKSaIcE
                0x0000000000047440       0x40 /home/berkeley/nacl_sdk/pepper_42/toolchain/linux_x86_newlib/bin/../lib/gcc/x86_64-nacl/4.4.3/../../../../x86_64-nacl/lib/../lib64/libstdc++.a(string-inst.o)
                0x0000000000047440                _ZNSsC1ESt16initializer_listIcERKSaIcE
 .text._ZNSsC2ESt16initializer_listIcERKSaIcE
                0x0000000000047480       0x40 /home/berkeley/nacl_sdk/pepper_42/toolchain/linux_x86_newlib/bin/../lib/gcc/x86_64-nacl/4.4.3/../../../../x86_64-nacl/lib/../lib64/libstdc++.a(string-inst.o)
                0x0000000000047480                _ZNSsC2ESt16initializer_listIcERKSaIcE
 .text._ZNSsC1EPKcRKSaIcE
                0x00000000000474c0       0xc0 /home/berkeley/nacl_sdk/pepper_42/toolchain/linux_x86_newlib/bin/../lib/gcc/x86_64-nacl/4.4.3/../../../../x86_64-nacl/lib/../lib64/libstdc++.a(string-inst.o)
                0x00000000000474c0                _ZNSsC1EPKcRKSaIcE
 .text._ZNSsC2EPKcRKSaIcE
                0x0000000000047580       0xc0 /home/berkeley/nacl_sdk/pepper_42/toolchain/linux_x86_newlib/bin/../lib/gcc/x86_64-nacl/4.4.3/../../../../x86_64-nacl/lib/../lib64/libstdc++.a(string-inst.o)
                0x0000000000047580                _ZNSsC2EPKcRKSaIcE
 .text._ZNSsC1EPKcjRKSaIcE
                0x0000000000047640       0x40 /home/berkeley/nacl_sdk/pepper_42/toolchain/linux_x86_newlib/bin/../lib/gcc/x86_64-nacl/4.4.3/../../../../x86_64-nacl/lib/../lib64/libstdc++.a(string-inst.o)
                0x0000000000047640                _ZNSsC1EPKcjRKSaIcE
 .text._ZNSsC2EPKcjRKSaIcE
                0x0000000000047680       0x40 /home/berkeley/nacl_sdk/pepper_42/toolchain/linux_x86_newlib/bin/../lib/gcc/x86_64-nacl/4.4.3/../../../../x86_64-nacl/lib/../lib64/libstdc++.a(string-inst.o)
                0x0000000000047680                _ZNSsC2EPKcjRKSaIcE
 .text._ZNSs12_S_constructIPcEES0_T_S1_RKSaIcESt20forward_iterator_tag
                0x00000000000476c0      0x180 /home/berkeley/nacl_sdk/pepper_42/toolchain/linux_x86_newlib/bin/../lib/gcc/x86_64-nacl/4.4.3/../../../../x86_64-nacl/lib/../lib64/libstdc++.a(string-inst.o)
                0x00000000000476c0                _ZNSs12_S_constructIPcEES0_T_S1_RKSaIcESt20forward_iterator_tag
 .text._ZNSsC1IPcEET_S1_RKSaIcE
                0x0000000000047840       0x40 /home/berkeley/nacl_sdk/pepper_42/toolchain/linux_x86_newlib/bin/../lib/gcc/x86_64-nacl/4.4.3/../../../../x86_64-nacl/lib/../lib64/libstdc++.a(string-inst.o)
                0x0000000000047840                _ZNSsC1IPcEET_S1_RKSaIcE
 .text._ZNSsC2IPcEET_S1_RKSaIcE
                0x0000000000047880       0x40 /home/berkeley/nacl_sdk/pepper_42/toolchain/linux_x86_newlib/bin/../lib/gcc/x86_64-nacl/4.4.3/../../../../x86_64-nacl/lib/../lib64/libstdc++.a(string-inst.o)
                0x0000000000047880                _ZNSsC2IPcEET_S1_RKSaIcE
 .text._ZNSsC1ERKSsjjRKSaIcE
                0x00000000000478c0       0x80 /home/berkeley/nacl_sdk/pepper_42/toolchain/linux_x86_newlib/bin/../lib/gcc/x86_64-nacl/4.4.3/../../../../x86_64-nacl/lib/../lib64/libstdc++.a(string-inst.o)
                0x00000000000478c0                _ZNSsC1ERKSsjjRKSaIcE
 .text._ZNSsC2ERKSsjjRKSaIcE
                0x0000000000047940       0x80 /home/berkeley/nacl_sdk/pepper_42/toolchain/linux_x86_newlib/bin/../lib/gcc/x86_64-nacl/4.4.3/../../../../x86_64-nacl/lib/../lib64/libstdc++.a(string-inst.o)
                0x0000000000047940                _ZNSsC2ERKSsjjRKSaIcE
 .text._ZNSsC1ERKSsjj
                0x00000000000479c0       0xa0 /home/berkeley/nacl_sdk/pepper_42/toolchain/linux_x86_newlib/bin/../lib/gcc/x86_64-nacl/4.4.3/../../../../x86_64-nacl/lib/../lib64/libstdc++.a(string-inst.o)
                0x00000000000479c0                _ZNSsC1ERKSsjj
 .text._ZNKSs6substrEjj
                0x0000000000047a60       0x60 /home/berkeley/nacl_sdk/pepper_42/toolchain/linux_x86_newlib/bin/../lib/gcc/x86_64-nacl/4.4.3/../../../../x86_64-nacl/lib/../lib64/libstdc++.a(string-inst.o)
                0x0000000000047a60                _ZNKSs6substrEjj
 .text._ZNSsC2ERKSsjj
                0x0000000000047ac0       0xa0 /home/berkeley/nacl_sdk/pepper_42/toolchain/linux_x86_newlib/bin/../lib/gcc/x86_64-nacl/4.4.3/../../../../x86_64-nacl/lib/../lib64/libstdc++.a(string-inst.o)
                0x0000000000047ac0                _ZNSsC2ERKSsjj
 .text._ZNSs12_S_constructEjcRKSaIcE
                0x0000000000047b60       0xe0 /home/berkeley/nacl_sdk/pepper_42/toolchain/linux_x86_newlib/bin/../lib/gcc/x86_64-nacl/4.4.3/../../../../x86_64-nacl/lib/../lib64/libstdc++.a(string-inst.o)
                0x0000000000047b60                _ZNSs12_S_constructEjcRKSaIcE
 .text._ZNSsC1EjcRKSaIcE
                0x0000000000047c40       0x40 /home/berkeley/nacl_sdk/pepper_42/toolchain/linux_x86_newlib/bin/../lib/gcc/x86_64-nacl/4.4.3/../../../../x86_64-nacl/lib/../lib64/libstdc++.a(string-inst.o)
                0x0000000000047c40                _ZNSsC1EjcRKSaIcE
 .text._ZNSsC2EjcRKSaIcE
                0x0000000000047c80       0x40 /home/berkeley/nacl_sdk/pepper_42/toolchain/linux_x86_newlib/bin/../lib/gcc/x86_64-nacl/4.4.3/../../../../x86_64-nacl/lib/../lib64/libstdc++.a(string-inst.o)
                0x0000000000047c80                _ZNSsC2EjcRKSaIcE
 .text._ZNSsC1ERKSaIcE
                0x0000000000047cc0       0x40 /home/berkeley/nacl_sdk/pepper_42/toolchain/linux_x86_newlib/bin/../lib/gcc/x86_64-nacl/4.4.3/../../../../x86_64-nacl/lib/../lib64/libstdc++.a(string-inst.o)
                0x0000000000047cc0                _ZNSsC1ERKSaIcE
 .text._ZNSsC2ERKSaIcE
                0x0000000000047d00       0x40 /home/berkeley/nacl_sdk/pepper_42/toolchain/linux_x86_newlib/bin/../lib/gcc/x86_64-nacl/4.4.3/../../../../x86_64-nacl/lib/../lib64/libstdc++.a(string-inst.o)
                0x0000000000047d00                _ZNSsC2ERKSaIcE
 .text._ZNSs12_S_constructIN9__gnu_cxx17__normal_iteratorIPcSsEEEES2_T_S4_RKSaIcESt20forward_iterator_tag
                0x0000000000047d40       0xe0 /home/berkeley/nacl_sdk/pepper_42/toolchain/linux_x86_newlib/bin/../lib/gcc/x86_64-nacl/4.4.3/../../../../x86_64-nacl/lib/../lib64/libstdc++.a(string-inst.o)
                0x0000000000047d40                _ZNSs12_S_constructIN9__gnu_cxx17__normal_iteratorIPcSsEEEES2_T_S4_RKSaIcESt20forward_iterator_tag
 .text._ZNSsC1IN9__gnu_cxx17__normal_iteratorIPcSsEEEET_S4_RKSaIcE
                0x0000000000047e20       0x40 /home/berkeley/nacl_sdk/pepper_42/toolchain/linux_x86_newlib/bin/../lib/gcc/x86_64-nacl/4.4.3/../../../../x86_64-nacl/lib/../lib64/libstdc++.a(string-inst.o)
                0x0000000000047e20                _ZNSsC1IN9__gnu_cxx17__normal_iteratorIPcSsEEEET_S4_RKSaIcE
 .text._ZNSsC2IN9__gnu_cxx17__normal_iteratorIPcSsEEEET_S4_RKSaIcE
                0x0000000000047e60       0x40 /home/berkeley/nacl_sdk/pepper_42/toolchain/linux_x86_newlib/bin/../lib/gcc/x86_64-nacl/4.4.3/../../../../x86_64-nacl/lib/../lib64/libstdc++.a(string-inst.o)
                0x0000000000047e60                _ZNSsC2IN9__gnu_cxx17__normal_iteratorIPcSsEEEET_S4_RKSaIcE
 .text._ZNSs9_M_mutateEjjj
                0x0000000000047ea0      0x340 /home/berkeley/nacl_sdk/pepper_42/toolchain/linux_x86_newlib/bin/../lib/gcc/x86_64-nacl/4.4.3/../../../../x86_64-nacl/lib/../lib64/libstdc++.a(string-inst.o)
                0x0000000000047ea0                _ZNSs9_M_mutateEjjj
 .text._ZNSs15_M_replace_safeEjjPKcj
                0x00000000000481e0      0x100 /home/berkeley/nacl_sdk/pepper_42/toolchain/linux_x86_newlib/bin/../lib/gcc/x86_64-nacl/4.4.3/../../../../x86_64-nacl/lib/../lib64/libstdc++.a(string-inst.o)
                0x00000000000481e0                _ZNSs15_M_replace_safeEjjPKcj
 .text._ZNSs6assignEPKcj
                0x00000000000482e0      0x1a0 /home/berkeley/nacl_sdk/pepper_42/toolchain/linux_x86_newlib/bin/../lib/gcc/x86_64-nacl/4.4.3/../../../../x86_64-nacl/lib/../lib64/libstdc++.a(string-inst.o)
                0x00000000000482e0                _ZNSs6assignEPKcj
 .text._ZNSs6assignEPKc
                0x0000000000048480       0x40 /home/berkeley/nacl_sdk/pepper_42/toolchain/linux_x86_newlib/bin/../lib/gcc/x86_64-nacl/4.4.3/../../../../x86_64-nacl/lib/../lib64/libstdc++.a(string-inst.o)
                0x0000000000048480                _ZNSs6assignEPKc
 .text._ZNSs6assignERKSsjj
                0x00000000000484c0       0x60 /home/berkeley/nacl_sdk/pepper_42/toolchain/linux_x86_newlib/bin/../lib/gcc/x86_64-nacl/4.4.3/../../../../x86_64-nacl/lib/../lib64/libstdc++.a(string-inst.o)
                0x00000000000484c0                _ZNSs6assignERKSsjj
 .text._ZNSsaSEPKc
                0x0000000000048520       0x40 /home/berkeley/nacl_sdk/pepper_42/toolchain/linux_x86_newlib/bin/../lib/gcc/x86_64-nacl/4.4.3/../../../../x86_64-nacl/lib/../lib64/libstdc++.a(string-inst.o)
                0x0000000000048520                _ZNSsaSEPKc
 .text._ZNSs14_M_replace_auxEjjjc
                0x0000000000048560      0x140 /home/berkeley/nacl_sdk/pepper_42/toolchain/linux_x86_newlib/bin/../lib/gcc/x86_64-nacl/4.4.3/../../../../x86_64-nacl/lib/../lib64/libstdc++.a(string-inst.o)
                0x0000000000048560                _ZNSs14_M_replace_auxEjjjc
 .text._ZNSs7replaceEN9__gnu_cxx17__normal_iteratorIPcSsEES2_jc
                0x00000000000486a0       0x20 /home/berkeley/nacl_sdk/pepper_42/toolchain/linux_x86_newlib/bin/../lib/gcc/x86_64-nacl/4.4.3/../../../../x86_64-nacl/lib/../lib64/libstdc++.a(string-inst.o)
                0x00000000000486a0                _ZNSs7replaceEN9__gnu_cxx17__normal_iteratorIPcSsEES2_jc
 .text._ZNSs7replaceEjjjc
                0x00000000000486c0       0x60 /home/berkeley/nacl_sdk/pepper_42/toolchain/linux_x86_newlib/bin/../lib/gcc/x86_64-nacl/4.4.3/../../../../x86_64-nacl/lib/../lib64/libstdc++.a(string-inst.o)
                0x00000000000486c0                _ZNSs7replaceEjjjc
 .text._ZNSs6insertEN9__gnu_cxx17__normal_iteratorIPcSsEEc
                0x0000000000048720       0x80 /home/berkeley/nacl_sdk/pepper_42/toolchain/linux_x86_newlib/bin/../lib/gcc/x86_64-nacl/4.4.3/../../../../x86_64-nacl/lib/../lib64/libstdc++.a(string-inst.o)
                0x0000000000048720                _ZNSs6insertEN9__gnu_cxx17__normal_iteratorIPcSsEEc
 .text._ZNSs6insertEjjc
                0x00000000000487a0       0x60 /home/berkeley/nacl_sdk/pepper_42/toolchain/linux_x86_newlib/bin/../lib/gcc/x86_64-nacl/4.4.3/../../../../x86_64-nacl/lib/../lib64/libstdc++.a(string-inst.o)
                0x00000000000487a0                _ZNSs6insertEjjc
 .text._ZNSs6assignEjc
                0x0000000000048800       0x20 /home/berkeley/nacl_sdk/pepper_42/toolchain/linux_x86_newlib/bin/../lib/gcc/x86_64-nacl/4.4.3/../../../../x86_64-nacl/lib/../lib64/libstdc++.a(string-inst.o)
                0x0000000000048800                _ZNSs6assignEjc
 .text._ZNSs6insertEN9__gnu_cxx17__normal_iteratorIPcSsEEjc
                0x0000000000048820       0x20 /home/berkeley/nacl_sdk/pepper_42/toolchain/linux_x86_newlib/bin/../lib/gcc/x86_64-nacl/4.4.3/../../../../x86_64-nacl/lib/../lib64/libstdc++.a(string-inst.o)
                0x0000000000048820                _ZNSs6insertEN9__gnu_cxx17__normal_iteratorIPcSsEEjc
 .text._ZNSsaSEc
                0x0000000000048840       0x60 /home/berkeley/nacl_sdk/pepper_42/toolchain/linux_x86_newlib/bin/../lib/gcc/x86_64-nacl/4.4.3/../../../../x86_64-nacl/lib/../lib64/libstdc++.a(string-inst.o)
                0x0000000000048840                _ZNSsaSEc
 .text._ZNSs5eraseEN9__gnu_cxx17__normal_iteratorIPcSsEES2_
                0x00000000000488a0       0x80 /home/berkeley/nacl_sdk/pepper_42/toolchain/linux_x86_newlib/bin/../lib/gcc/x86_64-nacl/4.4.3/../../../../x86_64-nacl/lib/../lib64/libstdc++.a(string-inst.o)
                0x00000000000488a0                _ZNSs5eraseEN9__gnu_cxx17__normal_iteratorIPcSsEES2_
 .text._ZNSs5eraseEN9__gnu_cxx17__normal_iteratorIPcSsEE
                0x0000000000048920       0x80 /home/berkeley/nacl_sdk/pepper_42/toolchain/linux_x86_newlib/bin/../lib/gcc/x86_64-nacl/4.4.3/../../../../x86_64-nacl/lib/../lib64/libstdc++.a(string-inst.o)
                0x0000000000048920                _ZNSs5eraseEN9__gnu_cxx17__normal_iteratorIPcSsEE
 .text._ZNSs5eraseEjj
                0x00000000000489a0       0x80 /home/berkeley/nacl_sdk/pepper_42/toolchain/linux_x86_newlib/bin/../lib/gcc/x86_64-nacl/4.4.3/../../../../x86_64-nacl/lib/../lib64/libstdc++.a(string-inst.o)
                0x00000000000489a0                _ZNSs5eraseEjj
 .text._ZNSs5clearEv
                0x0000000000048a20       0x20 /home/berkeley/nacl_sdk/pepper_42/toolchain/linux_x86_newlib/bin/../lib/gcc/x86_64-nacl/4.4.3/../../../../x86_64-nacl/lib/../lib64/libstdc++.a(string-inst.o)
                0x0000000000048a20                _ZNSs5clearEv
 .text._ZNSs12_M_leak_hardEv
                0x0000000000048a40       0xa0 /home/berkeley/nacl_sdk/pepper_42/toolchain/linux_x86_newlib/bin/../lib/gcc/x86_64-nacl/4.4.3/../../../../x86_64-nacl/lib/../lib64/libstdc++.a(string-inst.o)
                0x0000000000048a40                _ZNSs12_M_leak_hardEv
 .text._ZNSs7_M_leakEv
                0x0000000000048ae0       0x40 /home/berkeley/nacl_sdk/pepper_42/toolchain/linux_x86_newlib/bin/../lib/gcc/x86_64-nacl/4.4.3/../../../../x86_64-nacl/lib/../lib64/libstdc++.a(string-inst.o)
                0x0000000000048ae0                _ZNSs7_M_leakEv
 .text._ZNSs2atEj
                0x0000000000048b20       0xa0 /home/berkeley/nacl_sdk/pepper_42/toolchain/linux_x86_newlib/bin/../lib/gcc/x86_64-nacl/4.4.3/../../../../x86_64-nacl/lib/../lib64/libstdc++.a(string-inst.o)
                0x0000000000048b20                _ZNSs2atEj
 .text._ZNSsixEj
                0x0000000000048bc0       0x80 /home/berkeley/nacl_sdk/pepper_42/toolchain/linux_x86_newlib/bin/../lib/gcc/x86_64-nacl/4.4.3/../../../../x86_64-nacl/lib/../lib64/libstdc++.a(string-inst.o)
                0x0000000000048bc0                _ZNSsixEj
 .text._ZNSs3endEv
                0x0000000000048c40       0x60 /home/berkeley/nacl_sdk/pepper_42/toolchain/linux_x86_newlib/bin/../lib/gcc/x86_64-nacl/4.4.3/../../../../x86_64-nacl/lib/../lib64/libstdc++.a(string-inst.o)
                0x0000000000048c40                _ZNSs3endEv
 .text._ZNSs5beginEv
                0x0000000000048ca0       0x60 /home/berkeley/nacl_sdk/pepper_42/toolchain/linux_x86_newlib/bin/../lib/gcc/x86_64-nacl/4.4.3/../../../../x86_64-nacl/lib/../lib64/libstdc++.a(string-inst.o)
                0x0000000000048ca0                _ZNSs5beginEv
 .text._ZNSs4rendEv