Archive member included because of file (symbol)

/home/berkeley/nacl_sdk/pepper_42/lib/newlib_x86_32/Release/libppapi_cpp.a(instance_x86_32.o)
                              newlib/Release/popcnt_x86_32.o (_ZN2pp8InstanceC2Ei)
/home/berkeley/nacl_sdk/pepper_42/lib/newlib_x86_32/Release/libppapi_cpp.a(module_x86_32.o)
                              newlib/Release/popcnt_x86_32.o (_ZN2pp6ModuleC2Ev)
/home/berkeley/nacl_sdk/pepper_42/lib/newlib_x86_32/Release/libppapi_cpp.a(ppp_entrypoints_x86_32.o)
                              /home/berkeley/nacl_sdk/pepper_42/lib/newlib_x86_32/Release/libppapi_cpp.a(instance_x86_32.o) (_ZN2pp6Module3GetEv)
/home/berkeley/nacl_sdk/pepper_42/lib/newlib_x86_32/Release/libppapi_cpp.a(resource_x86_32.o)
                              /home/berkeley/nacl_sdk/pepper_42/lib/newlib_x86_32/Release/libppapi_cpp.a(module_x86_32.o) (_ZN2pp8ResourceD2Ev)
/home/berkeley/nacl_sdk/pepper_42/lib/newlib_x86_32/Release/libppapi_cpp.a(url_loader_x86_32.o)
                              /home/berkeley/nacl_sdk/pepper_42/lib/newlib_x86_32/Release/libppapi_cpp.a(module_x86_32.o) (_ZN2pp9URLLoaderC1Ei)
/home/berkeley/nacl_sdk/pepper_42/lib/newlib_x86_32/Release/libppapi_cpp.a(url_response_info_x86_32.o)
                              /home/berkeley/nacl_sdk/pepper_42/lib/newlib_x86_32/Release/libppapi_cpp.a(url_loader_x86_32.o) (_ZN2pp15URLResponseInfoC1ENS_7PassRefEi)
/home/berkeley/nacl_sdk/pepper_42/lib/newlib_x86_32/Release/libppapi_cpp.a(var_x86_32.o)
                              /home/berkeley/nacl_sdk/pepper_42/lib/newlib_x86_32/Release/libppapi_cpp.a(module_x86_32.o) (_ZTVN2pp3VarE)
/home/berkeley/nacl_sdk/pepper_42/lib/newlib_x86_32/Release/libppapi_cpp.a(view_x86_32.o)
                              /home/berkeley/nacl_sdk/pepper_42/lib/newlib_x86_32/Release/libppapi_cpp.a(module_x86_32.o) (_ZN2pp4ViewC1Ei)
/home/berkeley/nacl_sdk/pepper_42/lib/newlib_x86_32/Release/libppapi_cpp.a(core_x86_32.o)
                              /home/berkeley/nacl_sdk/pepper_42/lib/newlib_x86_32/Release/libppapi_cpp.a(url_loader_x86_32.o) (_ZN2pp4Core16CallOnMainThreadEiRKNS_18CompletionCallbackEi)
/home/berkeley/nacl_sdk/pepper_42/lib/newlib_x86_32/Release/libppapi_cpp.a(file_ref_x86_32.o)
                              /home/berkeley/nacl_sdk/pepper_42/lib/newlib_x86_32/Release/libppapi_cpp.a(url_response_info_x86_32.o) (_ZN2pp7FileRefC1ENS_7PassRefEi)
/home/berkeley/nacl_sdk/pepper_42/lib/newlib_x86_32/Release/libppapi_cpp.a(input_event_x86_32.o)
                              /home/berkeley/nacl_sdk/pepper_42/lib/newlib_x86_32/Release/libppapi_cpp.a(module_x86_32.o) (_ZN2pp10InputEventD1Ev)
/home/berkeley/nacl_sdk/pepper_42/toolchain/linux_x86_newlib/bin/../lib/gcc/x86_64-nacl/4.4.3/../../../../x86_64-nacl/lib/../lib32/libppapi_stub.a(plugin_main_irt_21ce9d26.o)
                              (main)
/home/berkeley/nacl_sdk/pepper_42/toolchain/linux_x86_newlib/bin/../lib/gcc/x86_64-nacl/4.4.3/../../../../x86_64-nacl/lib/../lib32/libppapi_stub.a(ppapi_plugin_main_399d0cf7.o)
                              /home/berkeley/nacl_sdk/pepper_42/toolchain/linux_x86_newlib/bin/../lib/gcc/x86_64-nacl/4.4.3/../../../../x86_64-nacl/lib/../lib32/libppapi_stub.a(plugin_main_irt_21ce9d26.o) (PpapiPluginMain)
/home/berkeley/nacl_sdk/pepper_42/toolchain/linux_x86_newlib/bin/../lib/gcc/x86_64-nacl/4.4.3/../../../../x86_64-nacl/lib/../lib32/libppapi_stub.a(ppapi_plugin_start_8da67623.o)
                              /home/berkeley/nacl_sdk/pepper_42/toolchain/linux_x86_newlib/bin/../lib/gcc/x86_64-nacl/4.4.3/../../../../x86_64-nacl/lib/../lib32/libppapi_stub.a(ppapi_plugin_main_399d0cf7.o) (PpapiPluginStart)
/home/berkeley/nacl_sdk/pepper_42/toolchain/linux_x86_newlib/bin/../lib/gcc/x86_64-nacl/4.4.3/../../../../x86_64-nacl/lib/../lib32/libppapi_stub.a(thread_creator_ccf263e1.o)
                              /home/berkeley/nacl_sdk/pepper_42/toolchain/linux_x86_newlib/bin/../lib/gcc/x86_64-nacl/4.4.3/../../../../x86_64-nacl/lib/../lib32/libppapi_stub.a(ppapi_plugin_start_8da67623.o) (__nacl_register_thread_creator)
/home/berkeley/nacl_sdk/pepper_42/toolchain/linux_x86_newlib/bin/../lib/gcc/x86_64-nacl/4.4.3/../../../../x86_64-nacl/lib/../lib32/libpthread.a(nc_thread_7e478b15.o)
                              /home/berkeley/nacl_sdk/pepper_42/toolchain/linux_x86_newlib/bin/../lib/gcc/x86_64-nacl/4.4.3/../../../../x86_64-nacl/lib/../lib32/libppapi_stub.a(thread_creator_ccf263e1.o) (pthread_join)
/home/berkeley/nacl_sdk/pepper_42/toolchain/linux_x86_newlib/bin/../lib/gcc/x86_64-nacl/4.4.3/../../../../x86_64-nacl/lib/../lib32/libpthread.a(nc_condvar_305aa45a.o)
                              /home/berkeley/nacl_sdk/pepper_42/toolchain/linux_x86_newlib/bin/../lib/gcc/x86_64-nacl/4.4.3/../../../../x86_64-nacl/lib/../lib32/libpthread.a(nc_thread_7e478b15.o) (pthread_cond_init)
[...]
Memory Configuration

Name             Origin             Length             Attributes
*default*        0x0000000000000000 0xffffffffffffffff

Linker script and memory map

LOAD /home/berkeley/nacl_sdk/pepper_42/toolchain/linux_x86_newlib/bin/../lib/gcc/x86_64-nacl/4.4.3/../../../../x86_64-nacl/lib/../lib32/crt1.o
LOAD /home/berkeley/nacl_sdk/pepper_42/toolchain/linux_x86_newlib/bin/../lib/gcc/x86_64-nacl/4.4.3/../../../../x86_64-nacl/lib/../lib32/crti.o
LOAD /home/berkeley/nacl_sdk/pepper_42/toolchain/linux_x86_newlib/bin/../lib/gcc/x86_64-nacl/4.4.3/32/crtbegin.o
LOAD newlib/Release/popcnt_x86_32.o
LOAD /home/berkeley/nacl_sdk/pepper_42/lib/newlib_x86_32/Release/libppapi_cpp.a
LOAD /home/berkeley/nacl_sdk/pepper_42/toolchain/linux_x86_newlib/bin/../lib/gcc/x86_64-nacl/4.4.3/../../../../x86_64-nacl/lib/../lib32/libppapi.a
LOAD /home/berkeley/nacl_sdk/pepper_42/toolchain/linux_x86_newlib/bin/../lib/gcc/x86_64-nacl/4.4.3/../../../../x86_64-nacl/lib/../lib32/libppapi_stub.a
LOAD /home/berkeley/nacl_sdk/pepper_42/toolchain/linux_x86_newlib/bin/../lib/gcc/x86_64-nacl/4.4.3/../../../../x86_64-nacl/lib/../lib32/libpthread.a
LOAD /home/berkeley/nacl_sdk/pepper_42/toolchain/linux_x86_newlib/bin/../lib/gcc/x86_64-nacl/4.4.3/../../../../x86_64-nacl/lib/../lib32/libstdc++.a
LOAD /home/berkeley/nacl_sdk/pepper_42/toolchain/linux_x86_newlib/bin/../lib/gcc/x86_64-nacl/4.4.3/../../../../x86_64-nacl/lib/../lib32/libm.a
LOAD /home/berkeley/nacl_sdk/pepper_42/toolchain/linux_x86_newlib/bin/../lib/gcc/x86_64-nacl/4.4.3/32/libgcc.a
LOAD /home/berkeley/nacl_sdk/pepper_42/toolchain/linux_x86_newlib/bin/../lib/gcc/x86_64-nacl/4.4.3/../../../../x86_64-nacl/lib/../lib32/libpthread.a
LOAD /home/berkeley/nacl_sdk/pepper_42/toolchain/linux_x86_newlib/bin/../lib/gcc/x86_64-nacl/4.4.3/../../../../x86_64-nacl/lib/../lib32/libc.a
START GROUP
LOAD /home/berkeley/nacl_sdk/pepper_42/toolchain/linux_x86_newlib/bin/../lib/gcc/x86_64-nacl/4.4.3/../../../../x86_64-nacl/lib/../lib32/libnacl.a
LOAD /home/berkeley/nacl_sdk/pepper_42/toolchain/linux_x86_newlib/bin/../lib/gcc/x86_64-nacl/4.4.3/../../../../x86_64-nacl/lib/../lib32/libcrt_common.a
END GROUP
LOAD /home/berkeley/nacl_sdk/pepper_42/toolchain/linux_x86_newlib/bin/../lib/gcc/x86_64-nacl/4.4.3/32/libgcc.a
LOAD /home/berkeley/nacl_sdk/pepper_42/toolchain/linux_x86_newlib/bin/../lib/gcc/x86_64-nacl/4.4.3/32/crtend.o
LOAD /home/berkeley/nacl_sdk/pepper_42/toolchain/linux_x86_newlib/bin/../lib/gcc/x86_64-nacl/4.4.3/../../../../x86_64-nacl/lib/../lib32/crtn.o
                0x0000000000020000                PROVIDE (__executable_start, 0x20000)
                0x0000000000020000                . = 0x20000

.init           0x0000000000020000       0x80
 *(SORT(.init))
 .init          0x0000000000020000       0x20 /home/berkeley/nacl_sdk/pepper_42/toolchain/linux_x86_newlib/bin/../lib/gcc/x86_64-nacl/4.4.3/../../../../x86_64-nacl/lib/../lib32/crti.o
                0x0000000000020000                _init
 .init          0x0000000000020020       0x20 /home/berkeley/nacl_sdk/pepper_42/toolchain/linux_x86_newlib/bin/../lib/gcc/x86_64-nacl/4.4.3/32/crtbegin.o
 .init          0x0000000000020040       0x20 /home/berkeley/nacl_sdk/pepper_42/toolchain/linux_x86_newlib/bin/../lib/gcc/x86_64-nacl/4.4.3/32/crtend.o
 .init          0x0000000000020060       0x20 /home/berkeley/nacl_sdk/pepper_42/toolchain/linux_x86_newlib/bin/../lib/gcc/x86_64-nacl/4.4.3/../../../../x86_64-nacl/lib/../lib32/crtn.o

.plt            0x0000000000020080        0x0
 *(.plt)
 *(.iplt)
 .iplt          0x0000000000000000        0x0 /home/berkeley/nacl_sdk/pepper_42/toolchain/linux_x86_newlib/bin/../lib/gcc/x86_64-nacl/4.4.3/32/crtbegin.o

.text           0x0000000000020080    0x60cc0
 *(.text.unlikely .text.*_unlikely .text.unlikely.*)
 *(.text.exit .text.exit.*)
 *(.text.startup .text.startup.*)
 *(.text.hot .text.hot.*)
 *(.text .stub .text.* .gnu.linkonce.t.*)
 .text          0x0000000000020080        0x0 /home/berkeley/nacl_sdk/pepper_42/toolchain/linux_x86_newlib/bin/../lib/gcc/x86_64-nacl/4.4.3/../../../../x86_64-nacl/lib/../lib32/crti.o
 .text          0x0000000000020080      0x160 /home/berkeley/nacl_sdk/pepper_42/toolchain/linux_x86_newlib/bin/../lib/gcc/x86_64-nacl/4.4.3/32/crtbegin.o
 .text          0x00000000000201e0      0x100 newlib/Release/popcnt_x86_32.o
                0x00000000000201e0                _Z7computej
                0x0000000000020240                _ZN2pp12CreateModuleEv
 .text._ZN19HelloTutorialModule14CreateInstanceEi
                0x00000000000202e0       0xa0 newlib/Release/popcnt_x86_32.o
                0x00000000000202e0                _ZN19HelloTutorialModule14CreateInstanceEi
 .text._ZN21HelloTutorialInstance13HandleMessageERKN2pp3VarE
                0x0000000000020380      0x1a0 newlib/Release/popcnt_x86_32.o
                0x0000000000020380                _ZN21HelloTutorialInstance13HandleMessageERKN2pp3VarE
 .text._ZN21HelloTutorialInstanceD0Ev
                0x0000000000020520       0x40 newlib/Release/popcnt_x86_32.o
                0x0000000000020520                _ZN21HelloTutorialInstanceD0Ev
 .text._ZN21HelloTutorialInstanceD1Ev
                0x0000000000020560       0x20 newlib/Release/popcnt_x86_32.o
                0x0000000000020560                _ZN21HelloTutorialInstanceD1Ev
 .text._ZN19HelloTutorialModuleD0Ev
                0x0000000000020580       0x40 newlib/Release/popcnt_x86_32.o
                0x0000000000020580                _ZN19HelloTutorialModuleD0Ev
 .text._ZN19HelloTutorialModuleD1Ev
                0x00000000000205c0       0x20 newlib/Release/popcnt_x86_32.o
                0x00000000000205c0                _ZN19HelloTutorialModuleD1Ev
 .text          0x00000000000205e0     0x2d60 /home/berkeley/nacl_sdk/pepper_42/lib/newlib_x86_32/Release/libppapi_cpp.a(instance_x86_32.o)
                0x0000000000020600                _ZN2pp8InstanceC2Ei
                0x0000000000020640                _ZN2pp8InstanceC1Ei
                0x0000000000020680                _ZN2pp8Instance4InitEjPPKcS3_
                0x00000000000206a0                _ZN2pp8Instance13DidChangeViewERKNS_4RectES3_
                0x00000000000206c0                _ZN2pp8Instance14DidChangeFocusEb
                0x00000000000206e0                _ZN2pp8Instance18HandleDocumentLoadERKNS_9URLLoaderE
                0x0000000000020700                _ZN2pp8Instance16HandleInputEventERKNS_10InputEventE
                0x0000000000020720                _ZN2pp8Instance13HandleMessageERKNS_3VarE
                0x00000000000209c0                _ZN2pp8Instance13DidChangeViewERKNS_4ViewE
                0x0000000000020aa0                _ZN2pp8InstanceD0Ev
                0x0000000000020b20                _ZN2pp8InstanceD1Ev
                0x0000000000020ba0                _ZN2pp8InstanceD2Ev
                0x0000000000020c20                _ZN2pp8Instance20GetPerInstanceObjectEiRKSs
                0x0000000000020dc0                _ZN2pp8Instance23RemovePerInstanceObjectERKSsPv
                0x0000000000020fe0                _ZN2pp8Instance23RemovePerInstanceObjectERKNS_14InstanceHandleERKSsPv
                0x0000000000021060                _ZN2pp8Instance22LogToConsoleWithSourceE11PP_LogLevelRKNS_3VarES4_
                0x0000000000021320                _ZN2pp8Instance12LogToConsoleE11PP_LogLevelRKNS_3VarE
                0x0000000000021580                _ZN2pp8Instance20AddPerInstanceObjectERKSsPv
                0x0000000000021800                _ZN2pp8Instance22ClearInputEventRequestEj
                0x0000000000021a60                _ZN2pp8Instance22RegisterMessageHandlerEPNS_14MessageHandlerERKNS_11MessageLoopE
                0x0000000000021cc0                _ZN2pp8Instance27RequestFilteringInputEventsEj
                0x0000000000021f20                _ZN2pp8Instance18RequestInputEventsEj
                0x0000000000022180                _ZN2pp8Instance24UnregisterMessageHandlerEv
                0x00000000000223e0                _ZN2pp8Instance12BindGraphicsERKNS_10Graphics2DE
                0x0000000000022680                _ZN2pp8Instance11IsFullFrameEv
                0x0000000000022920                _ZN2pp8Instance12BindGraphicsERKNS_10CompositorE
                0x0000000000022bc0                _ZN2pp8Instance12BindGraphicsERKNS_10Graphics3DE
                0x0000000000022e60                _ZN2pp8Instance11PostMessageERKNS_3VarE
 .text._ZNSt8_Rb_treeISsSt4pairIKSsPvESt10_Select1stIS3_ESt4lessISsESaIS3_EE8_M_eraseEPSt13_Rb_tree_nodeIS3_E
                0x0000000000023340      0x140 /home/berkeley/nacl_sdk/pepper_42/lib/newlib_x86_32/Release/libppapi_cpp.a(instance_x86_32.o)
                0x0000000000023340                _ZNSt8_Rb_treeISsSt4pairIKSsPvESt10_Select1stIS3_ESt4lessISsESaIS3_EE8_M_eraseEPSt13_Rb_tree_nodeIS3_E
 .text._ZNSt8_Rb_treeISsSt4pairIKSsPvESt10_Select1stIS3_ESt4lessISsESaIS3_EE10_M_insert_EPKSt18_Rb_tree_node_baseSC_RKS3_
                0x0000000000023480      0x1e0 /home/berkeley/nacl_sdk/pepper_42/lib/newlib_x86_32/Release/libppapi_cpp.a(instance_x86_32.o)
                0x0000000000023480                _ZNSt8_Rb_treeISsSt4pairIKSsPvESt10_Select1stIS3_ESt4lessISsESaIS3_EE10_M_insert_EPKSt18_Rb_tree_node_baseSC_RKS3_
 .text._ZNSt8_Rb_treeISsSt4pairIKSsPvESt10_Select1stIS3_ESt4lessISsESaIS3_EE16_M_insert_uniqueERKS3_
                0x0000000000023660      0x260 /home/berkeley/nacl_sdk/pepper_42/lib/newlib_x86_32/Release/libppapi_cpp.a(instance_x86_32.o)
                0x0000000000023660                _ZNSt8_Rb_treeISsSt4pairIKSsPvESt10_Select1stIS3_ESt4lessISsESaIS3_EE16_M_insert_uniqueERKS3_
 .text._ZNSt8_Rb_treeISsSt4pairIKSsPvESt10_Select1stIS3_ESt4lessISsESaIS3_EE17_M_insert_unique_ESt23_Rb_tree_const_iteratorIS3_ERKS3_
                0x00000000000238c0      0x400 /home/berkeley/nacl_sdk/pepper_42/lib/newlib_x86_32/Release/libppapi_cpp.a(instance_x86_32.o)
                0x00000000000238c0                _ZNSt8_Rb_treeISsSt4pairIKSsPvESt10_Select1stIS3_ESt4lessISsESaIS3_EE17_M_insert_unique_ESt23_Rb_tree_const_iteratorIS3_ERKS3_
 .text          0x0000000000023cc0     0x1540 /home/berkeley/nacl_sdk/pepper_42/lib/newlib_x86_32/Release/libppapi_cpp.a(module_x86_32.o)
                0x0000000000023cc0                _ZN2pp6ModuleC2Ev
                0x0000000000023d40                _ZN2pp6ModuleC1Ev
                0x0000000000023dc0                _ZN2pp6Module4InitEv
                0x0000000000023de0                _ZN2pp6Module19GetBrowserInterfaceEPKc
                0x0000000000023e00                _ZN2pp6Module21InstanceForPPInstanceEi
                0x0000000000023ee0                _ZN2pp6Module12InternalInitEiPFPKvPKcE
                0x0000000000023f80                _ZN2pp23Instance_DidChangeFocusEi7PP_Bool
                0x0000000000024080                _ZN2pp18Instance_DidCreateEijPPKcS2_
                0x0000000000024240                _ZN2pp23Messaging_HandleMessageEi6PP_Var
                0x00000000000243e0                _ZN2pp19Instance_DidDestroyEi
                0x0000000000024500                _ZN2pp22InputEvent_HandleEventEii
                0x00000000000246a0                _ZN2pp27Instance_HandleDocumentLoadEii
                0x0000000000024840                _ZN2pp22Instance_DidChangeViewEii
                0x00000000000249c0                _ZN2pp6ModuleD1Ev
                0x0000000000024ac0                _ZN2pp6Module18GetPluginInterfaceEPKc
                0x0000000000024dc0                _ZN2pp6Module18AddPluginInterfaceERKSsPKv
                0x0000000000025000                _ZN2pp6ModuleD0Ev
                0x0000000000025100                _ZN2pp6ModuleD2Ev
 .text._ZNSt8_Rb_treeIiSt4pairIKiPN2pp8InstanceEESt10_Select1stIS5_ESt4lessIiESaIS5_EE8_M_eraseEPSt13_Rb_tree_nodeIS5_E
                0x0000000000025200       0xa0 /home/berkeley/nacl_sdk/pepper_42/lib/newlib_x86_32/Release/libppapi_cpp.a(module_x86_32.o)
                0x0000000000025200                _ZNSt8_Rb_treeIiSt4pairIKiPN2pp8InstanceEESt10_Select1stIS5_ESt4lessIiESaIS5_EE8_M_eraseEPSt13_Rb_tree_nodeIS5_E
 .text._ZNSt8_Rb_treeIiSt4pairIKiPN2pp8InstanceEESt10_Select1stIS5_ESt4lessIiESaIS5_EE10_M_insert_EPKSt18_Rb_tree_node_baseSE_RKS5_
                0x00000000000252a0      0x120 /home/berkeley/nacl_sdk/pepper_42/lib/newlib_x86_32/Release/libppapi_cpp.a(module_x86_32.o)
                0x00000000000252a0                _ZNSt8_Rb_treeIiSt4pairIKiPN2pp8InstanceEESt10_Select1stIS5_ESt4lessIiESaIS5_EE10_M_insert_EPKSt18_Rb_tree_node_baseSE_RKS5_
 .text._ZNSt8_Rb_treeIiSt4pairIKiPN2pp8InstanceEESt10_Select1stIS5_ESt4lessIiESaIS5_EE16_M_insert_uniqueERKS5_
                0x00000000000253c0      0x1a0 /home/berkeley/nacl_sdk/pepper_42/lib/newlib_x86_32/Release/libppapi_cpp.a(module_x86_32.o)
                0x00000000000253c0                _ZNSt8_Rb_treeIiSt4pairIKiPN2pp8InstanceEESt10_Select1stIS5_ESt4lessIiESaIS5_EE16_M_insert_uniqueERKS5_
 .text._ZNSt8_Rb_treeIiSt4pairIKiPN2pp8InstanceEESt10_Select1stIS5_ESt4lessIiESaIS5_EE17_M_insert_unique_ESt23_Rb_tree_const_iteratorIS5_ERKS5_
                0x0000000000025560      0x260 /home/berkeley/nacl_sdk/pepper_42/lib/newlib_x86_32/Release/libppapi_cpp.a(module_x86_32.o)
                0x0000000000025560                _ZNSt8_Rb_treeIiSt4pairIKiPN2pp8InstanceEESt10_Select1stIS5_ESt4lessIiESaIS5_EE17_M_insert_unique_ESt23_Rb_tree_const_iteratorIS5_ERKS5_
 .text._ZN2pp9URLLoaderD1Ev
                0x00000000000257c0       0x20 /home/berkeley/nacl_sdk/pepper_42/lib/newlib_x86_32/Release/libppapi_cpp.a(module_x86_32.o)
                0x00000000000257c0                _ZN2pp9URLLoaderD1Ev
 .text._ZN2pp9URLLoaderD0Ev
                0x00000000000257e0       0x40 /home/berkeley/nacl_sdk/pepper_42/lib/newlib_x86_32/Release/libppapi_cpp.a(module_x86_32.o)
                0x00000000000257e0                _ZN2pp9URLLoaderD0Ev
 .text._ZN2pp4ViewD1Ev
                0x0000000000025820       0x20 /home/berkeley/nacl_sdk/pepper_42/lib/newlib_x86_32/Release/libppapi_cpp.a(module_x86_32.o)
                0x0000000000025820                _ZN2pp4ViewD1Ev
 .text._ZN2pp4ViewD0Ev
                0x0000000000025840       0x40 /home/berkeley/nacl_sdk/pepper_42/lib/newlib_x86_32/Release/libppapi_cpp.a(module_x86_32.o)
                0x0000000000025840                _ZN2pp4ViewD0Ev
 .text._ZNSt8_Rb_treeISsSt4pairIKSsPKvESt10_Select1stIS4_ESt4lessISsESaIS4_EE8_M_eraseEPSt13_Rb_tree_nodeIS4_E
                0x0000000000025880      0x140 /home/berkeley/nacl_sdk/pepper_42/lib/newlib_x86_32/Release/libppapi_cpp.a(module_x86_32.o)
                0x0000000000025880                _ZNSt8_Rb_treeISsSt4pairIKSsPKvESt10_Select1stIS4_ESt4lessISsESaIS4_EE8_M_eraseEPSt13_Rb_tree_nodeIS4_E
 .text._ZNSt8_Rb_treeISsSt4pairIKSsPKvESt10_Select1stIS4_ESt4lessISsESaIS4_EE10_M_insert_EPKSt18_Rb_tree_node_baseSD_RKS4_
                0x00000000000259c0      0x1e0 /home/berkeley/nacl_sdk/pepper_42/lib/newlib_x86_32/Release/libppapi_cpp.a(module_x86_32.o)
                0x00000000000259c0                _ZNSt8_Rb_treeISsSt4pairIKSsPKvESt10_Select1stIS4_ESt4lessISsESaIS4_EE10_M_insert_EPKSt18_Rb_tree_node_baseSD_RKS4_
 .text._ZNSt8_Rb_treeISsSt4pairIKSsPKvESt10_Select1stIS4_ESt4lessISsESaIS4_EE16_M_insert_uniqueERKS4_
                0x0000000000025ba0      0x260 /home/berkeley/nacl_sdk/pepper_42/lib/newlib_x86_32/Release/libppapi_cpp.a(module_x86_32.o)
                0x0000000000025ba0                _ZNSt8_Rb_treeISsSt4pairIKSsPKvESt10_Select1stIS4_ESt4lessISsESaIS4_EE16_M_insert_uniqueERKS4_
 .text._ZNSt8_Rb_treeISsSt4pairIKSsPKvESt10_Select1stIS4_ESt4lessISsESaIS4_EE17_M_insert_unique_ESt23_Rb_tree_const_iteratorIS4_ERKS4_
                0x0000000000025e00      0x400 /home/berkeley/nacl_sdk/pepper_42/lib/newlib_x86_32/Release/libppapi_cpp.a(module_x86_32.o)
                0x0000000000025e00                _ZNSt8_Rb_treeISsSt4pairIKSsPKvESt10_Select1stIS4_ESt4lessISsESaIS4_EE17_M_insert_unique_ESt23_Rb_tree_const_iteratorIS4_ERKS4_
 .text          0x0000000000026200      0x1c0 /home/berkeley/nacl_sdk/pepper_42/lib/newlib_x86_32/Release/libppapi_cpp.a(ppp_entrypoints_x86_32.o)
                0x0000000000026200                _ZN2pp6Module3GetEv
                0x0000000000026220                _ZN2pp25SetBrokerGetInterfaceFuncEPFPKvPKcE
                0x0000000000026240                PPP_ShutdownModule
                0x0000000000026280                PPP_GetInterface
                0x00000000000262e0                PPP_InitializeModule
 .text          0x00000000000263c0      0x5a0 /home/berkeley/nacl_sdk/pepper_42/lib/newlib_x86_32/Release/libppapi_cpp.a(resource_x86_32.o)
                0x00000000000263c0                _ZN2pp8ResourceC2Ev
                0x00000000000263e0                _ZN2pp8ResourceC1Ev
                0x0000000000026400                _ZN2pp8Resource6detachEv
                0x0000000000026420                _ZN2pp8ResourceC2ENS_7PassRefEi
                0x0000000000026440                _ZN2pp8ResourceC1ENS_7PassRefEi
                0x0000000000026460                _ZN2pp8Resource22PassRefFromConstructorEi
                0x0000000000026480                _ZN2pp8Resource5ClearEv
                0x0000000000026500                _ZN2pp8ResourceC1Ei
                0x0000000000026580                _ZN2pp8ResourceC2Ei
                0x0000000000026600                _ZN2pp8ResourceaSERKS0_
                0x00000000000266e0                _ZN2pp8ResourceC1ERKS0_
                0x0000000000026760                _ZN2pp8ResourceC2ERKS0_
                0x00000000000267e0                _ZN2pp8ResourceD1Ev
                0x0000000000026860                _ZN2pp8ResourceD2Ev
                0x00000000000268e0                _ZN2pp8ResourceD0Ev
 .text          0x0000000000026960     0x1e20 /home/berkeley/nacl_sdk/pepper_42/lib/newlib_x86_32/Release/libppapi_cpp.a(url_loader_x86_32.o)
                0x0000000000026960                _ZN2pp9URLLoaderC1ERKS0_
                0x00000000000269a0                _ZN2pp9URLLoaderC2ERKS0_
                0x00000000000269e0                _ZN2pp9URLLoaderC1Ei
                0x0000000000026a20                _ZN2pp9URLLoaderC2Ei
                0x0000000000026a60                _ZN2pp9URLLoader16ReadResponseBodyEPviRKNS_18CompletionCallbackE
                0x0000000000026d80                _ZN2pp9URLLoader14FollowRedirectERKNS_18CompletionCallbackE
                0x00000000000270a0                _ZN2pp9URLLoaderC1ERKNS_14InstanceHandleE
                0x00000000000273c0                _ZNK2pp9URLLoader19GetDownloadProgressEPxS1_
                0x0000000000027660                _ZN2pp9URLLoader5CloseEv
                0x00000000000278c0                _ZN2pp9URLLoaderC2ERKNS_14InstanceHandleE
                0x0000000000027be0                _ZN2pp9URLLoader21FinishStreamingToFileERKNS_18CompletionCallbackE
                0x0000000000027f00                _ZNK2pp9URLLoader15GetResponseInfoEv
                0x00000000000281c0                _ZNK2pp9URLLoader17GetUploadProgressEPxS1_
                0x0000000000028460                _ZN2pp9URLLoader4OpenERKNS_14URLRequestInfoERKNS_18CompletionCallbackE
 .text._ZN2pp15URLResponseInfoD1Ev
                0x0000000000028780       0x20 /home/berkeley/nacl_sdk/pepper_42/lib/newlib_x86_32/Release/libppapi_cpp.a(url_loader_x86_32.o)
                0x0000000000028780                _ZN2pp15URLResponseInfoD1Ev
 .text._ZN2pp15URLResponseInfoD0Ev
                0x00000000000287a0       0x40 /home/berkeley/nacl_sdk/pepper_42/lib/newlib_x86_32/Release/libppapi_cpp.a(url_loader_x86_32.o)
                0x00000000000287a0                _ZN2pp15URLResponseInfoD0Ev
 .text          0x00000000000287e0      0x700 /home/berkeley/nacl_sdk/pepper_42/lib/newlib_x86_32/Release/libppapi_cpp.a(url_response_info_x86_32.o)
                0x00000000000287e0                _ZN2pp15URLResponseInfoC1ENS_7PassRefEi
                0x0000000000028840                _ZN2pp15URLResponseInfoC2ENS_7PassRefEi
                0x00000000000288a0                _ZN2pp15URLResponseInfoC1ERKS0_
                0x00000000000288e0                _ZN2pp15URLResponseInfoC2ERKS0_
                0x0000000000028920                _ZNK2pp15URLResponseInfo16GetBodyAsFileRefEv
                0x0000000000028c00                _ZNK2pp15URLResponseInfo11GetPropertyE22PP_URLResponseProperty
 .text._ZN2pp7FileRefD1Ev
                0x0000000000028ee0       0x20 /home/berkeley/nacl_sdk/pepper_42/lib/newlib_x86_32/Release/libppapi_cpp.a(url_response_info_x86_32.o)
                0x0000000000028ee0                _ZN2pp7FileRefD1Ev
 .text._ZN2pp7FileRefD0Ev
                0x0000000000028f00       0x40 /home/berkeley/nacl_sdk/pepper_42/lib/newlib_x86_32/Release/libppapi_cpp.a(url_response_info_x86_32.o)
                0x0000000000028f00                _ZN2pp7FileRefD0Ev
 .text          0x0000000000028f40     0x39a0 /home/berkeley/nacl_sdk/pepper_42/lib/newlib_x86_32/Release/libppapi_cpp.a(var_x86_32.o)
                0x0000000000028f40                _ZN2pp3VarC2Eb
                0x0000000000028f80                _ZN2pp3VarC1Eb
                0x0000000000028fc0                _ZN2pp3VarC2Ei
                0x0000000000029000                _ZN2pp3VarC1Ei
                0x0000000000029040                _ZN2pp3VarC2Ed
                0x0000000000029080                _ZN2pp3VarC1Ed
                0x00000000000290c0                _ZNK2pp3Var6AsBoolEv
                0x0000000000029100                _ZNK2pp3Var5AsIntEv
                0x00000000000291a0                _ZNK2pp3Var8AsDoubleEv
                0x0000000000029320                _ZN2pp3VarC1ENS0_4NullE
                0x0000000000029360                _ZN2pp3VarC2ENS0_4NullE
                0x00000000000293a0                _ZN2pp3VarC1Ev
                0x00000000000293e0                _ZN2pp3VarC2Ev
                0x0000000000029420                _ZNK2pp3Var8AsStringEv
                0x0000000000029b20                _ZNK2pp3Var11DebugStringEv
                0x000000000002a060                _ZNK2pp3VareqERKS0_
                0x000000000002a4c0                _ZN2pp3VarC1ERKNS_8ResourceE
                0x000000000002a780                _ZN2pp3VarC2ERKNS_8ResourceE
                0x000000000002b0a0                _ZN2pp3VarC1ERKSs
                0x000000000002b100                _ZN2pp3VarC2ERKSs
                0x000000000002b160                _ZN2pp3VarC1EPKc
                0x000000000002b220                _ZN2pp3VarC2EPKc
                0x000000000002ba20                _ZN2pp3VarC1ERKS0_
                0x000000000002bac0                _ZN2pp3VarC2ERKS0_
                0x000000000002bb60                _ZN2pp3VarC1ERK6PP_Var
                0x000000000002bc00                _ZN2pp3VarC2ERK6PP_Var
                0x000000000002c3e0                _ZN2pp3VaraSERKS0_
                0x000000000002c4c0                _ZN2pp3VarD0Ev
                0x000000000002c520                _ZN2pp3VarD1Ev
                0x000000000002c580                _ZN2pp3VarD2Ev
                0x000000000002c5e0                _ZNK2pp3Var10AsResourceEv
 .text          0x000000000002c8e0     0x2f80 /home/berkeley/nacl_sdk/pepper_42/lib/newlib_x86_32/Release/libppapi_cpp.a(view_x86_32.o)
                0x000000000002ca00                _ZN2pp4ViewC1Ei
                0x000000000002ca40                _ZN2pp4ViewC2Ei
                0x000000000002ca80                _ZN2pp4ViewC1Ev
                0x000000000002cac0                _ZN2pp4ViewC2Ev
                0x000000000002cb00                _ZNK2pp4View15GetScrollOffsetEv
                0x000000000002cdc0                _ZNK2pp4View11GetClipRectEv
                0x000000000002d400                _ZNK2pp4View14GetDeviceScaleEv
                0x000000000002d860                _ZNK2pp4View11GetCSSScaleEv
                0x000000000002dcc0                _ZNK2pp4View7GetRectEv
                0x000000000002e300                _ZNK2pp4View13IsPageVisibleEv
                0x000000000002ea20                _ZNK2pp4View9IsVisibleEv
                0x000000000002f140                _ZNK2pp4View12IsFullscreenEv
 .text          0x000000000002f860       0xc0 /home/berkeley/nacl_sdk/pepper_42/lib/newlib_x86_32/Release/libppapi_cpp.a(core_x86_32.o)
                0x000000000002f860                _ZN2pp4Core16CallOnMainThreadEiRKNS_18CompletionCallbackEi
                0x000000000002f8e0                _ZN2pp4Core12IsMainThreadEv
 .text          0x000000000002f920     0x55a0 /home/berkeley/nacl_sdk/pepper_42/lib/newlib_x86_32/Release/libppapi_cpp.a(file_ref_x86_32.o)
                0x000000000002fa40                _ZN2pp7FileRefC1ERKS0_
                0x000000000002fa80                _ZN2pp7FileRefC2ERKS0_
                0x000000000002fac0                _ZN2pp7FileRefC1ENS_7PassRefEi
                0x000000000002fb20                _ZN2pp7FileRefC2ENS_7PassRefEi
                0x000000000002fb80                _ZN2pp7FileRefC1Ei
                0x000000000002fbc0                _ZN2pp7FileRefC2Ei
                0x000000000002fc00                _ZN2pp7FileRef13MakeDirectoryEiRKNS_18CompletionCallbackE
                0x0000000000030360                _ZN2pp7FileRef20ReadDirectoryEntriesERKNS_28CompletionCallbackWithOutputISt6vectorINS_14DirectoryEntryESaIS3_EEEE
                0x00000000000308e0                _ZN2pp7FileRef5QueryERKNS_28CompletionCallbackWithOutputI11PP_FileInfoEE
                0x0000000000030e60                _ZN2pp7FileRefC1ERKNS_10FileSystemEPKc
                0x00000000000314a0                _ZNK2pp7FileRef17GetFileSystemTypeEv
                0x0000000000031b00                _ZN2pp7FileRef6RenameERKS0_RKNS_18CompletionCallbackE
                0x00000000000322a0                _ZN2pp7FileRef6DeleteERKNS_18CompletionCallbackE
                0x0000000000032a60                _ZN2pp7FileRef5TouchEddRKNS_18CompletionCallbackE
                0x0000000000033240                _ZNK2pp7FileRef7GetPathEv
                0x0000000000033a00                _ZNK2pp7FileRef7GetNameEv
                0x00000000000341c0                _ZNK2pp7FileRef9GetParentEv
                0x0000000000034880                _ZN2pp7FileRefC2ERKNS_10FileSystemEPKc
 .text._ZNK2pp18CompletionCallback8MayForceEi
                0x0000000000034ec0       0xc0 /home/berkeley/nacl_sdk/pepper_42/lib/newlib_x86_32/Release/libppapi_cpp.a(file_ref_x86_32.o)
                0x0000000000034ec0                _ZNK2pp18CompletionCallback8MayForceEi
 .text          0x0000000000034f80     0x93e0 /home/berkeley/nacl_sdk/pepper_42/lib/newlib_x86_32/Release/libppapi_cpp.a(input_event_x86_32.o)
                0x00000000000352e0                _ZN2pp10InputEventD0Ev
                0x0000000000035320                _ZN2pp10InputEventD1Ev
                0x0000000000035340                _ZN2pp10InputEventD2Ev
                0x0000000000035360                _ZN2pp10InputEventC1Ev
                0x00000000000353a0                _ZN2pp10InputEventC2Ev
                0x00000000000353e0                _ZN2pp13IMEInputEventC1Ev
                0x0000000000035420                _ZN2pp13IMEInputEventC2Ev
                0x0000000000035460                _ZN2pp15TouchInputEventC1Ev
                0x00000000000354a0                _ZN2pp15TouchInputEventC2Ev
                0x00000000000354e0                _ZN2pp18KeyboardInputEventC1Ev
                0x0000000000035520                _ZN2pp18KeyboardInputEventC2Ev
                0x0000000000035560                _ZN2pp15WheelInputEventC1Ev
                0x00000000000355a0                _ZN2pp15WheelInputEventC2Ev
                0x00000000000355e0                _ZN2pp15MouseInputEventC1Ev
                0x0000000000035620                _ZN2pp15MouseInputEventC2Ev
                0x0000000000035660                _ZN2pp10InputEventC2Ei
                0x00000000000359c0                _ZNK2pp10InputEvent12GetModifiersEv
                0x0000000000035c20                _ZNK2pp10InputEvent12GetTimeStampEv
                0x0000000000035e80                _ZNK2pp10InputEvent7GetTypeEv
                0x00000000000360e0                _ZN2pp10InputEventC1Ei
                0x0000000000036440                _ZNK2pp15WheelInputEvent15GetScrollByPageEv
                0x00000000000366e0                _ZN2pp15WheelInputEventC1ERKNS_14InstanceHandleEdjRKNS_10FloatPointES6_b
                0x0000000000036a20                _ZN2pp15WheelInputEventC2ERKNS_14InstanceHandleEdjRKNS_10FloatPointES6_b
                0x0000000000036d60                _ZN2pp15WheelInputEventC2ERKNS_10InputEventE
                0x00000000000370c0                _ZNK2pp15WheelInputEvent8GetTicksEv
                0x0000000000037360                _ZNK2pp15WheelInputEvent8GetDeltaEv
                0x0000000000037600                _ZN2pp18KeyboardInputEventC2ERKNS_10InputEventE
                0x0000000000037980                _ZN2pp18KeyboardInputEventC1ERKNS_10InputEventE
                0x0000000000037d00                _ZN2pp18KeyboardInputEventC1ERKNS_14InstanceHandleE18PP_InputEvent_TypedjjRKNS_3VarES7_
                0x0000000000038040                _ZN2pp18KeyboardInputEventC1ERKNS_14InstanceHandleE18PP_InputEvent_TypedjjRKNS_3VarE
                0x00000000000384e0                _ZN2pp18KeyboardInputEventC2ERKNS_14InstanceHandleE18PP_InputEvent_TypedjjRKNS_3VarES7_
                0x0000000000038920                _ZN2pp15WheelInputEventC1ERKNS_10InputEventE
                0x0000000000038c80                _ZN2pp15TouchInputEventC2ERKNS_10InputEventE
                0x0000000000038fe0                _ZNK2pp15MouseInputEvent11GetMovementEv
                0x0000000000039280                _ZN2pp15TouchInputEvent13AddTouchPointE16PP_TouchListType13PP_TouchPoint
                0x0000000000039520                _ZN2pp15TouchInputEventC1ERKNS_14InstanceHandleE18PP_InputEvent_Typedj
                0x0000000000039860                _ZN2pp15TouchInputEventC1ERKNS_10InputEventE
                0x0000000000039bc0                _ZNK2pp15TouchInputEvent15GetTouchByIndexE16PP_TouchListTypej
                0x0000000000039ea0                _ZN2pp15MouseInputEventC2ERKNS_10InputEventE
                0x000000000003a200                _ZNK2pp15TouchInputEvent13GetTouchCountE16PP_TouchListType
                0x000000000003a480                _ZNK2pp15MouseInputEvent13GetClickCountEv
                0x000000000003a6e0                _ZNK2pp15MouseInputEvent11GetPositionEv
                0x000000000003a980                _ZN2pp15MouseInputEventC1ERKNS_14InstanceHandleE18PP_InputEvent_Typedj25PP_InputEvent_MouseButtonRKNS_5PointEiS8_
                0x000000000003ace0                _ZN2pp15MouseInputEventC2ERKNS_14InstanceHandleE18PP_InputEvent_Typedj25PP_InputEvent_MouseButtonRKNS_5PointEiS8_
                0x000000000003b040                _ZN2pp15MouseInputEventC1ERKNS_10InputEventE
                0x000000000003b3a0                _ZNK2pp18KeyboardInputEvent10GetKeyCodeEv
                0x000000000003b700                _ZNK2pp18KeyboardInputEvent7GetCodeEv
                0x000000000003b8c0                _ZNK2pp18KeyboardInputEvent16GetCharacterTextEv
                0x000000000003bd00                _ZNK2pp15TouchInputEvent12GetTouchByIdE16PP_TouchListTypej
                0x000000000003bfe0                _ZNK2pp13IMEInputEvent7GetTextEv
                0x000000000003c2a0                _ZNK2pp13IMEInputEvent16GetSegmentNumberEv
                0x000000000003c500                _ZNK2pp13IMEInputEvent16GetSegmentOffsetEj
                0x000000000003c660                _ZN2pp13IMEInputEventC1ERKNS_14InstanceHandleE18PP_InputEvent_TypedRKNS_3VarERKSt6vectorIjSaIjEEiRKSt4pairIjjE
                0x000000000003c960                _ZN2pp13IMEInputEventC2ERKNS_14InstanceHandleE18PP_InputEvent_TypedRKNS_3VarERKSt6vectorIjSaIjEEiRKSt4pairIjjE
                0x000000000003cd60                _ZN2pp13IMEInputEventC1ERKNS_10InputEventE
                0x000000000003d0c0                _ZN2pp13IMEInputEventC2ERKNS_10InputEventE
                0x000000000003d320                _ZNK2pp13IMEInputEvent12GetSelectionEPjS1_
                0x000000000003d5c0                _ZN2pp15TouchInputEventC2ERKNS_14InstanceHandleE18PP_InputEvent_Typedj
                0x000000000003d900                _ZNK2pp13IMEInputEvent16GetTargetSegmentEv
                0x000000000003db60                _ZNK2pp15MouseInputEvent9GetButtonEv
                0x000000000003ddc0                _ZN2pp18KeyboardInputEventC2ERKNS_14InstanceHandleE18PP_InputEvent_TypedjjRKNS_3VarE
 .text._ZN2pp13IMEInputEventD0Ev
                0x000000000003e360       0x40 /home/berkeley/nacl_sdk/pepper_42/lib/newlib_x86_32/Release/libppapi_cpp.a(input_event_x86_32.o)
                0x000000000003e360                _ZN2pp13IMEInputEventD0Ev
 .text._ZN2pp13IMEInputEventD1Ev
                0x000000000003e3a0       0x20 /home/berkeley/nacl_sdk/pepper_42/lib/newlib_x86_32/Release/libppapi_cpp.a(input_event_x86_32.o)
                0x000000000003e3a0                _ZN2pp13IMEInputEventD1Ev
 .text._ZN2pp15TouchInputEventD0Ev
                0x000000000003e3c0       0x40 /home/berkeley/nacl_sdk/pepper_42/lib/newlib_x86_32/Release/libppapi_cpp.a(input_event_x86_32.o)
                0x000000000003e3c0                _ZN2pp15TouchInputEventD0Ev
 .text._ZN2pp15TouchInputEventD1Ev
                0x000000000003e400       0x20 /home/berkeley/nacl_sdk/pepper_42/lib/newlib_x86_32/Release/libppapi_cpp.a(input_event_x86_32.o)
                0x000000000003e400                _ZN2pp15TouchInputEventD1Ev
 .text._ZN2pp18KeyboardInputEventD0Ev
                0x000000000003e420       0x40 /home/berkeley/nacl_sdk/pepper_42/lib/newlib_x86_32/Release/libppapi_cpp.a(input_event_x86_32.o)
                0x000000000003e420                _ZN2pp18KeyboardInputEventD0Ev
 .text._ZN2pp18KeyboardInputEventD1Ev
                0x000000000003e460       0x20 /home/berkeley/nacl_sdk/pepper_42/lib/newlib_x86_32/Release/libppapi_cpp.a(input_event_x86_32.o)
                0x000000000003e460                _ZN2pp18KeyboardInputEventD1Ev
 .text._ZN2pp15WheelInputEventD0Ev
                0x000000000003e480       0x40 /home/berkeley/nacl_sdk/pepper_42/lib/newlib_x86_32/Release/libppapi_cpp.a(input_event_x86_32.o)
                0x000000000003e480                _ZN2pp15WheelInputEventD0Ev
 .text._ZN2pp15WheelInputEventD1Ev
                0x000000000003e4c0       0x20 /home/berkeley/nacl_sdk/pepper_42/lib/newlib_x86_32/Release/libppapi_cpp.a(input_event_x86_32.o)
                0x000000000003e4c0                _ZN2pp15WheelInputEventD1Ev
 .text._ZN2pp15MouseInputEventD0Ev
                0x000000000003e4e0       0x40 /home/berkeley/nacl_sdk/pepper_42/lib/newlib_x86_32/Release/libppapi_cpp.a(input_event_x86_32.o)
                0x000000000003e4e0                _ZN2pp15MouseInputEventD0Ev
 .text._ZN2pp15MouseInputEventD1Ev
                0x000000000003e520       0x20 /home/berkeley/nacl_sdk/pepper_42/lib/newlib_x86_32/Release/libppapi_cpp.a(input_event_x86_32.o)
                0x000000000003e520                _ZN2pp15MouseInputEventD1Ev
 .text          0x000000000003e540       0x40 /home/berkeley/nacl_sdk/pepper_42/toolchain/linux_x86_newlib/bin/../lib/gcc/x86_64-nacl/4.4.3/../../../../x86_64-nacl/lib/../lib32/libppapi_stub.a(plugin_main_irt_21ce9d26.o)
                0x000000000003e540                main
 .text          0x000000000003e580       0x40 /home/berkeley/nacl_sdk/pepper_42/toolchain/linux_x86_newlib/bin/../lib/gcc/x86_64-nacl/4.4.3/../../../../x86_64-nacl/lib/../lib32/libppapi_stub.a(ppapi_plugin_main_399d0cf7.o)
                0x000000000003e580                PpapiPluginMain
 .text          0x000000000003e5c0      0x1e0 /home/berkeley/nacl_sdk/pepper_42/toolchain/linux_x86_newlib/bin/../lib/gcc/x86_64-nacl/4.4.3/../../../../x86_64-nacl/lib/../lib32/libppapi_stub.a(ppapi_plugin_start_8da67623.o)
                0x000000000003e620                PpapiPluginStart
 .text          0x000000000003e7a0       0xc0 /home/berkeley/nacl_sdk/pepper_42/toolchain/linux_x86_newlib/bin/../lib/gcc/x86_64-nacl/4.4.3/../../../../x86_64-nacl/lib/../lib32/libppapi_stub.a(thread_creator_ccf263e1.o)
                0x000000000003e7a0                __nacl_register_thread_creator
 .text          0x000000000003e860     0x1bc0 /home/berkeley/nacl_sdk/pepper_42/toolchain/linux_x86_newlib/bin/../lib/gcc/x86_64-nacl/4.4.3/../../../../x86_64-nacl/lib/../lib32/libpthread.a(nc_thread_7e478b15.o)
                0x000000000003e860                pthread_kill
                0x000000000003e880                pthread_equal
                0x000000000003e8a0                pthread_attr_init
                0x000000000003e8e0                pthread_attr_destroy
                0x000000000003e900                pthread_attr_setdetachstate
                0x000000000003e940                pthread_attr_getdetachstate
                0x000000000003e980                pthread_attr_setscope
                0x000000000003e9c0                pthread_attr_getscope
                0x000000000003e9e0                pthread_attr_setstacksize
                0x000000000003ea60                pthread_attr_getstacksize
                0x000000000003eaa0                pthread_getspecific
                0x000000000003eb20                __nc_tsd_exit
                0x000000000003ecc0                pthread_cleanup_pop
                0x000000000003ed60                pthread_setspecific
                0x000000000003ee60                pthread_key_delete
                0x000000000003ef00                pthread_key_create
                0x000000000003efa0                __local_lock_release
                0x000000000003efe0                __local_lock_release_recursive
                0x000000000003f000                __local_lock_try_acquire
                0x000000000003f060                __local_lock_try_acquire_recursive
                0x000000000003f080                __local_lock_acquire
                0x000000000003f0c0                __local_lock_acquire_recursive
                0x000000000003f0e0                __local_lock_close
                0x000000000003f120                __local_lock_close_recursive
                0x000000000003f140                __local_lock_init_recursive
                0x000000000003f1c0                __local_lock_init
                0x000000000003f240                pthread_self
                0x000000000003f280                pthread_setschedprio
                0x000000000003f340                pthread_detach
                0x000000000003f420                pthread_join
                0x000000000003f5e0                pthread_exit
                0x000000000003fa20                pthread_cleanup_push
                0x000000000003fd40                pthread_create
                0x0000000000040280                __nc_initialize_globals
                0x00000000000403a0                __pthread_initialize
 .text          0x0000000000040420      0x1e0 /home/berkeley/nacl_sdk/pepper_42/toolchain/linux_x86_newlib/bin/../lib/gcc/x86_64-nacl/4.4.3/../../../../x86_64-nacl/lib/../lib32/libpthread.a(nc_condvar_305aa45a.o)
                0x0000000000040420                pthread_cond_init
                0x0000000000040440                pthread_cond_destroy
                0x0000000000040460                pthread_cond_timedwait_abs
                0x0000000000040540                pthread_cond_wait
                0x00000000000405c0                pthread_cond_broadcast
                0x00000000000405e0                pthread_cond_signal
 .text          0x0000000000040600      0x540 /home/berkeley/nacl_sdk/pepper_42/toolchain/linux_x86_newlib/bin/../lib/gcc/x86_64-nacl/4.4.3/../../../../x86_64-nacl/lib/../lib32/libpthread.a(dynamic_annotations_33ba59cc.o)
                0x0000000000040600                NACL_AnnotateRWLockCreate
                0x0000000000040620                NACL_AnnotateRWLockDestroy
                0x0000000000040640                NACL_AnnotateRWLockAcquired
                0x0000000000040660                NACL_AnnotateRWLockReleased
                0x0000000000040680                NACL_AnnotateBarrierInit
                0x00000000000406a0                NACL_AnnotateBarrierWaitBefore
                0x00000000000406c0                NACL_AnnotateBarrierWaitAfter
                0x00000000000406e0                NACL_AnnotateBarrierDestroy
                0x0000000000040700                NACL_AnnotateCondVarWait
                0x0000000000040720                NACL_AnnotateCondVarSignal
                0x0000000000040740                NACL_AnnotateCondVarSignalAll
                0x0000000000040760                NACL_AnnotateHappensBefore
                0x0000000000040780                NACL_AnnotateHappensAfter
                0x00000000000407a0                NACL_AnnotatePublishMemoryRange
                0x00000000000407c0                NACL_AnnotateUnpublishMemoryRange
                0x00000000000407e0                NACL_AnnotatePCQCreate
                0x0000000000040800                NACL_AnnotatePCQDestroy
                0x0000000000040820                NACL_AnnotatePCQPut
                0x0000000000040840                NACL_AnnotatePCQGet
                0x0000000000040860                NACL_AnnotateNewMemory
                0x0000000000040880                NACL_AnnotateExpectRace
                0x00000000000408a0                NACL_AnnotateFlushExpectedRaces
                0x00000000000408c0                NACL_AnnotateBenignRace
                0x00000000000408e0                NACL_AnnotateBenignRaceSized
                0x0000000000040900                NACL_AnnotateMutexIsUsedAsCondVar
                0x0000000000040920                NACL_AnnotateMutexIsNotPHB
                0x0000000000040940                NACL_AnnotateTraceMemory
                0x0000000000040960                NACL_AnnotateThreadName
                0x0000000000040980                NACL_AnnotateIgnoreReadsBegin
                0x00000000000409a0                NACL_AnnotateIgnoreReadsEnd
                0x00000000000409c0                NACL_AnnotateIgnoreWritesBegin
                0x00000000000409e0                NACL_AnnotateIgnoreWritesEnd
                0x0000000000040a00                NACL_AnnotateIgnoreSyncBegin
                0x0000000000040a20                NACL_AnnotateIgnoreSyncEnd
                0x0000000000040a40                NACL_AnnotateEnableRaceDetection
                0x0000000000040a60                NACL_AnnotateNoOp
                0x0000000000040a80                NACL_AnnotateFlushState
                0x0000000000040aa0                RunningOnValgrind
 .text          0x0000000000040b40      0x6a0 /home/berkeley/nacl_sdk/pepper_42/toolchain/linux_x86_newlib/bin/../lib/gcc/x86_64-nacl/4.4.3/../../../../x86_64-nacl/lib/../lib32/libpthread.a(nc_mutex_86341ae1.o)
                0x0000000000040b40                pthread_mutex_init
                0x0000000000040ba0                pthread_mutex_destroy
                0x0000000000040c00                pthread_mutexattr_init
                0x0000000000040c20                pthread_mutexattr_destroy
                0x0000000000040c40                pthread_mutexattr_settype
                0x0000000000040c80                pthread_mutexattr_gettype
                0x0000000000040ca0                pthread_mutex_unlock
                0x0000000000041080                pthread_mutex_timedlock
                0x00000000000410a0                pthread_mutex_lock
                0x00000000000410c0                pthread_once
                0x00000000000411c0                pthread_mutex_trylock
 .text          0x00000000000411e0       0x60 /home/berkeley/nacl_sdk/pepper_42/toolchain/linux_x86_newlib/bin/../lib/gcc/x86_64-nacl/4.4.3/../../../../x86_64-nacl/lib/../lib32/libpthread.a(nc_init_irt_d3daafc0.o)
                0x00000000000411e0                __nc_initialize_interfaces
 .text          0x0000000000041240        0x0 /home/berkeley/nacl_sdk/pepper_42/toolchain/linux_x86_newlib/bin/../lib/gcc/x86_64-nacl/4.4.3/../../../../x86_64-nacl/lib/../lib32/libstdc++.a(tree.o)
 .text._ZSt18_Rb_tree_incrementPSt18_Rb_tree_node_base
                0x0000000000041240       0xa0 /home/berkeley/nacl_sdk/pepper_42/toolchain/linux_x86_newlib/bin/../lib/gcc/x86_64-nacl/4.4.3/../../../../x86_64-nacl/lib/../lib32/libstdc++.a(tree.o)
                0x0000000000041240                _ZSt18_Rb_tree_incrementPSt18_Rb_tree_node_base
 .text._ZSt18_Rb_tree_incrementPKSt18_Rb_tree_node_base
                0x00000000000412e0       0xc0 /home/berkeley/nacl_sdk/pepper_42/toolchain/linux_x86_newlib/bin/../lib/gcc/x86_64-nacl/4.4.3/../../../../x86_64-nacl/lib/../lib32/libstdc++.a(tree.o)
                0x00000000000412e0                _ZSt18_Rb_tree_incrementPKSt18_Rb_tree_node_base
 .text._ZSt18_Rb_tree_decrementPSt18_Rb_tree_node_base
                0x00000000000413a0      0x120 /home/berkeley/nacl_sdk/pepper_42/toolchain/linux_x86_newlib/bin/../lib/gcc/x86_64-nacl/4.4.3/../../../../x86_64-nacl/lib/../lib32/libstdc++.a(tree.o)
                0x00000000000413a0                _ZSt18_Rb_tree_decrementPSt18_Rb_tree_node_base
 .text._ZSt18_Rb_tree_decrementPKSt18_Rb_tree_node_base
                0x00000000000414c0      0x120 /home/berkeley/nacl_sdk/pepper_42/toolchain/linux_x86_newlib/bin/../lib/gcc/x86_64-nacl/4.4.3/../../../../x86_64-nacl/lib/../lib32/libstdc++.a(tree.o)
                0x00000000000414c0                _ZSt18_Rb_tree_decrementPKSt18_Rb_tree_node_base
 .text._ZSt20_Rb_tree_rotate_leftPSt18_Rb_tree_node_baseRS0_
                0x00000000000415e0       0xa0 /home/berkeley/nacl_sdk/pepper_42/toolchain/linux_x86_newlib/bin/../lib/gcc/x86_64-nacl/4.4.3/../../../../x86_64-nacl/lib/../lib32/libstdc++.a(tree.o)
                0x00000000000415e0                _ZSt20_Rb_tree_rotate_leftPSt18_Rb_tree_node_baseRS0_
 .text._ZSt21_Rb_tree_rotate_rightPSt18_Rb_tree_node_baseRS0_
                0x0000000000041680       0xa0 /home/berkeley/nacl_sdk/pepper_42/toolchain/linux_x86_newlib/bin/../lib/gcc/x86_64-nacl/4.4.3/../../../../x86_64-nacl/lib/../lib32/libstdc++.a(tree.o)
                0x0000000000041680                _ZSt21_Rb_tree_rotate_rightPSt18_Rb_tree_node_baseRS0_
 .text._ZSt29_Rb_tree_insert_and_rebalancebPSt18_Rb_tree_node_baseS0_RS_
                0x0000000000041720      0x4a0 /home/berkeley/nacl_sdk/pepper_42/toolchain/linux_x86_newlib/bin/../lib/gcc/x86_64-nacl/4.4.3/../../../../x86_64-nacl/lib/../lib32/libstdc++.a(tree.o)
                0x0000000000041720                _ZSt29_Rb_tree_insert_and_rebalancebPSt18_Rb_tree_node_baseS0_RS_
 .text._ZSt28_Rb_tree_rebalance_for_erasePSt18_Rb_tree_node_baseRS_
                0x0000000000041bc0      0x9a0 /home/berkeley/nacl_sdk/pepper_42/toolchain/linux_x86_newlib/bin/../lib/gcc/x86_64-nacl/4.4.3/../../../../x86_64-nacl/lib/../lib32/libstdc++.a(tree.o)
                0x0000000000041bc0                _ZSt28_Rb_tree_rebalance_for_erasePSt18_Rb_tree_node_baseRS_
 .text._ZSt20_Rb_tree_black_countPKSt18_Rb_tree_node_baseS1_
                0x0000000000042560       0x80 /home/berkeley/nacl_sdk/pepper_42/toolchain/linux_x86_newlib/bin/../lib/gcc/x86_64-nacl/4.4.3/../../../../x86_64-nacl/lib/../lib32/libstdc++.a(tree.o)
                0x0000000000042560                _ZSt20_Rb_tree_black_countPKSt18_Rb_tree_node_baseS1_
 .text          0x00000000000425e0        0x0 /home/berkeley/nacl_sdk/pepper_42/toolchain/linux_x86_newlib/bin/../lib/gcc/x86_64-nacl/4.4.3/../../../../x86_64-nacl/lib/../lib32/libstdc++.a(string-inst.o)
 .text._ZNKSs7_M_dataEv
                0x00000000000425e0       0x20 /home/berkeley/nacl_sdk/pepper_42/toolchain/linux_x86_newlib/bin/../lib/gcc/x86_64-nacl/4.4.3/../../../../x86_64-nacl/lib/../lib32/libstdc++.a(string-inst.o)
                0x00000000000425e0                _ZNKSs7_M_dataEv
 .text._ZNSs7_M_dataEPc
                0x0000000000042600       0x20 /home/berkeley/nacl_sdk/pepper_42/toolchain/linux_x86_newlib/bin/../lib/gcc/x86_64-nacl/4.4.3/../../../../x86_64-nacl/lib/../lib32/libstdc++.a(string-inst.o)
                0x0000000000042600                _ZNSs7_M_dataEPc
 .text._ZNKSs6_M_repEv
                0x0000000000042620       0x20 /home/berkeley/nacl_sdk/pepper_42/toolchain/linux_x86_newlib/bin/../lib/gcc/x86_64-nacl/4.4.3/../../../../x86_64-nacl/lib/../lib32/libstdc++.a(string-inst.o)
                0x0000000000042620                _ZNKSs6_M_repEv
 .text._ZNKSs9_M_ibeginEv
                0x0000000000042640       0x20 /home/berkeley/nacl_sdk/pepper_42/toolchain/linux_x86_newlib/bin/../lib/gcc/x86_64-nacl/4.4.3/../../../../x86_64-nacl/lib/../lib32/libstdc++.a(string-inst.o)
                0x0000000000042640                _ZNKSs9_M_ibeginEv
 .text._ZNKSs7_M_iendEv
                0x0000000000042660       0x20 /home/berkeley/nacl_sdk/pepper_42/toolchain/linux_x86_newlib/bin/../lib/gcc/x86_64-nacl/4.4.3/../../../../x86_64-nacl/lib/../lib32/libstdc++.a(string-inst.o)
                0x0000000000042660                _ZNKSs7_M_iendEv
 .text._ZNKSs8_M_limitEjj
                0x0000000000042680       0x20 /home/berkeley/nacl_sdk/pepper_42/toolchain/linux_x86_newlib/bin/../lib/gcc/x86_64-nacl/4.4.3/../../../../x86_64-nacl/lib/../lib32/libstdc++.a(string-inst.o)
                0x0000000000042680                _ZNKSs8_M_limitEjj
 .text._ZNKSs11_M_disjunctEPKc
                0x00000000000426a0       0x40 /home/berkeley/nacl_sdk/pepper_42/toolchain/linux_x86_newlib/bin/../lib/gcc/x86_64-nacl/4.4.3/../../../../x86_64-nacl/lib/../lib32/libstdc++.a(string-inst.o)
                0x00000000000426a0                _ZNKSs11_M_disjunctEPKc
 .text._ZNSs10_S_compareEjj
                0x00000000000426e0       0x20 /home/berkeley/nacl_sdk/pepper_42/toolchain/linux_x86_newlib/bin/../lib/gcc/x86_64-nacl/4.4.3/../../../../x86_64-nacl/lib/../lib32/libstdc++.a(string-inst.o)
                0x00000000000426e0                _ZNSs10_S_compareEjj
 .text._ZNSs12_S_empty_repEv
                0x0000000000042700       0x20 /home/berkeley/nacl_sdk/pepper_42/toolchain/linux_x86_newlib/bin/../lib/gcc/x86_64-nacl/4.4.3/../../../../x86_64-nacl/lib/../lib32/libstdc++.a(string-inst.o)
                0x0000000000042700                _ZNSs12_S_empty_repEv
 .text._ZNSsC2Ev
                0x0000000000042720       0x20 /home/berkeley/nacl_sdk/pepper_42/toolchain/linux_x86_newlib/bin/../lib/gcc/x86_64-nacl/4.4.3/../../../../x86_64-nacl/lib/../lib32/libstdc++.a(string-inst.o)
                0x0000000000042720                _ZNSsC2Ev
 .text._ZNSsC1Ev
                0x0000000000042740       0x20 /home/berkeley/nacl_sdk/pepper_42/toolchain/linux_x86_newlib/bin/../lib/gcc/x86_64-nacl/4.4.3/../../../../x86_64-nacl/lib/../lib32/libstdc++.a(string-inst.o)
                0x0000000000042740                _ZNSsC1Ev
 .text._ZNKSs5beginEv
                0x0000000000042760       0x20 /home/berkeley/nacl_sdk/pepper_42/toolchain/linux_x86_newlib/bin/../lib/gcc/x86_64-nacl/4.4.3/../../../../x86_64-nacl/lib/../lib32/libstdc++.a(string-inst.o)
                0x0000000000042760                _ZNKSs5beginEv
 .text._ZNKSs3endEv
                0x0000000000042780       0x20 /home/berkeley/nacl_sdk/pepper_42/toolchain/linux_x86_newlib/bin/../lib/gcc/x86_64-nacl/4.4.3/../../../../x86_64-nacl/lib/../lib32/libstdc++.a(string-inst.o)
                0x0000000000042780                _ZNKSs3endEv
 .text._ZNKSs6rbeginEv
                0x00000000000427a0       0x20 /home/berkeley/nacl_sdk/pepper_42/toolchain/linux_x86_newlib/bin/../lib/gcc/x86_64-nacl/4.4.3/../../../../x86_64-nacl/lib/../lib32/libstdc++.a(string-inst.o)
                0x00000000000427a0                _ZNKSs6rbeginEv
 .text._ZNKSs4rendEv
                0x00000000000427c0       0x20 /home/berkeley/nacl_sdk/pepper_42/toolchain/linux_x86_newlib/bin/../lib/gcc/x86_64-nacl/4.4.3/../../../../x86_64-nacl/lib/../lib32/libstdc++.a(string-inst.o)
                0x00000000000427c0                _ZNKSs4rendEv
 .text._ZNKSs4sizeEv
                0x00000000000427e0       0x20 /home/berkeley/nacl_sdk/pepper_42/toolchain/linux_x86_newlib/bin/../lib/gcc/x86_64-nacl/4.4.3/../../../../x86_64-nacl/lib/../lib32/libstdc++.a(string-inst.o)
                0x00000000000427e0                _ZNKSs4sizeEv
 .text._ZNKSs6lengthEv
                0x0000000000042800       0x20 /home/berkeley/nacl_sdk/pepper_42/toolchain/linux_x86_newlib/bin/../lib/gcc/x86_64-nacl/4.4.3/../../../../x86_64-nacl/lib/../lib32/libstdc++.a(string-inst.o)
                0x0000000000042800                _ZNKSs6lengthEv
 .text._ZNKSs8max_sizeEv
                0x0000000000042820       0x20 /home/berkeley/nacl_sdk/pepper_42/toolchain/linux_x86_newlib/bin/../lib/gcc/x86_64-nacl/4.4.3/../../../../x86_64-nacl/lib/../lib32/libstdc++.a(string-inst.o)
                0x0000000000042820                _ZNKSs8max_sizeEv
 .text._ZNKSs8capacityEv
                0x0000000000042840       0x20 /home/berkeley/nacl_sdk/pepper_42/toolchain/linux_x86_newlib/bin/../lib/gcc/x86_64-nacl/4.4.3/../../../../x86_64-nacl/lib/../lib32/libstdc++.a(string-inst.o)
                0x0000000000042840                _ZNKSs8capacityEv
 .text._ZNKSs5emptyEv
                0x0000000000042860       0x20 /home/berkeley/nacl_sdk/pepper_42/toolchain/linux_x86_newlib/bin/../lib/gcc/x86_64-nacl/4.4.3/../../../../x86_64-nacl/lib/../lib32/libstdc++.a(string-inst.o)
                0x0000000000042860                _ZNKSs5emptyEv
 .text._ZNKSsixEj
                0x0000000000042880       0x20 /home/berkeley/nacl_sdk/pepper_42/toolchain/linux_x86_newlib/bin/../lib/gcc/x86_64-nacl/4.4.3/../../../../x86_64-nacl/lib/../lib32/libstdc++.a(string-inst.o)
                0x0000000000042880                _ZNKSsixEj
 .text._ZNSs4swapERSs
                0x00000000000428a0       0xa0 /home/berkeley/nacl_sdk/pepper_42/toolchain/linux_x86_newlib/bin/../lib/gcc/x86_64-nacl/4.4.3/../../../../x86_64-nacl/lib/../lib32/libstdc++.a(string-inst.o)
                0x00000000000428a0                _ZNSs4swapERSs
 .text._ZNKSs5c_strEv
                0x0000000000042940       0x20 /home/berkeley/nacl_sdk/pepper_42/toolchain/linux_x86_newlib/bin/../lib/gcc/x86_64-nacl/4.4.3/../../../../x86_64-nacl/lib/../lib32/libstdc++.a(string-inst.o)
                0x0000000000042940                _ZNKSs5c_strEv
 .text._ZNKSs4dataEv
                0x0000000000042960       0x20 /home/berkeley/nacl_sdk/pepper_42/toolchain/linux_x86_newlib/bin/../lib/gcc/x86_64-nacl/4.4.3/../../../../x86_64-nacl/lib/../lib32/libstdc++.a(string-inst.o)
                0x0000000000042960                _ZNKSs4dataEv
 .text._ZNKSs13get_allocatorEv
                0x0000000000042980       0x20 /home/berkeley/nacl_sdk/pepper_42/toolchain/linux_x86_newlib/bin/../lib/gcc/x86_64-nacl/4.4.3/../../../../x86_64-nacl/lib/../lib32/libstdc++.a(string-inst.o)
                0x0000000000042980                _ZNKSs13get_allocatorEv
 .text._ZNKSs5rfindEcj
                0x00000000000429a0       0x80 /home/berkeley/nacl_sdk/pepper_42/toolchain/linux_x86_newlib/bin/../lib/gcc/x86_64-nacl/4.4.3/../../../../x86_64-nacl/lib/../lib32/libstdc++.a(string-inst.o)
                0x00000000000429a0                _ZNKSs5rfindEcj
 .text._ZNKSs12find_last_ofEcj
                0x0000000000042a20       0x20 /home/berkeley/nacl_sdk/pepper_42/toolchain/linux_x86_newlib/bin/../lib/gcc/x86_64-nacl/4.4.3/../../../../x86_64-nacl/lib/../lib32/libstdc++.a(string-inst.o)
                0x0000000000042a20                _ZNKSs12find_last_ofEcj
 .text._ZNKSs17find_first_not_ofEcj
                0x0000000000042a40       0xc0 /home/berkeley/nacl_sdk/pepper_42/toolchain/linux_x86_newlib/bin/../lib/gcc/x86_64-nacl/4.4.3/../../../../x86_64-nacl/lib/../lib32/libstdc++.a(string-inst.o)
                0x0000000000042a40                _ZNKSs17find_first_not_ofEcj
 .text._ZNKSs16find_last_not_ofEcj
                0x0000000000042b00       0xc0 /home/berkeley/nacl_sdk/pepper_42/toolchain/linux_x86_newlib/bin/../lib/gcc/x86_64-nacl/4.4.3/../../../../x86_64-nacl/lib/../lib32/libstdc++.a(string-inst.o)
                0x0000000000042b00                _ZNKSs16find_last_not_ofEcj
 .text._ZNSs12_Alloc_hiderC2EPcRKSaIcE
                0x0000000000042bc0       0x20 /home/berkeley/nacl_sdk/pepper_42/toolchain/linux_x86_newlib/bin/../lib/gcc/x86_64-nacl/4.4.3/../../../../x86_64-nacl/lib/../lib32/libstdc++.a(string-inst.o)
                0x0000000000042bc0                _ZNSs12_Alloc_hiderC2EPcRKSaIcE
 .text._ZNSs12_Alloc_hiderC1EPcRKSaIcE
                0x0000000000042be0       0x20 /home/berkeley/nacl_sdk/pepper_42/toolchain/linux_x86_newlib/bin/../lib/gcc/x86_64-nacl/4.4.3/../../../../x86_64-nacl/lib/../lib32/libstdc++.a(string-inst.o)
                0x0000000000042be0                _ZNSs12_Alloc_hiderC1EPcRKSaIcE
 .text._ZNSs4_Rep12_S_empty_repEv
                0x0000000000042c00       0x20 /home/berkeley/nacl_sdk/pepper_42/toolchain/linux_x86_newlib/bin/../lib/gcc/x86_64-nacl/4.4.3/../../../../x86_64-nacl/lib/../lib32/libstdc++.a(string-inst.o)
                0x0000000000042c00                _ZNSs4_Rep12_S_empty_repEv
 .text._ZNKSs4_Rep12_M_is_leakedEv
                0x0000000000042c20       0x20 /home/berkeley/nacl_sdk/pepper_42/toolchain/linux_x86_newlib/bin/../lib/gcc/x86_64-nacl/4.4.3/../../../../x86_64-nacl/lib/../lib32/libstdc++.a(string-inst.o)
                0x0000000000042c20                _ZNKSs4_Rep12_M_is_leakedEv
 .text._ZNKSs4_Rep12_M_is_sharedEv
                0x0000000000042c40       0x20 /home/berkeley/nacl_sdk/pepper_42/toolchain/linux_x86_newlib/bin/../lib/gcc/x86_64-nacl/4.4.3/../../../../x86_64-nacl/lib/../lib32/libstdc++.a(string-inst.o)
                0x0000000000042c40                _ZNKSs4_Rep12_M_is_sharedEv
 .text._ZNSs4_Rep13_M_set_leakedEv
                0x0000000000042c60       0x20 /home/berkeley/nacl_sdk/pepper_42/toolchain/linux_x86_newlib/bin/../lib/gcc/x86_64-nacl/4.4.3/../../../../x86_64-nacl/lib/../lib32/libstdc++.a(string-inst.o)
                0x0000000000042c60                _ZNSs4_Rep13_M_set_leakedEv
 .text._ZNSs4_Rep15_M_set_sharableEv
                0x0000000000042c80       0x20 /home/berkeley/nacl_sdk/pepper_42/toolchain/linux_x86_newlib/bin/../lib/gcc/x86_64-nacl/4.4.3/../../../../x86_64-nacl/lib/../lib32/libstdc++.a(string-inst.o)
                0x0000000000042c80                _ZNSs4_Rep15_M_set_sharableEv
 .text._ZNSs4_Rep26_M_set_length_and_sharableEj
                0x0000000000042ca0       0x20 /home/berkeley/nacl_sdk/pepper_42/toolchain/linux_x86_newlib/bin/../lib/gcc/x86_64-nacl/4.4.3/../../../../x86_64-nacl/lib/../lib32/libstdc++.a(string-inst.o)
                0x0000000000042ca0                _ZNSs4_Rep26_M_set_length_and_sharableEj
 .text._ZNSs4_Rep10_M_refdataEv
                0x0000000000042cc0       0x20 /home/berkeley/nacl_sdk/pepper_42/toolchain/linux_x86_newlib/bin/../lib/gcc/x86_64-nacl/4.4.3/../../../../x86_64-nacl/lib/../lib32/libstdc++.a(string-inst.o)
                0x0000000000042cc0                _ZNSs4_Rep10_M_refdataEv
 .text._ZN9__gnu_cxxeqIPcSsEEbRKNS_17__normal_iteratorIT_T0_EES7_
                0x0000000000042ce0       0x20 /home/berkeley/nacl_sdk/pepper_42/toolchain/linux_x86_newlib/bin/../lib/gcc/x86_64-nacl/4.4.3/../../../../x86_64-nacl/lib/../lib32/libstdc++.a(string-inst.o)
                0x0000000000042ce0                _ZN9__gnu_cxxeqIPcSsEEbRKNS_17__normal_iteratorIT_T0_EES7_
 .text._ZN9__gnu_cxxeqIPKcSsEEbRKNS_17__normal_iteratorIT_T0_EES8_
                0x0000000000042d00       0x20 /home/berkeley/nacl_sdk/pepper_42/toolchain/linux_x86_newlib/bin/../lib/gcc/x86_64-nacl/4.4.3/../../../../x86_64-nacl/lib/../lib32/libstdc++.a(string-inst.o)
                0x0000000000042d00                _ZN9__gnu_cxxeqIPKcSsEEbRKNS_17__normal_iteratorIT_T0_EES8_
 .text._ZNSs4_Rep10_M_refcopyEv
                0x0000000000042d20       0x80 /home/berkeley/nacl_sdk/pepper_42/toolchain/linux_x86_newlib/bin/../lib/gcc/x86_64-nacl/4.4.3/../../../../x86_64-nacl/lib/../lib32/libstdc++.a(string-inst.o)
                0x0000000000042d20                _ZNSs4_Rep10_M_refcopyEv
 .text._ZNSs4_Rep10_M_destroyERKSaIcE
                0x0000000000042da0       0x20 /home/berkeley/nacl_sdk/pepper_42/toolchain/linux_x86_newlib/bin/../lib/gcc/x86_64-nacl/4.4.3/../../../../x86_64-nacl/lib/../lib32/libstdc++.a(string-inst.o)
                0x0000000000042da0                _ZNSs4_Rep10_M_destroyERKSaIcE
 .text._ZNSs4_Rep10_M_disposeERKSaIcE
                0x0000000000042dc0       0xa0 /home/berkeley/nacl_sdk/pepper_42/toolchain/linux_x86_newlib/bin/../lib/gcc/x86_64-nacl/4.4.3/../../../../x86_64-nacl/lib/../lib32/libstdc++.a(string-inst.o)
                0x0000000000042dc0                _ZNSs4_Rep10_M_disposeERKSaIcE
 .text._ZNKSs15_M_check_lengthEjjPKc
                0x0000000000042e60       0x60 /home/berkeley/nacl_sdk/pepper_42/toolchain/linux_x86_newlib/bin/../lib/gcc/x86_64-nacl/4.4.3/../../../../x86_64-nacl/lib/../lib32/libstdc++.a(string-inst.o)
                0x0000000000042e60                _ZNKSs15_M_check_lengthEjjPKc
 .text._ZNSs4_Rep9_S_createEjjRKSaIcE
                0x0000000000042ec0      0x120 /home/berkeley/nacl_sdk/pepper_42/toolchain/linux_x86_newlib/bin/../lib/gcc/x86_64-nacl/4.4.3/../../../../x86_64-nacl/lib/../lib32/libstdc++.a(string-inst.o)
                0x0000000000042ec0                _ZNSs4_Rep9_S_createEjjRKSaIcE
 .text._ZNKSs4findEPKcjj
                0x0000000000042fe0      0x140 /home/berkeley/nacl_sdk/pepper_42/toolchain/linux_x86_newlib/bin/../lib/gcc/x86_64-nacl/4.4.3/../../../../x86_64-nacl/lib/../lib32/libstdc++.a(string-inst.o)
                0x0000000000042fe0                _ZNKSs4findEPKcjj
 .text._ZNKSs4findERKSsj
                0x0000000000043120       0x60 /home/berkeley/nacl_sdk/pepper_42/toolchain/linux_x86_newlib/bin/../lib/gcc/x86_64-nacl/4.4.3/../../../../x86_64-nacl/lib/../lib32/libstdc++.a(string-inst.o)
                0x0000000000043120                _ZNKSs4findERKSsj
 .text._ZNKSs4findEcj
                0x0000000000043180       0x80 /home/berkeley/nacl_sdk/pepper_42/toolchain/linux_x86_newlib/bin/../lib/gcc/x86_64-nacl/4.4.3/../../../../x86_64-nacl/lib/../lib32/libstdc++.a(string-inst.o)
                0x0000000000043180                _ZNKSs4findEcj
 .text._ZNKSs13find_first_ofEcj
                0x0000000000043200       0x20 /home/berkeley/nacl_sdk/pepper_42/toolchain/linux_x86_newlib/bin/../lib/gcc/x86_64-nacl/4.4.3/../../../../x86_64-nacl/lib/../lib32/libstdc++.a(string-inst.o)
                0x0000000000043200                _ZNKSs13find_first_ofEcj
 .text._ZNKSs2atEj
                0x0000000000043220       0x40 /home/berkeley/nacl_sdk/pepper_42/toolchain/linux_x86_newlib/bin/../lib/gcc/x86_64-nacl/4.4.3/../../../../x86_64-nacl/lib/../lib32/libstdc++.a(string-inst.o)
                0x0000000000043220                _ZNKSs2atEj
 .text._ZNKSs8_M_checkEjPKc
                0x0000000000043260       0x40 /home/berkeley/nacl_sdk/pepper_42/toolchain/linux_x86_newlib/bin/../lib/gcc/x86_64-nacl/4.4.3/../../../../x86_64-nacl/lib/../lib32/libstdc++.a(string-inst.o)
                0x0000000000043260                _ZNKSs8_M_checkEjPKc
 .text._ZNSs9_M_assignEPcjc
                0x00000000000432a0       0x60 /home/berkeley/nacl_sdk/pepper_42/toolchain/linux_x86_newlib/bin/../lib/gcc/x86_64-nacl/4.4.3/../../../../x86_64-nacl/lib/../lib32/libstdc++.a(string-inst.o)
                0x00000000000432a0                _ZNSs9_M_assignEPcjc
 .text._ZNSs7_M_moveEPcPKcj
                0x0000000000043300       0x60 /home/berkeley/nacl_sdk/pepper_42/toolchain/linux_x86_newlib/bin/../lib/gcc/x86_64-nacl/4.4.3/../../../../x86_64-nacl/lib/../lib32/libstdc++.a(string-inst.o)
                0x0000000000043300                _ZNSs7_M_moveEPcPKcj
 .text._ZNSs7_M_copyEPcPKcj
                0x0000000000043360       0x60 /home/berkeley/nacl_sdk/pepper_42/toolchain/linux_x86_newlib/bin/../lib/gcc/x86_64-nacl/4.4.3/../../../../x86_64-nacl/lib/../lib32/libstdc++.a(string-inst.o)
                0x0000000000043360                _ZNSs7_M_copyEPcPKcj
 .text._ZNKSs16find_last_not_ofEPKcjj
                0x00000000000433c0       0xe0 /home/berkeley/nacl_sdk/pepper_42/toolchain/linux_x86_newlib/bin/../lib/gcc/x86_64-nacl/4.4.3/../../../../x86_64-nacl/lib/../lib32/libstdc++.a(string-inst.o)
                0x00000000000433c0                _ZNKSs16find_last_not_ofEPKcjj
 .text._ZNKSs16find_last_not_ofERKSsj
                0x00000000000434a0       0x60 /home/berkeley/nacl_sdk/pepper_42/toolchain/linux_x86_newlib/bin/../lib/gcc/x86_64-nacl/4.4.3/../../../../x86_64-nacl/lib/../lib32/libstdc++.a(string-inst.o)
                0x00000000000434a0                _ZNKSs16find_last_not_ofERKSsj
 .text._ZNKSs17find_first_not_ofEPKcjj
                0x0000000000043500       0xc0 /home/berkeley/nacl_sdk/pepper_42/toolchain/linux_x86_newlib/bin/../lib/gcc/x86_64-nacl/4.4.3/../../../../x86_64-nacl/lib/../lib32/libstdc++.a(string-inst.o)
                0x0000000000043500                _ZNKSs17find_first_not_ofEPKcjj
 .text._ZNKSs17find_first_not_ofERKSsj
                0x00000000000435c0       0x60 /home/berkeley/nacl_sdk/pepper_42/toolchain/linux_x86_newlib/bin/../lib/gcc/x86_64-nacl/4.4.3/../../../../x86_64-nacl/lib/../lib32/libstdc++.a(string-inst.o)
                0x00000000000435c0                _ZNKSs17find_first_not_ofERKSsj
 .text._ZNKSs12find_last_ofEPKcjj
                0x0000000000043620       0xe0 /home/berkeley/nacl_sdk/pepper_42/toolchain/linux_x86_newlib/bin/../lib/gcc/x86_64-nacl/4.4.3/../../../../x86_64-nacl/lib/../lib32/libstdc++.a(string-inst.o)
                0x0000000000043620                _ZNKSs12find_last_ofEPKcjj
 .text._ZNKSs12find_last_ofERKSsj
                0x0000000000043700       0x60 /home/berkeley/nacl_sdk/pepper_42/toolchain/linux_x86_newlib/bin/../lib/gcc/x86_64-nacl/4.4.3/../../../../x86_64-nacl/lib/../lib32/libstdc++.a(string-inst.o)
                0x0000000000043700                _ZNKSs12find_last_ofERKSsj
 .text._ZNKSs13find_first_ofEPKcjj
                0x0000000000043760       0xc0 /home/berkeley/nacl_sdk/pepper_42/toolchain/linux_x86_newlib/bin/../lib/gcc/x86_64-nacl/4.4.3/../../../../x86_64-nacl/lib/../lib32/libstdc++.a(string-inst.o)
                0x0000000000043760                _ZNKSs13find_first_ofEPKcjj
 .text._ZNKSs13find_first_ofERKSsj
                0x0000000000043820       0x60 /home/berkeley/nacl_sdk/pepper_42/toolchain/linux_x86_newlib/bin/../lib/gcc/x86_64-nacl/4.4.3/../../../../x86_64-nacl/lib/../lib32/libstdc++.a(string-inst.o)
                0x0000000000043820                _ZNKSs13find_first_ofERKSsj
 .text._ZNKSs5rfindEPKcjj
                0x0000000000043880       0xc0 /home/berkeley/nacl_sdk/pepper_42/toolchain/linux_x86_newlib/bin/../lib/gcc/x86_64-nacl/4.4.3/../../../../x86_64-nacl/lib/../lib32/libstdc++.a(string-inst.o)
                0x0000000000043880                _ZNKSs5rfindEPKcjj
 .text._ZNKSs5rfindERKSsj
                0x0000000000043940       0x60 /home/berkeley/nacl_sdk/pepper_42/toolchain/linux_x86_newlib/bin/../lib/gcc/x86_64-nacl/4.4.3/../../../../x86_64-nacl/lib/../lib32/libstdc++.a(string-inst.o)
                0x0000000000043940                _ZNKSs5rfindERKSsj
 .text._ZNKSs7compareERKSs
                0x00000000000439a0       0x60 /home/berkeley/nacl_sdk/pepper_42/toolchain/linux_x86_newlib/bin/../lib/gcc/x86_64-nacl/4.4.3/../../../../x86_64-nacl/lib/../lib32/libstdc++.a(string-inst.o)
                0x00000000000439a0                _ZNKSs7compareERKSs
 .text._ZNKSs7compareEjjPKcj
                0x0000000000043a00       0xa0 /home/berkeley/nacl_sdk/pepper_42/toolchain/linux_x86_newlib/bin/../lib/gcc/x86_64-nacl/4.4.3/../../../../x86_64-nacl/lib/../lib32/libstdc++.a(string-inst.o)
                0x0000000000043a00                _ZNKSs7compareEjjPKcj
 .text._ZNKSs7compareEjjRKSsjj
                0x0000000000043aa0       0xa0 /home/berkeley/nacl_sdk/pepper_42/toolchain/linux_x86_newlib/bin/../lib/gcc/x86_64-nacl/4.4.3/../../../../x86_64-nacl/lib/../lib32/libstdc++.a(string-inst.o)
                0x0000000000043aa0                _ZNKSs7compareEjjRKSsjj
 .text._ZNKSs7compareEjjRKSs
                0x0000000000043b40       0xa0 /home/berkeley/nacl_sdk/pepper_42/toolchain/linux_x86_newlib/bin/../lib/gcc/x86_64-nacl/4.4.3/../../../../x86_64-nacl/lib/../lib32/libstdc++.a(string-inst.o)
                0x0000000000043b40                _ZNKSs7compareEjjRKSs
 .text._ZNKSs7compareEPKc
                0x0000000000043be0       0x80 /home/berkeley/nacl_sdk/pepper_42/toolchain/linux_x86_newlib/bin/../lib/gcc/x86_64-nacl/4.4.3/../../../../x86_64-nacl/lib/../lib32/libstdc++.a(string-inst.o)
                0x0000000000043be0                _ZNKSs7compareEPKc
 .text._ZNKSs5rfindEPKcj
                0x0000000000043c60       0x60 /home/berkeley/nacl_sdk/pepper_42/toolchain/linux_x86_newlib/bin/../lib/gcc/x86_64-nacl/4.4.3/../../../../x86_64-nacl/lib/../lib32/libstdc++.a(string-inst.o)
                0x0000000000043c60                _ZNKSs5rfindEPKcj
 .text._ZNKSs4findEPKcj
                0x0000000000043cc0       0x60 /home/berkeley/nacl_sdk/pepper_42/toolchain/linux_x86_newlib/bin/../lib/gcc/x86_64-nacl/4.4.3/../../../../x86_64-nacl/lib/../lib32/libstdc++.a(string-inst.o)
                0x0000000000043cc0                _ZNKSs4findEPKcj
 .text._ZNKSs16find_last_not_ofEPKcj
                0x0000000000043d20       0x60 /home/berkeley/nacl_sdk/pepper_42/toolchain/linux_x86_newlib/bin/../lib/gcc/x86_64-nacl/4.4.3/../../../../x86_64-nacl/lib/../lib32/libstdc++.a(string-inst.o)
                0x0000000000043d20                _ZNKSs16find_last_not_ofEPKcj
 .text._ZNKSs17find_first_not_ofEPKcj
                0x0000000000043d80       0x60 /home/berkeley/nacl_sdk/pepper_42/toolchain/linux_x86_newlib/bin/../lib/gcc/x86_64-nacl/4.4.3/../../../../x86_64-nacl/lib/../lib32/libstdc++.a(string-inst.o)
                0x0000000000043d80                _ZNKSs17find_first_not_ofEPKcj
 .text._ZNKSs12find_last_ofEPKcj
                0x0000000000043de0       0x60 /home/berkeley/nacl_sdk/pepper_42/toolchain/linux_x86_newlib/bin/../lib/gcc/x86_64-nacl/4.4.3/../../../../x86_64-nacl/lib/../lib32/libstdc++.a(string-inst.o)
                0x0000000000043de0                _ZNKSs12find_last_ofEPKcj
 .text._ZNKSs13find_first_ofEPKcj
                0x0000000000043e40       0x60 /home/berkeley/nacl_sdk/pepper_42/toolchain/linux_x86_newlib/bin/../lib/gcc/x86_64-nacl/4.4.3/../../../../x86_64-nacl/lib/../lib32/libstdc++.a(string-inst.o)
                0x0000000000043e40                _ZNKSs13find_first_ofEPKcj
 .text._ZNKSs7compareEjjPKc
                0x0000000000043ea0       0xa0 /home/berkeley/nacl_sdk/pepper_42/toolchain/linux_x86_newlib/bin/../lib/gcc/x86_64-nacl/4.4.3/../../../../x86_64-nacl/lib/../lib32/libstdc++.a(string-inst.o)
                0x0000000000043ea0                _ZNKSs7compareEjjPKc
 .text._ZNSs13_S_copy_charsEPcS_S_
                0x0000000000043f40       0x60 /home/berkeley/nacl_sdk/pepper_42/toolchain/linux_x86_newlib/bin/../lib/gcc/x86_64-nacl/4.4.3/../../../../x86_64-nacl/lib/../lib32/libstdc++.a(string-inst.o)
                0x0000000000043f40                _ZNSs13_S_copy_charsEPcS_S_
 .text._ZNSs13_S_copy_charsEPcPKcS1_
                0x0000000000043fa0       0x60 /home/berkeley/nacl_sdk/pepper_42/toolchain/linux_x86_newlib/bin/../lib/gcc/x86_64-nacl/4.4.3/../../../../x86_64-nacl/lib/../lib32/libstdc++.a(string-inst.o)
                0x0000000000043fa0                _ZNSs13_S_copy_charsEPcPKcS1_
 .text._ZNSs13_S_copy_charsEPcN9__gnu_cxx17__normal_iteratorIPKcSsEES4_
                0x0000000000044000       0x60 /home/berkeley/nacl_sdk/pepper_42/toolchain/linux_x86_newlib/bin/../lib/gcc/x86_64-nacl/4.4.3/../../../../x86_64-nacl/lib/../lib32/libstdc++.a(string-inst.o)
                0x0000000000044000                _ZNSs13_S_copy_charsEPcN9__gnu_cxx17__normal_iteratorIPKcSsEES4_
 .text._ZNSs13_S_copy_charsEPcN9__gnu_cxx17__normal_iteratorIS_SsEES2_
                0x0000000000044060       0x60 /home/berkeley/nacl_sdk/pepper_42/toolchain/linux_x86_newlib/bin/../lib/gcc/x86_64-nacl/4.4.3/../../../../x86_64-nacl/lib/../lib32/libstdc++.a(string-inst.o)
                0x0000000000044060                _ZNSs13_S_copy_charsEPcN9__gnu_cxx17__normal_iteratorIS_SsEES2_
 .text._ZNSs4_Rep8_M_cloneERKSaIcEj
                0x00000000000440c0      0x100 /home/berkeley/nacl_sdk/pepper_42/toolchain/linux_x86_newlib/bin/../lib/gcc/x86_64-nacl/4.4.3/../../../../x86_64-nacl/lib/../lib32/libstdc++.a(string-inst.o)
                0x00000000000440c0                _ZNSs4_Rep8_M_cloneERKSaIcEj
 .text._ZNSs4_Rep7_M_grabERKSaIcES2_
                0x00000000000441c0       0xa0 /home/berkeley/nacl_sdk/pepper_42/toolchain/linux_x86_newlib/bin/../lib/gcc/x86_64-nacl/4.4.3/../../../../x86_64-nacl/lib/../lib32/libstdc++.a(string-inst.o)
                0x00000000000441c0                _ZNSs4_Rep7_M_grabERKSaIcES2_
 .text._ZNSsC1ERKSs
                0x0000000000044260       0xe0 /home/berkeley/nacl_sdk/pepper_42/toolchain/linux_x86_newlib/bin/../lib/gcc/x86_64-nacl/4.4.3/../../../../x86_64-nacl/lib/../lib32/libstdc++.a(string-inst.o)
                0x0000000000044260                _ZNSsC1ERKSs
 .text._ZNSsC2ERKSs
                0x0000000000044340       0xe0 /home/berkeley/nacl_sdk/pepper_42/toolchain/linux_x86_newlib/bin/../lib/gcc/x86_64-nacl/4.4.3/../../../../x86_64-nacl/lib/../lib32/libstdc++.a(string-inst.o)
                0x0000000000044340                _ZNSsC2ERKSs
 .text._ZNKSs4copyEPcjj
                0x0000000000044420       0xe0 /home/berkeley/nacl_sdk/pepper_42/toolchain/linux_x86_newlib/bin/../lib/gcc/x86_64-nacl/4.4.3/../../../../x86_64-nacl/lib/../lib32/libstdc++.a(string-inst.o)
                0x0000000000044420                _ZNKSs4copyEPcjj
 .text._ZNSs12_S_constructIPKcEEPcT_S3_RKSaIcESt20forward_iterator_tag
                0x0000000000044500      0x180 /home/berkeley/nacl_sdk/pepper_42/toolchain/linux_x86_newlib/bin/../lib/gcc/x86_64-nacl/4.4.3/../../../../x86_64-nacl/lib/../lib32/libstdc++.a(string-inst.o)
                0x0000000000044500                _ZNSs12_S_constructIPKcEEPcT_S3_RKSaIcESt20forward_iterator_tag
 .text._ZNSsC1IPKcEET_S2_RKSaIcE
                0x0000000000044680       0x60 /home/berkeley/nacl_sdk/pepper_42/toolchain/linux_x86_newlib/bin/../lib/gcc/x86_64-nacl/4.4.3/../../../../x86_64-nacl/lib/../lib32/libstdc++.a(string-inst.o)
                0x0000000000044680                _ZNSsC1IPKcEET_S2_RKSaIcE
 .text._ZNSsC2IPKcEET_S2_RKSaIcE
                0x00000000000446e0       0x60 /home/berkeley/nacl_sdk/pepper_42/toolchain/linux_x86_newlib/bin/../lib/gcc/x86_64-nacl/4.4.3/../../../../x86_64-nacl/lib/../lib32/libstdc++.a(string-inst.o)
                0x00000000000446e0                _ZNSsC2IPKcEET_S2_RKSaIcE
 .text._ZNSsC1ESt16initializer_listIcERKSaIcE
                0x0000000000044740       0x60 /home/berkeley/nacl_sdk/pepper_42/toolchain/linux_x86_newlib/bin/../lib/gcc/x86_64-nacl/4.4.3/../../../../x86_64-nacl/lib/../lib32/libstdc++.a(string-inst.o)
                0x0000000000044740                _ZNSsC1ESt16initializer_listIcERKSaIcE
 .text._ZNSsC2ESt16initializer_listIcERKSaIcE
                0x00000000000447a0       0x60 /home/berkeley/nacl_sdk/pepper_42/toolchain/linux_x86_newlib/bin/../lib/gcc/x86_64-nacl/4.4.3/../../../../x86_64-nacl/lib/../lib32/libstdc++.a(string-inst.o)
                0x00000000000447a0                _ZNSsC2ESt16initializer_listIcERKSaIcE
 .text._ZNSsC1EPKcRKSaIcE
                0x0000000000044800       0x80 /home/berkeley/nacl_sdk/pepper_42/toolchain/linux_x86_newlib/bin/../lib/gcc/x86_64-nacl/4.4.3/../../../../x86_64-nacl/lib/../lib32/libstdc++.a(string-inst.o)
                0x0000000000044800                _ZNSsC1EPKcRKSaIcE
 .text._ZNSsC2EPKcRKSaIcE
                0x0000000000044880       0x80 /home/berkeley/nacl_sdk/pepper_42/toolchain/linux_x86_newlib/bin/../lib/gcc/x86_64-nacl/4.4.3/../../../../x86_64-nacl/lib/../lib32/libstdc++.a(string-inst.o)
                0x0000000000044880                _ZNSsC2EPKcRKSaIcE
 .text._ZNSsC1EPKcjRKSaIcE
                0x0000000000044900       0x60 /home/berkeley/nacl_sdk/pepper_42/toolchain/linux_x86_newlib/bin/../lib/gcc/x86_64-nacl/4.4.3/../../../../x86_64-nacl/lib/../lib32/libstdc++.a(string-inst.o)
                0x0000000000044900                _ZNSsC1EPKcjRKSaIcE
 .text._ZNSsC2EPKcjRKSaIcE
                0x0000000000044960       0x60 /home/berkeley/nacl_sdk/pepper_42/toolchain/linux_x86_newlib/bin/../lib/gcc/x86_64-nacl/4.4.3/../../../../x86_64-nacl/lib/../lib32/libstdc++.a(string-inst.o)
                0x0000000000044960                _ZNSsC2EPKcjRKSaIcE
 .text._ZNSs12_S_constructIPcEES0_T_S1_RKSaIcESt20forward_iterator_tag
                0x00000000000449c0      0x180 /home/berkeley/nacl_sdk/pepper_42/toolchain/linux_x86_newlib/bin/../lib/gcc/x86_64-nacl/4.4.3/../../../../x86_64-nacl/lib/../lib32/libstdc++.a(string-inst.o)
                0x00000000000449c0                _ZNSs12_S_constructIPcEES0_T_S1_RKSaIcESt20forward_iterator_tag
 .text._ZNSsC1IPcEET_S1_RKSaIcE
                0x0000000000044b40       0x60 /home/berkeley/nacl_sdk/pepper_42/toolchain/linux_x86_newlib/bin/../lib/gcc/x86_64-nacl/4.4.3/../../../../x86_64-nacl/lib/../lib32/libstdc++.a(string-inst.o)
                0x0000000000044b40                _ZNSsC1IPcEET_S1_RKSaIcE
 .text._ZNSsC2IPcEET_S1_RKSaIcE
                0x0000000000044ba0       0x60 /home/berkeley/nacl_sdk/pepper_42/toolchain/linux_x86_newlib/bin/../lib/gcc/x86_64-nacl/4.4.3/../../../../x86_64-nacl/lib/../lib32/libstdc++.a(string-inst.o)
                0x0000000000044ba0                _ZNSsC2IPcEET_S1_RKSaIcE
 .text._ZNSsC1ERKSsjjRKSaIcE
                0x0000000000044c00       0xa0 /home/berkeley/nacl_sdk/pepper_42/toolchain/linux_x86_newlib/bin/../lib/gcc/x86_64-nacl/4.4.3/../../../../x86_64-nacl/lib/../lib32/libstdc++.a(string-inst.o)
                0x0000000000044c00                _ZNSsC1ERKSsjjRKSaIcE
 .text._ZNSsC2ERKSsjjRKSaIcE
                0x0000000000044ca0       0xa0 /home/berkeley/nacl_sdk/pepper_42/toolchain/linux_x86_newlib/bin/../lib/gcc/x86_64-nacl/4.4.3/../../../../x86_64-nacl/lib/../lib32/libstdc++.a(string-inst.o)
                0x0000000000044ca0                _ZNSsC2ERKSsjjRKSaIcE
 .text._ZNSsC1ERKSsjj
                0x0000000000044d40       0xc0 /home/berkeley/nacl_sdk/pepper_42/toolchain/linux_x86_newlib/bin/../lib/gcc/x86_64-nacl/4.4.3/../../../../x86_64-nacl/lib/../lib32/libstdc++.a(string-inst.o)
                0x0000000000044d40                _ZNSsC1ERKSsjj
 .text._ZNKSs6substrEjj
                0x0000000000044e00       0x80 /home/berkeley/nacl_sdk/pepper_42/toolchain/linux_x86_newlib/bin/../lib/gcc/x86_64-nacl/4.4.3/../../../../x86_64-nacl/lib/../lib32/libstdc++.a(string-inst.o)
                0x0000000000044e00                _ZNKSs6substrEjj
 .text._ZNSsC2ERKSsjj
                0x0000000000044e80       0xc0 /home/berkeley/nacl_sdk/pepper_42/toolchain/linux_x86_newlib/bin/../lib/gcc/x86_64-nacl/4.4.3/../../../../x86_64-nacl/lib/../lib32/libstdc++.a(string-inst.o)
                0x0000000000044e80                _ZNSsC2ERKSsjj
 .text._ZNSs12_S_constructEjcRKSaIcE
                0x0000000000044f40       0xe0 /home/berkeley/nacl_sdk/pepper_42/toolchain/linux_x86_newlib/bin/../lib/gcc/x86_64-nacl/4.4.3/../../../../x86_64-nacl/lib/../lib32/libstdc++.a(string-inst.o)
                0x0000000000044f40                _ZNSs12_S_constructEjcRKSaIcE
 .text._ZNSsC1EjcRKSaIcE
                0x0000000000045020       0x40 /home/berkeley/nacl_sdk/pepper_42/toolchain/linux_x86_newlib/bin/../lib/gcc/x86_64-nacl/4.4.3/../../../../x86_64-nacl/lib/../lib32/libstdc++.a(string-inst.o)
                0x0000000000045020                _ZNSsC1EjcRKSaIcE
 .text._ZNSsC2EjcRKSaIcE
                0x0000000000045060       0x40 /home/berkeley/nacl_sdk/pepper_42/toolchain/linux_x86_newlib/bin/../lib/gcc/x86_64-nacl/4.4.3/../../../../x86_64-nacl/lib/../lib32/libstdc++.a(string-inst.o)
                0x0000000000045060                _ZNSsC2EjcRKSaIcE
 .text._ZNSsC1ERKSaIcE
                0x00000000000450a0       0x60 /home/berkeley/nacl_sdk/pepper_42/toolchain/linux_x86_newlib/bin/../lib/gcc/x86_64-nacl/4.4.3/../../../../x86_64-nacl/lib/../lib32/libstdc++.a(string-inst.o)
                0x00000000000450a0                _ZNSsC1ERKSaIcE
 .text._ZNSsC2ERKSaIcE
                0x0000000000045100       0x60 /home/berkeley/nacl_sdk/pepper_42/toolchain/linux_x86_newlib/bin/../lib/gcc/x86_64-nacl/4.4.3/../../../../x86_64-nacl/lib/../lib32/libstdc++.a(string-inst.o)
                0x0000000000045100                _ZNSsC2ERKSaIcE
 .text._ZNSs12_S_constructIN9__gnu_cxx17__normal_iteratorIPcSsEEEES2_T_S4_RKSaIcESt20forward_iterator_tag
                0x0000000000045160       0xc0 /home/berkeley/nacl_sdk/pepper_42/toolchain/linux_x86_newlib/bin/../lib/gcc/x86_64-nacl/4.4.3/../../../../x86_64-nacl/lib/../lib32/libstdc++.a(string-inst.o)
                0x0000000000045160                _ZNSs12_S_constructIN9__gnu_cxx17__normal_iteratorIPcSsEEEES2_T_S4_RKSaIcESt20forward_iterator_tag
 .text._ZNSsC1IN9__gnu_cxx17__normal_iteratorIPcSsEEEET_S4_RKSaIcE
                0x0000000000045220       0x60 /home/berkeley/nacl_sdk/pepper_42/toolchain/linux_x86_newlib/bin/../lib/gcc/x86_64-nacl/4.4.3/../../../../x86_64-nacl/lib/../lib32/libstdc++.a(string-inst.o)
                0x0000000000045220                _ZNSsC1IN9__gnu_cxx17__normal_iteratorIPcSsEEEET_S4_RKSaIcE
 .text._ZNSsC2IN9__gnu_cxx17__normal_iteratorIPcSsEEEET_S4_RKSaIcE
                0x0000000000045280       0x60 /home/berkeley/nacl_sdk/pepper_42/toolchain/linux_x86_newlib/bin/../lib/gcc/x86_64-nacl/4.4.3/../../../../x86_64-nacl/lib/../lib32/libstdc++.a(string-inst.o)
                0x0000000000045280                _ZNSsC2IN9__gnu_cxx17__normal_iteratorIPcSsEEEET_S4_RKSaIcE
 .text._ZNSsD1Ev
                0x00000000000452e0       0xc0 /home/berkeley/nacl_sdk/pepper_42/toolchain/linux_x86_newlib/bin/../lib/gcc/x86_64-nacl/4.4.3/../../../../x86_64-nacl/lib/../lib32/libstdc++.a(string-inst.o)
                0x00000000000452e0                _ZNSsD1Ev
 .text._ZNSsD2Ev
                0x00000000000453a0       0xc0 /home/berkeley/nacl_sdk/pepper_42/toolchain/linux_x86_newlib/bin/../lib/gcc/x86_64-nacl/4.4.3/../../../../x86_64-nacl/lib/../lib32/libstdc++.a(string-inst.o)
                0x00000000000453a0                _ZNSsD2Ev
 .text._ZNSs6assignERKSs
                0x0000000000045460      0x1e0 /home/berkeley/nacl_sdk/pepper_42/toolchain/linux_x86_newlib/bin/../lib/gcc/x86_64-nacl/4.4.3/../../../../x86_64-nacl/lib/../lib32/libstdc++.a(string-inst.o)
                0x0000000000045460                _ZNSs6assignERKSs
 .text._ZNSsaSERKSs
                0x0000000000045640       0x20 /home/berkeley/nacl_sdk/pepper_42/toolchain/linux_x86_newlib/bin/../lib/gcc/x86_64-nacl/4.4.3/../../../../x86_64-nacl/lib/../lib32/libstdc++.a(string-inst.o)
                0x0000000000045640                _ZNSsaSERKSs
 .text._ZNSs7reserveEj
                0x0000000000045660      0x180 /home/berkeley/nacl_sdk/pepper_42/toolchain/linux_x86_newlib/bin/../lib/gcc/x86_64-nacl/4.4.3/../../../../x86_64-nacl/lib/../lib32/libstdc++.a(string-inst.o)
                0x0000000000045660                _ZNSs7reserveEj
 .text._ZNSs9push_backEc
                0x00000000000457e0       0xe0 /home/berkeley/nacl_sdk/pepper_42/toolchain/linux_x86_newlib/bin/../lib/gcc/x86_64-nacl/4.4.3/../../../../x86_64-nacl/lib/../lib32/libstdc++.a(string-inst.o)
                0x00000000000457e0                _ZNSs9push_backEc
 .text._ZNSs6appendEjc
                0x00000000000458c0      0x160 /home/berkeley/nacl_sdk/pepper_42/toolchain/linux_x86_newlib/bin/../lib/gcc/x86_64-nacl/4.4.3/../../../../x86_64-nacl/lib/../lib32/libstdc++.a(string-inst.o)
                0x00000000000458c0                _ZNSs6appendEjc
 .text._ZNSs6appendEPKcj
                0x0000000000045a20      0x1a0 /home/berkeley/nacl_sdk/pepper_42/toolchain/linux_x86_newlib/bin/../lib/gcc/x86_64-nacl/4.4.3/../../../../x86_64-nacl/lib/../lib32/libstdc++.a(string-inst.o)
                0x0000000000045a20                _ZNSs6appendEPKcj
 .text._ZNSs6appendEPKc
                0x0000000000045bc0       0x60 /home/berkeley/nacl_sdk/pepper_42/toolchain/linux_x86_newlib/bin/../lib/gcc/x86_64-nacl/4.4.3/../../../../x86_64-nacl/lib/../lib32/libstdc++.a(string-inst.o)
                0x0000000000045bc0                _ZNSs6appendEPKc
 .text._ZNSspLEPKc
                0x0000000000045c20       0x60 /home/berkeley/nacl_sdk/pepper_42/toolchain/linux_x86_newlib/bin/../lib/gcc/x86_64-nacl/4.4.3/../../../../x86_64-nacl/lib/../lib32/libstdc++.a(string-inst.o)
                0x0000000000045c20                _ZNSspLEPKc
 .text._ZNSs6appendERKSsjj
                0x0000000000045c80      0x140 /home/berkeley/nacl_sdk/pepper_42/toolchain/linux_x86_newlib/bin/../lib/gcc/x86_64-nacl/4.4.3/../../../../x86_64-nacl/lib/../lib32/libstdc++.a(string-inst.o)
                0x0000000000045c80                _ZNSs6appendERKSsjj
 .text._ZNSs6appendERKSs
                0x0000000000045dc0      0x120 /home/berkeley/nacl_sdk/pepper_42/toolchain/linux_x86_newlib/bin/../lib/gcc/x86_64-nacl/4.4.3/../../../../x86_64-nacl/lib/../lib32/libstdc++.a(string-inst.o)
                0x0000000000045dc0                _ZNSs6appendERKSs
 .text._ZStplIcSt11char_traitsIcESaIcEESbIT_T0_T1_ERKS6_S8_
                0x0000000000045ee0       0xa0 /home/berkeley/nacl_sdk/pepper_42/toolchain/linux_x86_newlib/bin/../lib/gcc/x86_64-nacl/4.4.3/../../../../x86_64-nacl/lib/../lib32/libstdc++.a(string-inst.o)
                0x0000000000045ee0                _ZStplIcSt11char_traitsIcESaIcEESbIT_T0_T1_ERKS6_S8_
 .text._ZNSspLERKSs
                0x0000000000045f80       0x20 /home/berkeley/nacl_sdk/pepper_42/toolchain/linux_x86_newlib/bin/../lib/gcc/x86_64-nacl/4.4.3/../../../../x86_64-nacl/lib/../lib32/libstdc++.a(string-inst.o)
                0x0000000000045f80                _ZNSspLERKSs
 .text._ZStplIcSt11char_traitsIcESaIcEESbIT_T0_T1_ES3_RKS6_
                0x0000000000045fa0       0xe0 /home/berkeley/nacl_sdk/pepper_42/toolchain/linux_x86_newlib/bin/../lib/gcc/x86_64-nacl/4.4.3/../../../../x86_64-nacl/lib/../lib32/libstdc++.a(string-inst.o)
                0x0000000000045fa0                _ZStplIcSt11char_traitsIcESaIcEESbIT_T0_T1_ES3_RKS6_
 .text._ZStplIcSt11char_traitsIcESaIcEESbIT_T0_T1_EPKS3_RKS6_
                0x0000000000046080       0xe0 /home/berkeley/nacl_sdk/pepper_42/toolchain/linux_x86_newlib/bin/../lib/gcc/x86_64-nacl/4.4.3/../../../../x86_64-nacl/lib/../lib32/libstdc++.a(string-inst.o)
                0x0000000000046080                _ZStplIcSt11char_traitsIcESaIcEESbIT_T0_T1_EPKS3_RKS6_
 .text._ZNSspLEc
                0x0000000000046160       0xc0 /home/berkeley/nacl_sdk/pepper_42/toolchain/linux_x86_newlib/bin/../lib/gcc/x86_64-nacl/4.4.3/../../../../x86_64-nacl/lib/../lib32/libstdc++.a(string-inst.o)
                0x0000000000046160                _ZNSspLEc
 .text._ZNSs9_M_mutateEjjj
                0x0000000000046220      0x300 /home/berkeley/nacl_sdk/pepper_42/toolchain/linux_x86_newlib/bin/../lib/gcc/x86_64-nacl/4.4.3/../../../../x86_64-nacl/lib/../lib32/libstdc++.a(string-inst.o)
                0x0000000000046220                _ZNSs9_M_mutateEjjj
 .text._ZNSs15_M_replace_safeEjjPKcj
                0x0000000000046520       0xe0 /home/berkeley/nacl_sdk/pepper_42/toolchain/linux_x86_newlib/bin/../lib/gcc/x86_64-nacl/4.4.3/../../../../x86_64-nacl/lib/../lib32/libstdc++.a(string-inst.o)
                0x0000000000046520                _ZNSs15_M_replace_safeEjjPKcj
 .text._ZNSs6assignEPKcj
                0x0000000000046600      0x1a0 /home/berkeley/nacl_sdk/pepper_42/toolchain/linux_x86_newlib/bin/../lib/gcc/x86_64-nacl/4.4.3/../../../../x86_64-nacl/lib/../lib32/libstdc++.a(string-inst.o)
                0x0000000000046600                _ZNSs6assignEPKcj
 .text._ZNSs6assignEPKc
                0x00000000000467a0       0x60 /home/berkeley/nacl_sdk/pepper_42/toolchain/linux_x86_newlib/bin/../lib/gcc/x86_64-nacl/4.4.3/../../../../x86_64-nacl/lib/../lib32/libstdc++.a(string-inst.o)
                0x00000000000467a0                _ZNSs6assignEPKc
 .text._ZNSs6assignERKSsjj
                0x0000000000046800       0x80 /home/berkeley/nacl_sdk/pepper_42/toolchain/linux_x86_newlib/bin/../lib/gcc/x86_64-nacl/4.4.3/../../../../x86_64-nacl/lib/../lib32/libstdc++.a(string-inst.o)
                0x0000000000046800                _ZNSs6assignERKSsjj
 .text._ZNSsaSEPKc
                0x0000000000046880       0x60 /home/berkeley/nacl_sdk/pepper_42/toolchain/linux_x86_newlib/bin/../lib/gcc/x86_64-nacl/4.4.3/../../../../x86_64-nacl/lib/../lib32/libstdc++.a(string-inst.o)
                0x0000000000046880                _ZNSsaSEPKc
 .text._ZNSs14_M_replace_auxEjjjc
                0x00000000000468e0      0x120 /home/berkeley/nacl_sdk/pepper_42/toolchain/linux_x86_newlib/bin/../lib/gcc/x86_64-nacl/4.4.3/../../../../x86_64-nacl/lib/../lib32/libstdc++.a(string-inst.o)
                0x00000000000468e0                _ZNSs14_M_replace_auxEjjjc
 .text._ZNSs7replaceEN9__gnu_cxx17__normal_iteratorIPcSsEES2_jc
                0x0000000000046a00       0x40 /home/berkeley/nacl_sdk/pepper_42/toolchain/linux_x86_newlib/bin/../lib/gcc/x86_64-nacl/4.4.3/../../../../x86_64-nacl/lib/../lib32/libstdc++.a(string-inst.o)
                0x0000000000046a00                _ZNSs7replaceEN9__gnu_cxx17__normal_iteratorIPcSsEES2_jc
 .text._ZNSs7replaceEjjjc
                0x0000000000046a40       0x80 /home/berkeley/nacl_sdk/pepper_42/toolchain/linux_x86_newlib/bin/../lib/gcc/x86_64-nacl/4.4.3/../../../../x86_64-nacl/lib/../lib32/libstdc++.a(string-inst.o)
                0x0000000000046a40                _ZNSs7replaceEjjjc
 .text._ZNSs6insertEN9__gnu_cxx17__normal_iteratorIPcSsEEc
                0x0000000000046ac0       0x80 /home/berkeley/nacl_sdk/pepper_42/toolchain/linux_x86_newlib/bin/../lib/gcc/x86_64-nacl/4.4.3/../../../../x86_64-nacl/lib/../lib32/libstdc++.a(string-inst.o)
                0x0000000000046ac0                _ZNSs6insertEN9__gnu_cxx17__normal_iteratorIPcSsEEc
 .text._ZNSs6insertEjjc
                0x0000000000046b40       0x80 /home/berkeley/nacl_sdk/pepper_42/toolchain/linux_x86_newlib/bin/../lib/gcc/x86_64-nacl/4.4.3/../../../../x86_64-nacl/lib/../lib32/libstdc++.a(string-inst.o)
                0x0000000000046b40                _ZNSs6insertEjjc
 .text._ZNSs6assignEjc
                0x0000000000046bc0       0x60 /home/berkeley/nacl_sdk/pepper_42/toolchain/linux_x86_newlib/bin/../lib/gcc/x86_64-nacl/4.4.3/../../../../x86_64-nacl/lib/../lib32/libstdc++.a(string-inst.o)
                0x0000000000046bc0                _ZNSs6assignEjc
 .text._ZNSs6insertEN9__gnu_cxx17__normal_iteratorIPcSsEEjc
                0x0000000000046c20       0x60 /home/berkeley/nacl_sdk/pepper_42/toolchain/linux_x86_newlib/bin/../lib/gcc/x86_64-nacl/4.4.3/../../../../x86_64-nacl/lib/../lib32/libstdc++.a(string-inst.o)
                0x0000000000046c20                _ZNSs6insertEN9__gnu_cxx17__normal_iteratorIPcSsEEjc
 .text._ZNSsaSEc
                0x0000000000046c80       0x60 /home/berkeley/nacl_sdk/pepper_42/toolchain/linux_x86_newlib/bin/../lib/gcc/x86_64-nacl/4.4.3/../../../../x86_64-nacl/lib/../lib32/libstdc++.a(string-inst.o)
                0x0000000000046c80                _ZNSsaSEc
 .text._ZNSs5eraseEN9__gnu_cxx17__normal_iteratorIPcSsEES2_
                0x0000000000046ce0       0x80 /home/berkeley/nacl_sdk/pepper_42/toolchain/linux_x86_newlib/bin/../lib/gcc/x86_64-nacl/4.4.3/../../../../x86_64-nacl/lib/../lib32/libstdc++.a(string-inst.o)
                0x0000000000046ce0                _ZNSs5eraseEN9__gnu_cxx17__normal_iteratorIPcSsEES2_
 .text._ZNSs5eraseEN9__gnu_cxx17__normal_iteratorIPcSsEE
                0x0000000000046d60       0x80 /home/berkeley/nacl_sdk/pepper_42/toolchain/linux_x86_newlib/bin/../lib/gcc/x86_64-nacl/4.4.3/../../../../x86_64-nacl/lib/../lib32/libstdc++.a(string-inst.o)
                0x0000000000046d60                _ZNSs5eraseEN9__gnu_cxx17__normal_iteratorIPcSsEE
 .text._ZNSs5eraseEjj
                0x0000000000046de0       0x80 /home/berkeley/nacl_sdk/pepper_42/toolchain/linux_x86_newlib/bin/../lib/gcc/x86_64-nacl/4.4.3/../../../../x86_64-nacl/lib/../lib32/libstdc++.a(string-inst.o)
                0x0000000000046de0                _ZNSs5eraseEjj
 .text._ZNSs6insertEjPKcj
                0x0000000000046e60      0x300 /home/berkeley/nacl_sdk/pepper_42/toolchain/linux_x86_newlib/bin/../lib/gcc/x86_64-nacl/4.4.3/../../../../x86_64-nacl/lib/../lib32/libstdc++.a(string-inst.o)
                0x0000000000046e60                _ZNSs6insertEjPKcj
 .text._ZNSs6insertEjPKc
                0x0000000000047160       0x60 /home/berkeley/nacl_sdk/pepper_42/toolchain/linux_x86_newlib/bin/../lib/gcc/x86_64-nacl/4.4.3/../../../../x86_64-nacl/lib/../lib32/libstdc++.a(string-inst.o)
                0x0000000000047160                _ZNSs6insertEjPKc
 .text._ZNSs6insertEjRKSsjj
                0x00000000000471c0       0x80 /home/berkeley/nacl_sdk/pepper_42/toolchain/linux_x86_newlib/bin/../lib/gcc/x86_64-nacl/4.4.3/../../../../x86_64-nacl/lib/../lib32/libstdc++.a(string-inst.o)
                0x00000000000471c0                _ZNSs6insertEjRKSsjj
 .text._ZNSs6insertEjRKSs
                0x0000000000047240       0x60 /home/berkeley/nacl_sdk/pepper_42/toolchain/linux_x86_newlib/bin/../lib/gcc/x86_64-nacl/4.4.3/../../../../x86_64-nacl/lib/../lib32/libstdc++.a(string-inst.o)
                0x0000000000047240                _ZNSs6insertEjRKSs
 .text._ZNSs5clearEv
                0x00000000000472a0       0x60 /home/berkeley/nacl_sdk/pepper_42/toolchain/linux_x86_newlib/bin/../lib/gcc/x86_64-nacl/4.4.3/../../../../x86_64-nacl/lib/../lib32/libstdc++.a(string-inst.o)
                0x00000000000472a0                _ZNSs5clearEv
 .text._ZNSs12_M_leak_hardEv
                0x0000000000047300       0xc0 /home/berkeley/nacl_sdk/pepper_42/toolchain/linux_x86_newlib/bin/../lib/gcc/x86_64-nacl/4.4.3/../../../../x86_64-nacl/lib/../lib32/libstdc++.a(string-inst.o)
                0x0000000000047300                _ZNSs12_M_leak_hardEv
 .text._ZNSs7_M_leakEv
                0x00000000000473c0       0x40 /home/berkeley/nacl_sdk/pepper_42/toolchain/linux_x86_newlib/bin/../lib/gcc/x86_64-nacl/4.4.3/../../../../x86_64-nacl/lib/../lib32/libstdc++.a(string-inst.o)